 ConEmuTh.x64

 Timestamp is 54861ad6 (Tue Dec 09 00:40:38 2014)

 Preferred load address is 0000000180000000

 Start         Length     Name                   Class
 0001:00000000 00017674H .text                   CODE
 0001:00017680 0000005eH .text$00                CODE
 0001:000176e0 0000013cH .text$x                 CODE
 0002:00000000 00000600H .idata$5                DATA
 0002:00000600 00000008H .CRT$XCA                DATA
 0002:00000608 00000008H .CRT$XCZ                DATA
 0002:00000610 00000008H .CRT$XIA                DATA
 0002:00000618 00000010H .CRT$XIC                DATA
 0002:00000628 00000008H .CRT$XIZ                DATA
 0002:00000630 00000008H .CRT$XPA                DATA
 0002:00000638 00000008H .CRT$XPZ                DATA
 0002:00000640 00000008H .CRT$XTA                DATA
 0002:00000648 00000008H .CRT$XTZ                DATA
 0002:00000650 00002498H .rdata                  DATA
 0002:00002ae8 00000008H .rtc$IAA                DATA
 0002:00002af0 00000008H .rtc$IZZ                DATA
 0002:00002af8 00000008H .rtc$TAA                DATA
 0002:00002b00 00000008H .rtc$TZZ                DATA
 0002:00002b08 00000d18H .xdata                  DATA
 0002:00003820 0000008cH .idata$2                DATA
 0002:000038ac 00000014H .idata$3                DATA
 0002:000038c0 00000600H .idata$4                DATA
 0002:00003ec0 00000d06H .idata$6                DATA
 0002:00004bd0 0000016cH .edata                  DATA
 0003:00000000 000010ecH .data                   DATA
 0003:00001100 00022780H .bss                    DATA
 0004:00000000 0000108cH .pdata                  DATA
 0005:00000000 000000e8H .rsrc$01                DATA
 0005:000000f0 000013a8H .rsrc$02                DATA

  Address         Publics by Value              Rva+Base               Lib:Object

 0000:00000000       ___safe_se_handler_count   0000000000000000     <absolute>
 0000:00000000       ___safe_se_handler_table   0000000000000000     <absolute>
 0000:00000000       __ImageBase                0000000180000000     <linker-defined>
 0001:00000000       ?PointToName@@YAPEB_WPEB_W@Z 0000000180001000 f   CmdLine.obj
 0001:0000005c       ?CommonShutdown@@YAXXZ     000000018000105c f   Common.obj
 0001:00000084       ?ExecutePrepareCmd@@YAXPEAUCESERVER_REQ_HDR@@K_K@Z 0000000180001084 f   ConEmuCheck.obj
 0001:000000f4       ?ExecuteFreeResult@@YAXAEAPEAUCESERVER_REQ@@@Z 00000001800010f4 f   ConEmuCheck.obj
 0001:00000114       ?StringCchCopyW@@YAJPEA_W_KPEB_W@Z 0000000180001114 f i ConEmuCheck.obj
 0001:00000180       ?ExecutePrepareCmd@@YAXPEAUCESERVER_REQ@@K_K@Z 0000000180001180 f   ConEmuCheck.obj
 0001:000001bc       ?ExecuteNewCmd@@YAPEAUCESERVER_REQ@@K_K@Z 00000001800011bc f   ConEmuCheck.obj
 0001:00000220       ??$wcscpy_c@$0CA@@@YAHAEAY0CA@_WPEB_W@Z 0000000180001220 f i ConEmuCheck.obj
 0001:0000026c       ??$wcscpy_c@$0CAI@@@YAHAEAY0CAI@_WPEB_W@Z 000000018000126c f i ConEmuCheck.obj
 0001:000002b8       ?ModuleName@@YAPEB_WPEB_W@Z 00000001800012b8 f   ConEmuCheck.obj
 0001:00000354       ?ExecuteOpenPipe@@YAPEAXPEB_WAEAY0CAI@_W0KKHPEAX@Z 0000000180001354 f   ConEmuCheck.obj
 0001:00000508       ?ExecuteCmd@@YAPEAUCESERVER_REQ@@PEB_WPEAU1@KPEAUHWND__@@HK@Z 0000000180001508 f   ConEmuCheck.obj
 0001:000006f0       ?ExecuteGuiCmd@@YAPEAUCESERVER_REQ@@PEAUHWND__@@PEAU1@0H@Z 00000001800016f0 f   ConEmuCheck.obj
 0001:00000980       GetMinFarVersionW          0000000180001980 f   ConEmuTh.obj
 0001:00000988       ?GetPluginInfoWcmn@@YAXPEAX@Z 0000000180001988 f   ConEmuTh.obj
 0001:000009b8       ?GetMainThreadId@@YAKXZ    00000001800019b8 f   ConEmuTh.obj
 0001:00000bb4       ?LoadFarVersion@@YAHXZ     0000000180001bb4 f   ConEmuTh.obj
 0001:00000c04       ?OpenW@@YAPEAXPEBUOpenInfo@@@Z 0000000180001c04 f   ConEmuTh.obj
 0001:00000c34       ?ShowMessage@@YAHHH@Z      0000000180001c34 f   ConEmuTh.obj
 0001:00000c80       ?GetMsgW@@YAPEB_WH@Z       0000000180001c80 f   ConEmuTh.obj
 0001:00000ccc       ?PostMacro@@YAXPEA_W@Z     0000000180001ccc f   ConEmuTh.obj
 0001:00000e5c       ?ShowPluginMenu@@YAHXZ     0000000180001e5c f   ConEmuTh.obj
 0001:00000ea8       ?CheckPanelSettings@@YAHH@Z 0000000180001ea8 f   ConEmuTh.obj
 0001:00000ef4       ?LoadPanelItemInfo@@YAXPEAUCeFullPanelInfo@@_J@Z 0000000180001ef4 f   ConEmuTh.obj
 0001:00000f40       ?GetActivePanel@@YAPEAUCeFullPanelInfo@@XZ 0000000180001f40 f   ConEmuTh.obj
 0001:00000f84       ?ResetUngetBuffer@@YAXXZ   0000000180001f84 f   ConEmuTh.obj
 0001:00000f94       ?OnPreReadConsole@@YAHPEAXPEAU_INPUT_RECORD@@KPEAKPEAH@Z 0000000180001f94 f   ConEmuTh.obj
 0001:00000fb0       ?ShowLastError@@YAHXZ      0000000180001fb0 f   ConEmuTh.obj
 0001:0000102c       ?GetFocusedThumbnails@@YAPEAUCeFullPanelInfo@@XZ 000000018000202c f   ConEmuTh.obj
 0001:00001088       ?CheckWindows@@YA_NXZ      0000000180002088 f   ConEmuTh.obj
 0001:00001128       ?CheckVarsInitialized@@YAXXZ 0000000180002128 f   ConEmuTh.obj
 0001:00001260       ?ExecuteInMainThread@@YAXPEAUConEmuThSynchroArg@@@Z 0000000180002260 f   ConEmuTh.obj
 0001:000012e4       ?GetFarRect@@YAHPEAU_SMALL_RECT@@@Z 00000001800022e4 f   ConEmuTh.obj
 0001:00001360       ?SettingsLoad@@YAHPEB_WPEAK@Z 0000000180002360 f   ConEmuTh.obj
 0001:000013ac       ?SettingsLoadReg@@YAHPEB_W0PEAK@Z 00000001800023ac f   ConEmuTh.obj
 0001:0000144c       ?SettingsSave@@YAXPEB_WPEAK@Z 000000018000244c f   ConEmuTh.obj
 0001:00001498       ?SettingsSaveReg@@YAXPEB_W0PEAK@Z 0000000180002498 f   ConEmuTh.obj
 0001:00001520       ?SavePanelViewState@@YAXHK@Z 0000000180002520 f   ConEmuTh.obj
 0001:00001560       ?isPreloadByDefault@@YA_NXZ 0000000180002560 f   ConEmuTh.obj
 0001:00001588       ?FreeUserData@CePluginPanelItem@@QEAAXXZ 0000000180002588 f   ConEmuTh.obj
 0001:000015dc       ?FreeItem@CePluginPanelItem@@QEAAXXZ 00000001800025dc f   ConEmuTh.obj
 0001:000015fc       DllMain                    00000001800025fc f   ConEmuTh.obj
 0001:000016a4       ?ReloadResourcesW@@YAXXZ   00000001800026a4 f   ConEmuTh.obj
 0001:00001740       ?ReloadPanelsInfo@@YAXXZ   0000000180002740 f   ConEmuTh.obj
 0001:00001904       ?OnPreWriteConsoleOutput@@YAHPEAXPEBU_CHAR_INFO@@U_COORD@@2PEAU_SMALL_RECT@@@Z 0000000180002904 f   ConEmuTh.obj
 0001:00001a80       ?IsThumbnailsActive@@YAPEAUCeFullPanelInfo@@H@Z 0000000180002a80 f   ConEmuTh.obj
 0001:00001c6c       ?SettingsLoadOther@@YAXPEB_W@Z 0000000180002c6c f   ConEmuTh.obj
 0001:00001dcc       ?ProcessConsoleInput@@YAHHPEAU_INPUT_RECORD@@KPEAK@Z 0000000180002dcc f   ConEmuTh.obj
 0001:000020f4       ?UpdateEnvVar@@YAXH@Z      00000001800030f4 f   ConEmuTh.obj
 0001:00002124       ?InitName@?$MFileMapping@UPanelViewSetMapping@@@@QEAAPEB_WPEB_WKK@Z 0000000180003124 f i ConEmuTh.obj
 0001:00002124       ?InitName@?$MFileMapping@Utag_DetectedDialog@@@@QEAAPEB_WPEB_WKK@Z 0000000180003124 f i ConEmuTh.obj
 0001:000021bc       ?InternalOpenCreate@?$MFileMapping@Utag_DetectedDialog@@@@IEAAPEAUtag_DetectedDialog@@HHH@Z 00000001800031bc f i ConEmuTh.obj
 0001:0000236c       ?InternalOpenCreate@?$MFileMapping@UPanelViewSetMapping@@@@IEAAPEAUPanelViewSetMapping@@HHH@Z 000000018000336c f i ConEmuTh.obj
 0001:0000251c       ?OnPostPeekConsole@@YAHPEAXPEAU_INPUT_RECORD@@KPEAKPEAH@Z 000000018000351c f   ConEmuTh.obj
 0001:0000255c       ?OnPostReadConsole@@YAHPEAXPEAU_INPUT_RECORD@@KPEAKPEAH@Z 000000018000355c f   ConEmuTh.obj
 0001:000025a0       ?ExitPlugin@@YAXXZ         00000001800035a0 f   ConEmuTh.obj
 0001:00002700       ?ExitFARW3@@YAXPEAX@Z      0000000180003700 f   ConEmuTh.obj
 0001:00002700       ExitFARW                   0000000180003700 f   ConEmuTh.obj
 0001:0000273c       ?OnReadyForPanelsReload@@YAXXZ 000000018000373c f   ConEmuTh.obj
 0001:000028ac       ?ProcessSynchroEventCommon@@YAHHPEAX@Z 00000001800038ac f   ConEmuTh.obj
 0001:00002a18       ProcessSynchroEventW       0000000180003a18 f   ConEmuTh.obj
 0001:00002a20       ?LoadThSet@@YAHK@Z         0000000180003a20 f   ConEmuTh.obj
 0001:00002c3c       ?CheckConEmu@@YAHH@Z       0000000180003c3c f   ConEmuTh.obj
 0001:00002d44       ?StartPlugin@@YAXH@Z       0000000180003d44 f   ConEmuTh.obj
 0001:00002ea8       ?OnPrePeekConsole@@YAHPEAXPEAU_INPUT_RECORD@@KPEAKPEAH@Z 0000000180003ea8 f   ConEmuTh.obj
 0001:00002f6c       ?EntryPoint@@YAXH_J_N@Z    0000000180003f6c f   ConEmuTh.obj
 0001:00003144       SetStartupInfoW            0000000180004144 f   ConEmuTh.obj
 0001:000031a4       ?OpenPluginWcmn@@YAPEAXH_J_N@Z 00000001800041a4 f   ConEmuTh.obj
 0001:00003210       ?Color2FgIndex@Far3Color@@SAXKAEAGPEBK@Z 0000000180004210 f i ConEmuTh1900.obj
 0001:00003300       ?Color2BgIndex@Far3Color@@SAXKHAEAGPEBK@Z 0000000180004300 f i ConEmuTh1900.obj
 0001:00003414       ?FarColor_3_2@@YAEAEBUFarColor@@@Z 0000000180004414 f i ConEmuTh1900.obj
 0001:000034c0       ?GetPluginInfoW1900@@YAXPEAX@Z 00000001800044c0 f   ConEmuTh1900.obj
 0001:00003530       ?SetStartupInfoW1900@@YAXPEAX@Z 0000000180004530 f   ConEmuTh1900.obj
 0001:0000366c       ?OpenW1900@@YAPEAXPEBX@Z   000000018000466c f   ConEmuTh1900.obj
 0001:000036d8       ?ExitFARW1900@@YAXXZ       00000001800046d8 f   ConEmuTh1900.obj
 0001:00003714       ?ShowMessageW1900@@YAHPEB_WH@Z 0000000180004714 f   ConEmuTh1900.obj
 0001:000037a4       ?ShowMessageW1900@@YAHHH@Z 00000001800047a4 f   ConEmuTh1900.obj
 0001:000037e8       ?GetMsgW1900@@YAPEB_WH@Z   00000001800047e8 f   ConEmuTh1900.obj
 0001:0000381c       ?PostMacroW1900@@YAXPEA_W@Z 000000018000481c f   ConEmuTh1900.obj
 0001:000038a8       ?ShowPluginMenuW1900@@YAHXZ 00000001800048a8 f   ConEmuTh1900.obj
 0001:00003b24       ?LoadPanelItemInfoW1900@@YAXPEAUCeFullPanelInfo@@_J@Z 0000000180004b24 f   ConEmuTh1900.obj
 0001:00003ee8       ?LoadPanelInfoW1900@@YAHH@Z 0000000180004ee8 f   ConEmuTh1900.obj
 0001:0000434c       ?ReloadPanelsInfoW1900@@YAXXZ 000000018000534c f   ConEmuTh1900.obj
 0001:00004370       ?SetCurrentPanelItemW1900@@YAXH_J0@Z 0000000180005370 f   ConEmuTh1900.obj
 0001:000044a4       ?CheckPanelSettingsW1900@@YAHH@Z 00000001800054a4 f   ConEmuTh1900.obj
 0001:00004574       ?ExecuteInMainThreadW1900@@YAXPEAUConEmuThSynchroArg@@@Z 0000000180005574 f   ConEmuTh1900.obj
 0001:000045a0       ?GetFarRectW1900@@YAXPEAU_SMALL_RECT@@@Z 00000001800055a0 f   ConEmuTh1900.obj
 0001:000045f0       ?CheckFarPanelsW1900@@YA_NXZ 00000001800055f0 f   ConEmuTh1900.obj
 0001:0000464c       ?SettingsLoadW1900@@YAHPEB_WPEAK@Z 000000018000564c f   ConEmuTh1900.obj
 0001:00004718       ?SettingsSaveW1900@@YAXPEB_WPEAK@Z 0000000180005718 f   ConEmuTh1900.obj
 0001:000047f8       GetGlobalInfoW             00000001800057f8 f   ConEmuTh2800.obj
 0001:000048b0       ?GetPluginInfoW2800@@YAXPEAX@Z 00000001800058b0 f   ConEmuTh2800.obj
 0001:00004920       ?SetStartupInfoW2800@@YAXPEAX@Z 0000000180005920 f   ConEmuTh2800.obj
 0001:00004a5c       ?ProcessSynchroEventW3@@YA_JPEAX@Z 0000000180005a5c f   ConEmuTh2800.obj
 0001:00004a74       ?ExitFARW2800@@YAXXZ       0000000180005a74 f   ConEmuTh2800.obj
 0001:00004ab0       ?ShowMessageW2800@@YAHPEB_WH@Z 0000000180005ab0 f   ConEmuTh2800.obj
 0001:00004b40       ?ShowMessageW2800@@YAHHH@Z 0000000180005b40 f   ConEmuTh2800.obj
 0001:00004b84       ?GetMsgW2800@@YAPEB_WH@Z   0000000180005b84 f   ConEmuTh2800.obj
 0001:00004bb8       ?PostMacroW2800@@YAXPEA_W@Z 0000000180005bb8 f   ConEmuTh2800.obj
 0001:00004c48       ?ShowPluginMenuW2800@@YAHXZ 0000000180005c48 f   ConEmuTh2800.obj
 0001:00004eb8       ?FreePanelItemUserData2800@@YAXPEAX_KP6A_JXZ@Z 0000000180005eb8 f   ConEmuTh2800.obj
 0001:00004eec       ?LoadPanelItemInfoW2800@@YAXPEAUCeFullPanelInfo@@_J@Z 0000000180005eec f   ConEmuTh2800.obj
 0001:00005310       ?LoadPanelInfoW2800@@YAHH@Z 0000000180006310 f   ConEmuTh2800.obj
 0001:00005778       ?ReloadPanelsInfoW2800@@YAXXZ 0000000180006778 f   ConEmuTh2800.obj
 0001:0000579c       ?SetCurrentPanelItemW2800@@YAXH_J0@Z 000000018000679c f   ConEmuTh2800.obj
 0001:000058cc       ?SetCurrentPanelItemW2800Int@@YAXH_J0@Z 00000001800068cc f   ConEmuTh2800.obj
 0001:000059f4       ?CheckPanelSettingsW2800@@YAHH@Z 00000001800069f4 f   ConEmuTh2800.obj
 0001:00005ac4       ?ExecuteInMainThreadW2800@@YAXPEAUConEmuThSynchroArg@@@Z 0000000180006ac4 f   ConEmuTh2800.obj
 0001:00005af0       ?GetFarRectW2800@@YAXPEAU_SMALL_RECT@@@Z 0000000180006af0 f   ConEmuTh2800.obj
 0001:00005b40       ?CheckFarPanelsW2800@@YA_NXZ 0000000180006b40 f   ConEmuTh2800.obj
 0001:00005bb4       ?SettingsLoadW2800@@YAHPEB_WPEAK@Z 0000000180006bb4 f   ConEmuTh2800.obj
 0001:00005c84       ?SettingsSaveW2800@@YAXPEB_WPEAK@Z 0000000180006c84 f   ConEmuTh2800.obj
 0001:00005d6c       ?OpenW2800@@YAPEAXPEBX@Z   0000000180006d6c f   ConEmuTh2800.obj
 0001:00005e2c       ?GetPluginInfoW995@@YAXPEAX@Z 0000000180006e2c f   ConEmuTh995.obj
 0001:00005ea4       ?SetStartupInfoW995@@YAXPEAX@Z 0000000180006ea4 f   ConEmuTh995.obj
 0001:00006044       OpenPluginW                0000000180007044 f   ConEmuTh995.obj
 0001:0000606c       ?ExitFARW995@@YAXXZ        000000018000706c f   ConEmuTh995.obj
 0001:000060c0       ?ShowMessageW995@@YAHPEB_WH@Z 00000001800070c0 f   ConEmuTh995.obj
 0001:000060fc       ?ShowMessageW995@@YAHHH@Z  00000001800070fc f   ConEmuTh995.obj
 0001:0000613c       ?GetMsgW995@@YAPEB_WH@Z    000000018000713c f   ConEmuTh995.obj
 0001:0000616c       ?PostMacroW995@@YAXPEA_W@Z 000000018000716c f   ConEmuTh995.obj
 0001:000061d4       ?ShowPluginMenuW995@@YAHXZ 00000001800071d4 f   ConEmuTh995.obj
 0001:00006390       ?LoadPanelItemInfoW995@@YAXPEAUCeFullPanelInfo@@_J@Z 0000000180007390 f   ConEmuTh995.obj
 0001:00006580       ?LoadPanelInfo995@@YAHH@Z  0000000180007580 f   ConEmuTh995.obj
 0001:000068a0       ?ReloadPanelsInfoW995@@YAXXZ 00000001800078a0 f   ConEmuTh995.obj
 0001:000068c4       ?SetCurrentPanelItemW995@@YAXH_J0@Z 00000001800078c4 f   ConEmuTh995.obj
 0001:000069d0       ?CheckPanelSettingsW995@@YAHH@Z 00000001800079d0 f   ConEmuTh995.obj
 0001:00006a4c       ?ExecuteInMainThreadW995@@YAXPEAUConEmuThSynchroArg@@@Z 0000000180007a4c f   ConEmuTh995.obj
 0001:00006a74       ?GetFarRectW995@@YAXPEAU_SMALL_RECT@@@Z 0000000180007a74 f   ConEmuTh995.obj
 0001:00006ac0       ?CheckFarPanelsW995@@YA_NXZ 0000000180007ac0 f   ConEmuTh995.obj
 0001:00006b20       ?SettingsLoadW995@@YAHPEB_WPEAK@Z 0000000180007b20 f   ConEmuTh995.obj
 0001:00006b34       ?SettingsSaveW995@@YAXPEB_WPEAK@Z 0000000180007b34 f   ConEmuTh995.obj
 0001:00006b48       ?SettingsLoadOtherW995@@YAXXZ 0000000180007b48 f   ConEmuTh995.obj
 0001:00006b54       GetMinFarVersion           0000000180007b54 f   ConEmuThA.obj
 0001:00006b8c       GetPluginInfo              0000000180007b8c f   ConEmuThA.obj
 0001:00006c0c       ExitFAR                    0000000180007c0c f   ConEmuThA.obj
 0001:00006c68       ?ShowMessageA@@YAHPEBDH@Z  0000000180007c68 f   ConEmuThA.obj
 0001:00006cb0       ?ShowMessageA@@YAHHH@Z     0000000180007cb0 f   ConEmuThA.obj
 0001:00006cfc       ?PostMacroA@@YAXPEAD@Z     0000000180007cfc f   ConEmuThA.obj
 0001:00006d64       ?ShowPluginMenuA@@YAHXZ    0000000180007d64 f   ConEmuThA.obj
 0001:00006f44       ?GetMsgA@@YAPEB_WHPEA_W@Z  0000000180007f44 f   ConEmuThA.obj
 0001:00007040       ?LoadPanelInfoA@@YAHH@Z    0000000180008040 f   ConEmuThA.obj
 0001:00007454       ?ReloadPanelsInfoA@@YAXXZ  0000000180008454 f   ConEmuThA.obj
 0001:00007478       ?SetCurrentPanelItemA@@YAXH_J0@Z 0000000180008478 f   ConEmuThA.obj
 0001:00007598       ?CheckPanelSettingsA@@YAHH@Z 0000000180008598 f   ConEmuThA.obj
 0001:00007620       ?CheckFarPanelsA@@YA_NXZ   0000000180008620 f   ConEmuThA.obj
 0001:00007688       ?SettingsLoadA@@YAHPEB_WPEAK@Z 0000000180008688 f   ConEmuThA.obj
 0001:0000769c       ?SettingsSaveA@@YAXPEB_WPEAK@Z 000000018000869c f   ConEmuThA.obj
 0001:000076b0       ?SettingsLoadOtherA@@YAXXZ 00000001800086b0 f   ConEmuThA.obj
 0001:000076bc       ?ReloadResourcesA@@YAXXZ   00000001800086bc f   ConEmuThA.obj
 0001:00007778       SetStartupInfo             0000000180008778 f   ConEmuThA.obj
 0001:00007940       OpenPlugin                 0000000180008940 f   ConEmuThA.obj
 0001:0000797c       ?GetIndexFromWndCoord@CeFullPanelInfo@@QEAAHHHAEA_J@Z 000000018000897c f   Display.obj
 0001:00007a14       ?GetConCoordFromIndex@CeFullPanelInfo@@QEAAH_JAEAU_COORD@@@Z 0000000180008a14 f   Display.obj
 0001:00007ad4       ?LoadItemColors@CeFullPanelInfo@@QEAAX_JPEAUCePluginPanelItem@@PEAUCePluginPanelItemColor@@HH@Z 0000000180008ad4 f   Display.obj
 0001:00007d4c       ?GetItemColors@CeFullPanelInfo@@QEAAPEAUHBRUSH__@@_JPEAUCePluginPanelItem@@PEAUCePluginPanelItemColor@@HAEAK3@Z 0000000180008d4c f   Display.obj
 0001:00007dbc       ?CalcTopPanelItem@CeFullPanelInfo@@QEAA_J_J0@Z 0000000180008dbc f   Display.obj
 0001:00007e90       ?DisplayReloadPanel@CeFullPanelInfo@@QEAAXXZ 0000000180008e90 f   Display.obj
 0001:00007ecc       ?UnregisterPanelView@CeFullPanelInfo@@QEAAH_N@Z 0000000180008ecc f   Display.obj
 0001:00007fe8       ?RequestSetPos@CeFullPanelInfo@@QEAAX_J0H@Z 0000000180008fe8 f   Display.obj
 0001:000080d0       ?ReallocItems@CeFullPanelInfo@@QEAAH_J@Z 00000001800090d0 f   Display.obj
 0001:00008238       ?FarItem2CeItem@CeFullPanelInfo@@QEAAH_JPEB_W1KU_FILETIME@@_KHPEAX3P6A_JXZ3K@Z 0000000180009238 f   Display.obj
 0001:00008598       ?BisItem2CeItem@CeFullPanelInfo@@QEAAH_JH_KKKHH@Z 0000000180009598 f   Display.obj
 0001:0000863c       ?DrawItemText@CeFullPanelInfo@@QEAAHPEAUHDC__@@PEAUtagRECT@@1PEAUCePluginPanelItem@@PEB_WPEAUHBRUSH__@@H@Z 000000018000963c f   Display.obj
 0001:00008c6c       ?Close@CeFullPanelInfo@@QEAAXXZ 0000000180009c6c f   Display.obj
 0001:00008cb4       ?FinalRelease@CeFullPanelInfo@@QEAAXXZ 0000000180009cb4 f   Display.obj
 0001:00008dc8       ?PaintItem@CeFullPanelInfo@@QEAAHPEAUHDC__@@_JHHPEAUCePluginPanelItem@@PEAUCePluginPanelItemColor@@HHPEAUHBRUSH__@@4K@Z 0000000180009dc8 f   Display.obj
 0001:00009338       ?Invalidate@CeFullPanelInfo@@QEAAXXZ 000000018000a338 f   Display.obj
 0001:0000938c       ?Paint@CeFullPanelInfo@@QEAAXPEAUHWND__@@AEAUtagPAINTSTRUCT@@AEAUtagRECT@@@Z 000000018000a38c f   Display.obj
 0001:00009dd4       ?OnSettingsChanged@CeFullPanelInfo@@QEAAHH@Z 000000018000add4 f   Display.obj
 0001:00009e98       ?DisplayWndProc@CeFullPanelInfo@@SA_JPEAUHWND__@@I_K_J@Z 000000018000ae98 f   Display.obj
 0001:0000a444       ?InvalidateAll@CeFullPanelInfo@@SAXXZ 000000018000b444 f   Display.obj
 0001:0000a494       ?RegisterPanelView@CeFullPanelInfo@@QEAAHXZ 000000018000b494 f   Display.obj
 0001:0000a764       ?CreateView@CeFullPanelInfo@@QEAAPEAUHWND__@@XZ 000000018000b764 f   Display.obj
 0001:0000ab0c       ?DisplayThread@CeFullPanelInfo@@SAKPEAX@Z 000000018000bb0c f   Display.obj
 0001:0000ac2c       ?LoadModules@CImgCache@@IEAAXXZ 000000018000bc2c f   ImgCache.obj
 0001:0000aef0       ?FreeModules@CImgCache@@IEAAXXZ 000000018000bef0 f   ImgCache.obj
 0001:0000afc4       ?SetCacheLocation@CImgCache@@QEAAXPEB_W@Z 000000018000bfc4 f   ImgCache.obj
 0001:0000b03c       ?CheckLoadDibCreated@CImgCache@@IEAAHXZ 000000018000c03c f   ImgCache.obj
 0001:0000b19c       ?CheckDrawDibCreated@CImgCache@@IEAAHXZ 000000018000c19c f   ImgCache.obj
 0001:0000b2fc       ?FindInCache@CImgCache@@IEAAHPEAUCePluginPanelItem@@PEAHI@Z 000000018000c2fc f   ImgCache.obj
 0001:0000b504       ?CopyBits@CImgCache@@IEAAXU_COORD@@PEAEK01@Z 000000018000c504 f   ImgCache.obj
 0001:0000b58c       ?LoadShellIcon@CImgCache@@QEAAHPEAUIMAGE_CACHE_INFO@@H@Z 000000018000c58c f   ImgCache.obj
 0001:0000b8d8       ?LoadThumbnail@CImgCache@@QEAAHPEAUIMAGE_CACHE_INFO@@@Z 000000018000c8d8 f   ImgCache.obj
 0001:0000bff0       ??0?$CQueueProcessor@PEAUIMAGE_CACHE_INFO@@@@QEAA@XZ 000000018000cff0 f i ImgCache.obj
 0001:0000c064       ?IsStopRequested@?$CQueueProcessor@PEAUIMAGE_CACHE_INFO@@@@UEAA_NAEBQEAUIMAGE_CACHE_INFO@@@Z 000000018000d064 f i ImgCache.obj
 0001:0000c074       ?ProcessItem@?$CQueueProcessor@PEAUIMAGE_CACHE_INFO@@@@MEAAJAEAPEAUIMAGE_CACHE_INFO@@_J@Z 000000018000d074 f i ImgCache.obj
 0001:0000c07c       __set_flsgetvalue          000000018000d07c f i libcmt:tidtable.obj
 0001:0000c07c       ?OnThreadStarted@?$CQueueProcessor@PEAUIMAGE_CACHE_INFO@@@@MEAAJXZ 000000018000d07c f i ImgCache.obj
 0001:0000c080       ?CopyItem@?$CQueueProcessor@PEAUIMAGE_CACHE_INFO@@@@MEAAXPEBQEAUIMAGE_CACHE_INFO@@PEAPEAU2@@Z 000000018000d080 f i ImgCache.obj
 0001:0000c0a0       ?IsEqual@?$CQueueProcessor@PEAUIMAGE_CACHE_INFO@@@@MEAA_NAEBQEAUIMAGE_CACHE_INFO@@_J01@Z 000000018000d0a0 f i ImgCache.obj
 0001:0000c0c0       ?CheckHighPriority@CImgLoader@@UEAA_NAEAPEBUIMAGE_CACHE_INFO@@@Z 000000018000d0c0 f i ImgCache.obj
 0001:0000c0c0       ?CheckHighPriority@?$CQueueProcessor@PEAUIMAGE_CACHE_INFO@@@@MEAA_NAEBQEAUIMAGE_CACHE_INFO@@@Z 000000018000d0c0 f i ImgCache.obj
 0001:0000c0c4       ?ClearQueue@?$CQueueProcessor@PEAUIMAGE_CACHE_INFO@@@@AEAAXXZ 000000018000d0c4 f i ImgCache.obj
 0001:0000c14c       ?InitializeQueue@?$CQueueProcessor@PEAUIMAGE_CACHE_INFO@@@@AEAAXH@Z 000000018000d14c f i ImgCache.obj
 0001:0000c1f0       ?ProcessItem@?$CQueueProcessor@PEAUIMAGE_CACHE_INFO@@@@IEAAJPEAUProcessingItem@1@@Z 000000018000d1f0 f i ImgCache.obj
 0001:0000c21c       ??0CImgCache@@QEAA@PEAUHINSTANCE__@@@Z 000000018000d21c f   ImgCache.obj
 0001:0000c358       ?PaintItem@CImgCache@@QEAAHPEAUHDC__@@HHHPEAUCePluginPanelItem@@PEAPEB_WPEAH@Z 000000018000d358 f   ImgCache.obj
 0001:0000c8bc       ?FindOrCreate@?$CQueueProcessor@PEAUIMAGE_CACHE_INFO@@@@AEAAPEAUProcessingItem@1@AEBQEAUIMAGE_CACHE_INFO@@_J_NW4ProcessingPriority@@@Z 000000018000d8bc f i ImgCache.obj
 0001:0000cb0c       ?ProcessingStep@?$CQueueProcessor@PEAUIMAGE_CACHE_INFO@@@@IEAA_NXZ 000000018000db0c f i ImgCache.obj
 0001:0000cd1c       ??$SafeDelete@UMSectionSimple@@@@YAXAEAPEAUMSectionSimple@@@Z 000000018000dd1c f i ImgCache.obj
 0001:0000cd4c       ?Reset@CImgCache@@QEAAXXZ  000000018000dd4c f   ImgCache.obj
 0001:0000cf14       ?Init@CImgCache@@QEAAXK@Z  000000018000df14 f   ImgCache.obj
 0001:0000cf74       ??1?$CQueueProcessor@PEAUIMAGE_CACHE_INFO@@@@UEAA@XZ 000000018000df74 f i ImgCache.obj
 0001:0000d01c       ?ProcessingThread@?$CQueueProcessor@PEAUIMAGE_CACHE_INFO@@@@KAKPEAX@Z 000000018000e01c f i ImgCache.obj
 0001:0000d04c       ??1CImgCache@@QEAA@XZ      000000018000e04c f   ImgCache.obj
 0001:0000d104       ?OnThreadStarted@CImgLoader@@UEAAJXZ 000000018000e104 f i ImgCache.obj
 0001:0000d118       ?OnThreadStopped@CImgLoader@@UEAAXXZ 000000018000e118 f i ImgCache.obj
 0001:0000d120       ?IsEqual@CImgLoader@@UEAA_NAEAPEBUIMAGE_CACHE_INFO@@_JAEAPEAU2@1@Z 000000018000e120 f i ImgCache.obj
 0001:0000d138       ?ProcessItem@CImgLoader@@UEAAJAEAPEAUIMAGE_CACHE_INFO@@_J@Z 000000018000e138 f i ImgCache.obj
 0001:0000d190       ?IsTerminationRequested@?$CQueueProcessor@PEAUIMAGE_CACHE_INFO@@@@MEAA_NXZ 000000018000e190 f i ImgCache.obj
 0001:0000d190       ?IsTerminationRequested@CImgLoader@@UEAA_NXZ 000000018000e190 f i ImgCache.obj
 0001:0000d194       ?CheckThread@?$CQueueProcessor@PEAUIMAGE_CACHE_INFO@@@@IEAAJXZ 000000018000e194 f i ImgCache.obj
 0001:0000d254       ??_E?$CQueueProcessor@PEAUIMAGE_CACHE_INFO@@@@UEAAPEAXI@Z 000000018000e254 f i ImgCache.obj
 0001:0000d254       ??_GCImgLoader@@UEAAPEAXI@Z 000000018000e254 f i ImgCache.obj
 0001:0000d254       ??_G?$CQueueProcessor@PEAUIMAGE_CACHE_INFO@@@@UEAAPEAXI@Z 000000018000e254 f i ImgCache.obj
 0001:0000d254       ??_ECImgLoader@@UEAAPEAXI@Z 000000018000e254 f i ImgCache.obj
 0001:0000d284       ?RequestItem@CImgCache@@QEAAHPEAUCePluginPanelItem@@I@Z 000000018000e284 f   ImgCache.obj
 0001:0000d380       ?HeapInitialize@@YA_NXZ    000000018000e380 f   Memory.obj
 0001:0000d3b8       ?HeapDeinitialize@@YAXXZ   000000018000e3b8 f   Memory.obj
 0001:0000d3dc       ??2@YAPEAX_K@Z             000000018000e3dc f   Memory.obj
 0001:0000d3dc       ?xf_malloc@@YAPEAX_K@Z     000000018000e3dc f   Memory.obj
 0001:0000d3f0       ?xf_calloc@@YAPEAX_K0@Z    000000018000e3f0 f   Memory.obj
 0001:0000d40c       ?xf_free@@YAXPEAX@Z        000000018000e40c f   Memory.obj
 0001:0000d434       ??3@YAXPEAX@Z              000000018000e434 f   Memory.obj
 0001:0000d43c       ?lstrdup@@YAPEA_WPEB_W_K@Z 000000018000e43c f   Memory.obj
 0001:0000d4b8       ??0MSection@@QEAA@XZ       000000018000e4b8 f   MSection.obj
 0001:0000d550       ??1MSection@@QEAA@XZ       000000018000e550 f   MSection.obj
 0001:0000d5c8       ?AddRef@MSection@@IEAAXK@Z 000000018000e5c8 f   MSection.obj
 0001:0000d668       ?ReleaseRef@MSection@@IEAAHK@Z 000000018000e668 f   MSection.obj
 0001:0000d70c       ?WaitUnlocked@MSection@@IEAAXKK@Z 000000018000e70c f   MSection.obj
 0001:0000d7a0       ?MyEnterCriticalSection@MSection@@IEAA_NK@Z 000000018000e7a0 f   MSection.obj
 0001:0000d8d4       ?Lock@MSection@@IEAAHHK@Z  000000018000e8d4 f   MSection.obj
 0001:0000d9d8       ?Unlock@MSection@@IEAAXH@Z 000000018000e9d8 f   MSection.obj
 0001:0000da30       ??0MSectionLock@@QEAA@XZ   000000018000ea30 f   MSection.obj
 0001:0000da40       ?Lock@MSectionLock@@QEAAHPEAVMSection@@HK@Z 000000018000ea40 f   MSection.obj
 0001:0000da94       ?Unlock@MSectionLock@@QEAAXXZ 000000018000ea94 f   MSection.obj
 0001:0000dac0       ??1MSectionLock@@QEAA@XZ   000000018000eac0 f   MSection.obj
 0001:0000dae4       ?Init@MSectionSimple@@QEAAXXZ 000000018000eae4 f   MSectionSimple.obj
 0001:0000db04       ??1MSectionSimple@@QEAA@XZ 000000018000eb04 f   MSectionSimple.obj
 0001:0000db04       ?Close@MSectionSimple@@QEAAXXZ 000000018000eb04 f   MSectionSimple.obj
 0001:0000db24       ?Enter@MSectionSimple@@QEAAXXZ 000000018000eb24 f   MSectionSimple.obj
 0001:0000db2c       ?Leave@MSectionSimple@@QEAAXXZ 000000018000eb2c f   MSectionSimple.obj
 0001:0000db34       ?TryEnter@MSectionSimple@@QEAA_NXZ 000000018000eb34 f   MSectionSimple.obj
 0001:0000db5c       ?RecreateAndLock@MSectionSimple@@QEAA_NXZ 000000018000eb5c f   MSectionSimple.obj
 0001:0000dbcc       ??0MSectionLockSimple@@QEAA@XZ 000000018000ebcc f   MSectionSimple.obj
 0001:0000dbd8       ?Unlock@MSectionLockSimple@@QEAAXXZ 000000018000ebd8 f   MSectionSimple.obj
 0001:0000dc00       ??0MSectionSimple@@QEAA@_N@Z 000000018000ec00 f   MSectionSimple.obj
 0001:0000dc38       ??1MSectionLockSimple@@QEAA@XZ 000000018000ec38 f   MSectionSimple.obj
 0001:0000dc4c       ?Lock@MSectionLockSimple@@QEAAHPEAUMSectionSimple@@K@Z 000000018000ec4c f   MSectionSimple.obj
 0001:0000dce4       ?LoadAdvApi@MNullDesc@@IEAAHXZ 000000018000ece4 f i MSecurity.obj
 0001:0000de7c       ?LocalSecurity@MNullDesc@@QEAAPEAU_SECURITY_ATTRIBUTES@@XZ 000000018000ee7c f i MSecurity.obj
 0001:0000e030       ?LocalSecurity@@YAPEAU_SECURITY_ATTRIBUTES@@XZ 000000018000f030 f   MSecurity.obj
 0001:0000e090       ?ShutdownSecurity@@YAXXZ   000000018000f090 f   MSecurity.obj
 0001:0000e0f4       ?msprintf@@YAPEB_WPEA_W_KPEB_WZZ 000000018000f0f4 f   MStrSafe.obj
 0001:0000e4e0       ??0CRgnDetect@@QEAA@XZ     000000018000f4e0 f   RgnDetect.obj
 0001:0000e5b4       ??1CRgnDetect@@QEAA@XZ     000000018000f5b4 f   RgnDetect.obj
 0001:0000e610       ?GetDetectedDialogsPtr@CRgnDetect@@QEBAPEBUtag_DetectedDialog@@XZ 000000018000f610 f   RgnDetect.obj
 0001:0000e618       ?GetFlags@CRgnDetect@@QEBAKXZ 000000018000f618 f   RgnDetect.obj
 0001:0000e620       ?FindFrameRight_ByBottom@CRgnDetect@@IEAA_NPEA_WPEAUtag_CharAttr@@HHAEAH22@Z 000000018000f620 f   RgnDetect.obj
 0001:0000e6f8       ?FindFrameLeft_ByBottom@CRgnDetect@@IEAA_NPEA_WPEAUtag_CharAttr@@HHAEAH22@Z 000000018000f6f8 f   RgnDetect.obj
 0001:0000e7c4       ?FindFrameTop_ByLeft@CRgnDetect@@IEAA_NPEA_WPEAUtag_CharAttr@@HHAEAH22@Z 000000018000f7c4 f   RgnDetect.obj
 0001:0000e874       ?FindFrameTop_ByRight@CRgnDetect@@IEAA_NPEA_WPEAUtag_CharAttr@@HHAEAH22@Z 000000018000f874 f   RgnDetect.obj
 0001:0000e95c       ?FindFrameBottom_ByRight@CRgnDetect@@IEAA_NPEA_WPEAUtag_CharAttr@@HHAEAH22@Z 000000018000f95c f   RgnDetect.obj
 0001:0000ea38       ?FindFrameBottom_ByLeft@CRgnDetect@@IEAA_NPEA_WPEAUtag_CharAttr@@HHAEAH22@Z 000000018000fa38 f   RgnDetect.obj
 0001:0000eaec       ?FindDialog_Inner@CRgnDetect@@IEAA_NPEA_WPEAUtag_CharAttr@@HHAEAH2@Z 000000018000faec f   RgnDetect.obj
 0001:0000ec58       ?FindFrame_TopLeft@CRgnDetect@@IEAA_NPEA_WPEAUtag_CharAttr@@HHAEAH222@Z 000000018000fc58 f   RgnDetect.obj
 0001:0000ed58       ?ExpandDialogFrame@CRgnDetect@@IEAA_NPEA_WPEAUtag_CharAttr@@HHAEAH2HH22@Z 000000018000fd58 f   RgnDetect.obj
 0001:0000eff4       ?FindByBackground@CRgnDetect@@IEAA_NPEA_WPEAUtag_CharAttr@@HHAEAH222AEA_N@Z 000000018000fff4 f   RgnDetect.obj
 0001:0000f0f4       ?MarkDialog@CRgnDetect@@IEAAHPEA_WPEAUtag_CharAttr@@HHHHHH_N2K@Z 00000001800100f4 f   RgnDetect.obj
 0001:0000fac8       ?OnWindowSizeChanged@CRgnDetect@@QEAAXXZ 0000000180010ac8 f   RgnDetect.obj
 0001:0000fad0       ?OnWriteConsoleOutput@CRgnDetect@@QEAAXPEBU_CHAR_INFO@@U_COORD@@1PEAU_SMALL_RECT@@PEBK@Z 0000000180010ad0 f   RgnDetect.obj
 0001:0000fd7c       ?SetFarRect@CRgnDetect@@QEAAXPEAU_SMALL_RECT@@@Z 0000000180010d7c f   RgnDetect.obj
 0001:0000fe00       ?TextWidth@CRgnDetect@@QEAAHXZ 0000000180010e00 f   RgnDetect.obj
 0001:0000fe2c       ?TextHeight@CRgnDetect@@QEAAHXZ 0000000180010e2c f   RgnDetect.obj
 0001:0000fe58       ?GetCharAttr@CRgnDetect@@QEAAHHHAEA_WAEAUtag_CharAttr@@@Z 0000000180010e58 f   RgnDetect.obj
 0001:0000fee8       ?FindFrameRight_ByTop@CRgnDetect@@IEAA_NPEA_WPEAUtag_CharAttr@@HHAEAH22@Z 0000000180010ee8 f   RgnDetect.obj
 0001:00010024       ?FindFrameLeft_ByTop@CRgnDetect@@IEAA_NPEA_WPEAUtag_CharAttr@@HHAEAH22@Z 0000000180011024 f   RgnDetect.obj
 0001:0001018c       ?FindDialog_TopLeft@CRgnDetect@@IEAA_NPEA_WPEAUtag_CharAttr@@HHAEAH222AEA_N@Z 000000018001118c f   RgnDetect.obj
 0001:0001029c       ?FindDialog_TopRight@CRgnDetect@@IEAA_NPEA_WPEAUtag_CharAttr@@HHAEAH222AEA_N@Z 000000018001129c f   RgnDetect.obj
 0001:000103b4       ?FindDialog_Left@CRgnDetect@@IEAA_NPEA_WPEAUtag_CharAttr@@HHAEAH222AEA_N@Z 00000001800113b4 f   RgnDetect.obj
 0001:000105c4       ?FindDialog_Right@CRgnDetect@@IEAA_NPEA_WPEAUtag_CharAttr@@HHAEAH222AEA_N@Z 00000001800115c4 f   RgnDetect.obj
 0001:0001072c       ?FindDialog_Any@CRgnDetect@@IEAA_NPEA_WPEAUtag_CharAttr@@HHAEAH222AEA_N@Z 000000018001172c f   RgnDetect.obj
 0001:000109c0       ?DetectDialog@CRgnDetect@@IEAA_NPEA_WPEAUtag_CharAttr@@HHHHPEAH2@Z 00000001800119c0 f   RgnDetect.obj
 0001:00010e28       ?InitializeSBI@CRgnDetect@@QEAAHPEBK@Z 0000000180011e28 f   RgnDetect.obj
 0001:0001126c       ?PrepareTransparent@CRgnDetect@@QEAAXPEBUCEFAR_INFO_MAPPING@@PEBKPEBU_CONSOLE_SCREEN_BUFFER_INFO@@PEA_WPEAUtag_CharAttr@@HH@Z 000000018001226c f   RgnDetect.obj
 0001:00011ae8       ?PrepareTransparent@CRgnDetect@@QEAAXPEBUCEFAR_INFO_MAPPING@@PEBK@Z 0000000180012ae8 f   RgnDetect.obj
 0001:00011bbc       ?isTerminalMode@@YA_NXZ    0000000180012bbc f   WObjects.obj
 0001:00011df4       ?apiShowWindow@@YA_NPEAUHWND__@@H@Z 0000000180012df4 f   WUser.obj
 0001:00011e08       VerQueryValueW             0000000180012e08 f   version:VERSION.dll
 0001:00011e0e       GetFileVersionInfoW        0000000180012e0e f   version:VERSION.dll
 0001:00011e14       GetFileVersionInfoSizeW    0000000180012e14 f   version:VERSION.dll
 0001:00011e1c       wcschr                     0000000180012e1c f   libcmt:wcschr.obj
 0001:00011e3c       wcsrchr                    0000000180012e3c f   libcmt:wcsrchr.obj
 0001:00011e68       wcspbrk                    0000000180012e68 f   libcmt:wcspbrk.obj
 0001:00011eb0       memset                     0000000180012eb0 f   libcmt:memset.obj
 0001:00011fb0       memcpy                     0000000180012fb0 f   libcmt:memcpy.obj
 0001:00011fb0       memmove                    0000000180012fb0     libcmt:memcpy.obj
 0001:00012300       memcmp                     0000000180013300 f   libcmt:memcmp.obj
 0001:000123c8       __C_specific_handler       00000001800133c8 f   libcmt:chandler.obj
 0001:0001256c       _CRT_INIT                  000000018001356c f   libcmt:dllcrt0.obj
 0001:000127c0       _DllMainCRTStartup         00000001800137c0 f   libcmt:dllcrt0.obj
 0001:00012810       _local_unwind              0000000180013810 f   libcmt:jmpuwind.obj
 0001:00012840       _NLG_Notify                0000000180013840 f   libcmt:jmpuwind.obj
 0001:00012860       __NLG_Dispatch2            0000000180013860 f   libcmt:jmpuwind.obj
 0001:00012870       __NLG_Return2              0000000180013870 f   libcmt:jmpuwind.obj
 0001:00012880       _ValidateImageBase         0000000180013880 f   libcmt:pesect.obj
 0001:000128b0       _FindPESection             00000001800138b0 f   libcmt:pesect.obj
 0001:00012900       _IsNonwritableInCurrentImage 0000000180013900 f   libcmt:pesect.obj
 0001:00012944       _encode_pointer            0000000180013944 f   libcmt:tidtable.obj
 0001:0001294c       _encoded_null              000000018001394c f   libcmt:tidtable.obj
 0001:00012958       _decode_pointer            0000000180013958 f   libcmt:tidtable.obj
 0001:00012960       _mtterm                    0000000180013960 f   libcmt:tidtable.obj
 0001:00012988       _initptd                   0000000180013988 f   libcmt:tidtable.obj
 0001:00012a3c       _getptd_noexit             0000000180013a3c f   libcmt:tidtable.obj
 0001:00012ac0       _getptd                    0000000180013ac0 f   libcmt:tidtable.obj
 0001:00012ae4       _freefls                   0000000180013ae4 f   libcmt:tidtable.obj
 0001:00012c1c       _freeptd                   0000000180013c1c f   libcmt:tidtable.obj
 0001:00012c5c       _mtinit                    0000000180013c5c f   libcmt:tidtable.obj
 0001:00012ce0       free                       0000000180013ce0 f   libcmt:free.obj
 0001:00012d20       _malloc_crt                0000000180013d20 f   libcmt:crtheap.obj
 0001:00012d8c       _calloc_crt                0000000180013d8c f   libcmt:crtheap.obj
 0001:00012e10       _realloc_crt               0000000180013e10 f   libcmt:crtheap.obj
 0001:00012e98       _amsg_exit                 0000000180013e98 f   libcmt:crt0dat.obj
 0001:00012ec8       __crtCorExitProcess        0000000180013ec8 f   libcmt:crt0dat.obj
 0001:00012f04       __crtExitProcess           0000000180013f04 f   libcmt:crt0dat.obj
 0001:00012f1c       _lockexit                  0000000180013f1c f   libcmt:crt0dat.obj
 0001:00012f28       _unlockexit                0000000180013f28 f   libcmt:crt0dat.obj
 0001:00012f68       _initterm_e                0000000180013f68 f   libcmt:crt0dat.obj
 0001:00012fa4       _cinit                     0000000180013fa4 f   libcmt:crt0dat.obj
 0001:000131e0       _exit                      00000001800141e0 f   libcmt:crt0dat.obj
 0001:000131ec       _cexit                     00000001800141ec f   libcmt:crt0dat.obj
 0001:000131fc       _init_pointers             00000001800141fc f   libcmt:crt0dat.obj
 0001:00013264       _ioinit                    0000000180014264 f   libcmt:ioinit.obj
 0001:00013554       _ioterm                    0000000180014554 f   libcmt:ioinit.obj
 0001:000135c0       _setenvp                   00000001800145c0 f   libcmt:stdenvp.obj
 0001:000138c0       _setargv                   00000001800148c0 f   libcmt:stdargv.obj
 0001:000139b8       __crtGetEnvironmentStringsA 00000001800149b8 f   libcmt:a_env.obj
 0001:00013b6c       _RTC_Initialize            0000000180014b6c f   libcmt:_initsect_.obj
 0001:00013ba4       _RTC_Terminate             0000000180014ba4 f   libcmt:_initsect_.obj
 0001:00013bdc       _heap_init                 0000000180014bdc f   libcmt:heapinit.obj
 0001:00013c28       _heap_term                 0000000180014c28 f   libcmt:heapinit.obj
 0001:00013c48       ?OnThreadStopped@?$CQueueProcessor@PEAUIMAGE_CACHE_INFO@@@@MEAAXXZ 0000000180014c48 f   ImgCache.obj
 0001:00013c48       _initp_misc_winxfltr       0000000180014c48 f   libcmt:winxfltr.obj
 0001:00013c48       ?ApplyChanges@?$CQueueProcessor@PEAUIMAGE_CACHE_INFO@@@@MEAAXAEAPEAUIMAGE_CACHE_INFO@@AEBQEAU2@@Z 0000000180014c48 f   ImgCache.obj
 0001:00013c48       ?SettingsLoadOtherW1900@@YAXXZ 0000000180014c48 f   ConEmuTh1900.obj
 0001:00013c48       ?OnItemFailed@?$CQueueProcessor@PEAUIMAGE_CACHE_INFO@@@@MEAAXAEAPEAUIMAGE_CACHE_INFO@@_J@Z 0000000180014c48 f   ImgCache.obj
 0001:00013c48       ?OnItemReady@?$CQueueProcessor@PEAUIMAGE_CACHE_INFO@@@@MEAAXAEAPEAUIMAGE_CACHE_INFO@@_J@Z 0000000180014c48 f   ImgCache.obj
 0001:00013c48       ?LoadPanelItemInfoA@@YAXPEAUCeFullPanelInfo@@_J@Z 0000000180014c48 f   ConEmuThA.obj
 0001:00013c48       ?FreeItem@?$CQueueProcessor@PEAUIMAGE_CACHE_INFO@@@@MEAAXAEBQEAUIMAGE_CACHE_INFO@@@Z 0000000180014c48 f   ImgCache.obj
 0001:00013c48       ?SettingsLoadOtherW2800@@YAXXZ 0000000180014c48 f   ConEmuTh2800.obj
 0001:00013c4c       _XcptFilter                0000000180014c4c f   libcmt:winxfltr.obj
 0001:00013e1c       __CppXcptFilter            0000000180014e1c f   libcmt:winxfltr.obj
 0001:00013e3c       __security_init_cookie     0000000180014e3c f   libcmt:gs_support.obj
 0001:00013ef0       _mtinitlocks               0000000180014ef0 f   libcmt:mlock.obj
 0001:00013f7c       _mtdeletelocks             0000000180014f7c f   libcmt:mlock.obj
 0001:00014000       _unlock                    0000000180015000 f   libcmt:mlock.obj
 0001:00014018       _mtinitlocknum             0000000180015018 f   libcmt:mlock.obj
 0001:00014100       _lock                      0000000180015100 f   libcmt:mlock.obj
 0001:00014144       __freetlocinfo             0000000180015144 f   libcmt:setlocal.obj
 0001:000142c0       __addlocaleref             00000001800152c0 f   libcmt:setlocal.obj
 0001:00014358       __removelocaleref          0000000180015358 f   libcmt:setlocal.obj
 0001:00014458       __updatetlocinfo           0000000180015458 f   libcmt:setlocal.obj
 0001:00014748       __updatetmbcinfo           0000000180015748 f   libcmt:mbctype.obj
 0001:00014804       ??0_LocaleUpdate@@QEAA@PEAUlocaleinfo_struct@@@Z 0000000180015804 f i libcmt:mbctype.obj
 0001:00014940       _setmbcp_nolock            0000000180015940 f   libcmt:mbctype.obj
 0001:00014bb8       _setmbcp                   0000000180015bb8 f   libcmt:mbctype.obj
 0001:00014db0       __initmbctable             0000000180015db0 f   libcmt:mbctype.obj
 0001:00014dd8       _get_errno_from_oserr      0000000180015dd8 f   libcmt:dosmap.obj
 0001:00014e20       _errno                     0000000180015e20 f   libcmt:dosmap.obj
 0001:00014e40       malloc                     0000000180015e40 f   libcmt:malloc.obj
 0001:00014ef8       _calloc_impl               0000000180015ef8 f   libcmt:calloc_impl.obj
 0001:00014fa8       realloc                    0000000180015fa8 f   libcmt:realloc.obj
 0001:0001507c       _NMSG_WRITE                000000018001607c f   libcmt:crt0msg.obj
 0001:000152a4       _FF_MSGBANNER              00000001800162a4 f   libcmt:crt0msg.obj
 0001:000152e8       _initp_misc_invarg         00000001800162e8 f   libcmt:invarg.obj
 0001:000152f0       _invoke_watson             00000001800162f0 f   libcmt:invarg.obj
 0001:00015418       _invalid_parameter         0000000180016418 f   libcmt:invarg.obj
 0001:000154a0       __onexitinit               00000001800164a0 f   libcmt:onexit.obj
 0001:000154e4       _onexit                    00000001800164e4 f   libcmt:onexit.obj
 0001:000155ec       atexit                     00000001800165ec f   libcmt:onexit.obj
 0001:00015604       _initp_misc_cfltcvt_tab    0000000180016604 f   libcmt:cmiscdat.obj
 0001:0001563c       ?terminate@@YAXXZ          000000018001663c f   libcmt:hooks.obj
 0001:00015660       _initp_eh_hooks            0000000180016660 f   libcmt:hooks.obj
 0001:0001567c       _initp_misc_winsig         000000018001667c f   libcmt:winsig.obj
 0001:0001569c       __get_sigabrt              000000018001669c f   libcmt:winsig.obj
 0001:000156a8       raise                      00000001800166a8 f   libcmt:winsig.obj
 0001:0001591c       _initp_misc_rand_s         000000018001691c f   libcmt:rand_s.obj
 0001:00015924       _initp_misc_purevirt       0000000180016924 f   libcmt:inithelp.obj
 0001:0001592c       _initp_misc_initcrit       000000018001692c f   libcmt:initcrit.obj
 0001:00015934       __crtInitCritSecAndSpinCount 0000000180016934 f   libcmt:initcrit.obj
 0001:0001596c       _initp_heap_handler        000000018001696c f   libcmt:handler.obj
 0001:00015974       _callnewh                  0000000180016974 f   libcmt:handler.obj
 0001:000159a8       strcpy_s                   00000001800169a8 f   libcmt:strcpy_s.obj
 0001:00015a30       strlen                     0000000180016a30 f   libcmt:strlen.obj
 0001:00015b54       _ismbblead                 0000000180016b54 f   libcmt:ismbbyte.obj
 0001:00015b68       __free_lc_time             0000000180016b68 f   libcmt:inittime.obj
 0001:00015d54       __free_lconv_num           0000000180016d54 f   libcmt:initnum.obj
 0001:00015d9c       __free_lconv_mon           0000000180016d9c f   libcmt:initmon.obj
 0001:00015e34       strcat_s                   0000000180016e34 f   libcmt:strcat_s.obj
 0001:00015ec0       strncpy_s                  0000000180016ec0 f   libcmt:strncpy_s.obj
 0001:00015fb0       strcmp                     0000000180016fb0 f   libcmt:strcmp.obj
 0001:00016060       __GSHandlerCheckCommon     0000000180017060 f   libcmt:gshandler.obj
 0001:000160c4       __GSHandlerCheck           00000001800170c4 f   libcmt:gshandler.obj
 0001:00016100       __security_check_cookie    0000000180017100 f   libcmt:amdsecgs.obj
 0001:0001638c       __crtGetStringTypeA        000000018001738c f   libcmt:a_str.obj
 0001:00016430       strncmp                    0000000180017430 f   libcmt:strncmp.obj
 0001:00016a28       __crtLCMapStringA          0000000180017a28 f   libcmt:a_map.obj
 0001:00016ac0       _msize                     0000000180017ac0 f   libcmt:msize.obj
 0001:00016b08       __crtMessageBoxA           0000000180017b08 f   libcmt:crtmbox.obj
 0001:00016cfc       _set_error_mode            0000000180017cfc f   libcmt:errmode.obj
 0001:00016d4c       __crt_debugger_hook        0000000180017d4c f   libcmt:dbghook.obj
 0001:00016d54       _fptrap                    0000000180017d54 f   libcmt:crt0fp.obj
 0001:00016d60       abort                      0000000180017d60 f   libcmt:abort.obj
 0001:00016e04       _isleadbyte_l              0000000180017e04 f i libcmt:_wctype.obj
 0001:00016e50       atol                       0000000180017e50 f   libcmt:atox.obj
 0001:00016e5c       __report_gsfailure         0000000180017e5c f   libcmt:gs_report.obj
 0001:00016fa8       __ansicp                   0000000180017fa8 f   libcmt:convrtcp.obj
 0001:00016ffc       __convertcp                0000000180017ffc f   libcmt:convrtcp.obj
 0001:00017284       _isctype_l                 0000000180018284 f   libcmt:isctype.obj
 0001:00017614       strtol                     0000000180018614 f   libcmt:strtol.obj
 0001:00017644       Thread32Next               0000000180018644 f   kernel32:KERNEL32.dll
 0001:0001764a       Thread32First              000000018001864a f   kernel32:KERNEL32.dll
 0001:00017650       CreateToolhelp32Snapshot   0000000180018650 f   kernel32:KERNEL32.dll
 0001:00017656       Process32NextW             0000000180018656 f   kernel32:KERNEL32.dll
 0001:0001765c       Process32FirstW            000000018001865c f   kernel32:KERNEL32.dll
 0001:00017662       RtlUnwindEx                0000000180018662 f   kernel32:KERNEL32.dll
 0001:00017668       RtlVirtualUnwind           0000000180018668 f   kernel32:KERNEL32.dll
 0001:0001766e       RtlLookupFunctionEntry     000000018001866e f   kernel32:KERNEL32.dll
 0001:00017690       _alloca_probe              0000000180018690     libcmt:chkstk.obj
 0001:00017690       __chkstk                   0000000180018690 f   libcmt:chkstk.obj
 0002:00000000       __imp_RegCreateKeyExW      0000000180019000     advapi32:ADVAPI32.dll
 0002:00000008       __imp_RegSetValueExW       0000000180019008     advapi32:ADVAPI32.dll
 0002:00000010       __imp_RegOpenKeyExW        0000000180019010     advapi32:ADVAPI32.dll
 0002:00000018       __imp_RegQueryValueExW     0000000180019018     advapi32:ADVAPI32.dll
 0002:00000020       __imp_RegCloseKey          0000000180019020     advapi32:ADVAPI32.dll
 0002:00000028       \177ADVAPI32_NULL_THUNK_DATA 0000000180019028     advapi32:ADVAPI32.dll
 0002:00000030       __imp_CreateCompatibleBitmap 0000000180019030     gdi32:GDI32.dll
 0002:00000038       __imp_CreateCompatibleDC   0000000180019038     gdi32:GDI32.dll
 0002:00000040       __imp_CreateFontW          0000000180019040     gdi32:GDI32.dll
 0002:00000048       __imp_BitBlt               0000000180019048     gdi32:GDI32.dll
 0002:00000050       __imp_CreateDIBSection     0000000180019050     gdi32:GDI32.dll
 0002:00000058       __imp_GdiFlush             0000000180019058     gdi32:GDI32.dll
 0002:00000060       __imp_GetObjectW           0000000180019060     gdi32:GDI32.dll
 0002:00000068       __imp_StretchBlt           0000000180019068     gdi32:GDI32.dll
 0002:00000070       __imp_GdiAlphaBlend        0000000180019070     gdi32:GDI32.dll
 0002:00000078       __imp_SetStretchBltMode    0000000180019078     gdi32:GDI32.dll
 0002:00000080       __imp_DeleteDC             0000000180019080     gdi32:GDI32.dll
 0002:00000088       __imp_SelectObject         0000000180019088     gdi32:GDI32.dll
 0002:00000090       __imp_Rectangle            0000000180019090     gdi32:GDI32.dll
 0002:00000098       __imp_SetTextColor         0000000180019098     gdi32:GDI32.dll
 0002:000000a0       __imp_SetBkColor           00000001800190a0     gdi32:GDI32.dll
 0002:000000a8       __imp_CreatePen            00000001800190a8     gdi32:GDI32.dll
 0002:000000b0       __imp_MoveToEx             00000001800190b0     gdi32:GDI32.dll
 0002:000000b8       __imp_LineTo               00000001800190b8     gdi32:GDI32.dll
 0002:000000c0       __imp_GetStockObject       00000001800190c0     gdi32:GDI32.dll
 0002:000000c8       __imp_CreateSolidBrush     00000001800190c8     gdi32:GDI32.dll
 0002:000000d0       __imp_DeleteObject         00000001800190d0     gdi32:GDI32.dll
 0002:000000d8       \177GDI32_NULL_THUNK_DATA  00000001800190d8     gdi32:GDI32.dll
 0002:000000e0       __imp_lstrcatW             00000001800190e0     kernel32:KERNEL32.dll
 0002:000000e8       __imp_lstrcpyW             00000001800190e8     kernel32:KERNEL32.dll
 0002:000000f0       __imp_Thread32Next         00000001800190f0     kernel32:KERNEL32.dll
 0002:000000f8       __imp_Thread32First        00000001800190f8     kernel32:KERNEL32.dll
 0002:00000100       __imp_CreateToolhelp32Snapshot 0000000180019100     kernel32:KERNEL32.dll
 0002:00000108       __imp_VirtualProtect       0000000180019108     kernel32:KERNEL32.dll
 0002:00000110       __imp_WriteConsoleInputW   0000000180019110     kernel32:KERNEL32.dll
 0002:00000118       __imp_GetStdHandle         0000000180019118     kernel32:KERNEL32.dll
 0002:00000120       __imp_WideCharToMultiByte  0000000180019120     kernel32:KERNEL32.dll
 0002:00000128       __imp_LocalFree            0000000180019128     kernel32:KERNEL32.dll
 0002:00000130       __imp_ReadConsoleInputW    0000000180019130     kernel32:KERNEL32.dll
 0002:00000138       __imp_TerminateThread      0000000180019138     kernel32:KERNEL32.dll
 0002:00000140       __imp_lstrcpynA            0000000180019140     kernel32:KERNEL32.dll
 0002:00000148       __imp_MultiByteToWideChar  0000000180019148     kernel32:KERNEL32.dll
 0002:00000150       __imp_lstrlenA             0000000180019150     kernel32:KERNEL32.dll
 0002:00000158       __imp_LocalAlloc           0000000180019158     kernel32:KERNEL32.dll
 0002:00000160       __imp_FileTimeToSystemTime 0000000180019160     kernel32:KERNEL32.dll
 0002:00000168       __imp_GetExitCodeThread    0000000180019168     kernel32:KERNEL32.dll
 0002:00000170       __imp_WaitForMultipleObjects 0000000180019170     kernel32:KERNEL32.dll
 0002:00000178       __imp_CreateThread         0000000180019178     kernel32:KERNEL32.dll
 0002:00000180       __imp_CreateEventW         0000000180019180     kernel32:KERNEL32.dll
 0002:00000188       __imp_SetEvent             0000000180019188     kernel32:KERNEL32.dll
 0002:00000190       __imp_FindClose            0000000180019190     kernel32:KERNEL32.dll
 0002:00000198       __imp_FindNextFileW        0000000180019198     kernel32:KERNEL32.dll
 0002:000001a0       __imp_FreeLibrary          00000001800191a0     kernel32:KERNEL32.dll
 0002:000001a8       __imp_FindFirstFileW       00000001800191a8     kernel32:KERNEL32.dll
 0002:000001b0       __imp_GetTempPathW         00000001800191b0     kernel32:KERNEL32.dll
 0002:000001b8       __imp_IsBadReadPtr         00000001800191b8     kernel32:KERNEL32.dll
 0002:000001c0       __imp_ResetEvent           00000001800191c0     kernel32:KERNEL32.dll
 0002:000001c8       __imp_HeapCreate           00000001800191c8     kernel32:KERNEL32.dll
 0002:000001d0       __imp_HeapDestroy          00000001800191d0     kernel32:KERNEL32.dll
 0002:000001d8       __imp_HeapAlloc            00000001800191d8     kernel32:KERNEL32.dll
 0002:000001e0       __imp_HeapReAlloc          00000001800191e0     kernel32:KERNEL32.dll
 0002:000001e8       __imp_HeapFree             00000001800191e8     kernel32:KERNEL32.dll
 0002:000001f0       __imp_OpenThread           00000001800191f0     kernel32:KERNEL32.dll
 0002:000001f8       __imp_InitializeCriticalSection 00000001800191f8     kernel32:KERNEL32.dll
 0002:00000200       __imp_DeleteCriticalSection 0000000180019200     kernel32:KERNEL32.dll
 0002:00000208       __imp_EnterCriticalSection 0000000180019208     kernel32:KERNEL32.dll
 0002:00000210       __imp_LeaveCriticalSection 0000000180019210     kernel32:KERNEL32.dll
 0002:00000218       __imp_TryEnterCriticalSection 0000000180019218     kernel32:KERNEL32.dll
 0002:00000220       __imp_VerifyVersionInfoW   0000000180019220     kernel32:KERNEL32.dll
 0002:00000228       __imp_VerSetConditionMask  0000000180019228     kernel32:KERNEL32.dll
 0002:00000230       __imp_ReadConsoleOutputW   0000000180019230     kernel32:KERNEL32.dll
 0002:00000238       __imp_GetConsoleScreenBufferInfo 0000000180019238     kernel32:KERNEL32.dll
 0002:00000240       __imp_Process32NextW       0000000180019240     kernel32:KERNEL32.dll
 0002:00000248       __imp_Process32FirstW      0000000180019248     kernel32:KERNEL32.dll
 0002:00000250       __imp_CreateFileMappingW   0000000180019250     kernel32:KERNEL32.dll
 0002:00000258       __imp_GetCurrentProcess    0000000180019258     kernel32:KERNEL32.dll
 0002:00000260       __imp_RtlUnwindEx          0000000180019260     kernel32:KERNEL32.dll
 0002:00000268       __imp_FlsSetValue          0000000180019268     kernel32:KERNEL32.dll
 0002:00000270       __imp_GetCommandLineA      0000000180019270     kernel32:KERNEL32.dll
 0002:00000278       __imp_EncodePointer        0000000180019278     kernel32:KERNEL32.dll
 0002:00000280       __imp_DecodePointer        0000000180019280     kernel32:KERNEL32.dll
 0002:00000288       __imp_FlsGetValue          0000000180019288     kernel32:KERNEL32.dll
 0002:00000290       __imp_FlsFree              0000000180019290     kernel32:KERNEL32.dll
 0002:00000298       __imp_FlsAlloc             0000000180019298     kernel32:KERNEL32.dll
 0002:000002a0       __imp_ExitProcess          00000001800192a0     kernel32:KERNEL32.dll
 0002:000002a8       __imp_SetHandleCount       00000001800192a8     kernel32:KERNEL32.dll
 0002:000002b0       __imp_GetFileType          00000001800192b0     kernel32:KERNEL32.dll
 0002:000002b8       __imp_GetStartupInfoA      00000001800192b8     kernel32:KERNEL32.dll
 0002:000002c0       __imp_GetModuleFileNameA   00000001800192c0     kernel32:KERNEL32.dll
 0002:000002c8       __imp_FreeEnvironmentStringsA 00000001800192c8     kernel32:KERNEL32.dll
 0002:000002d0       __imp_GetEnvironmentStrings 00000001800192d0     kernel32:KERNEL32.dll
 0002:000002d8       __imp_FreeEnvironmentStringsW 00000001800192d8     kernel32:KERNEL32.dll
 0002:000002e0       __imp_GetEnvironmentStringsW 00000001800192e0     kernel32:KERNEL32.dll
 0002:000002e8       __imp_HeapSetInformation   00000001800192e8     kernel32:KERNEL32.dll
 0002:000002f0       __imp_QueryPerformanceCounter 00000001800192f0     kernel32:KERNEL32.dll
 0002:000002f8       __imp_LoadLibraryW         00000001800192f8     kernel32:KERNEL32.dll
 0002:00000300       __imp_GetCPInfo            0000000180019300     kernel32:KERNEL32.dll
 0002:00000308       __imp_GetACP               0000000180019308     kernel32:KERNEL32.dll
 0002:00000310       __imp_GetOEMCP             0000000180019310     kernel32:KERNEL32.dll
 0002:00000318       __imp_IsValidCodePage      0000000180019318     kernel32:KERNEL32.dll
 0002:00000320       __imp_TerminateProcess     0000000180019320     kernel32:KERNEL32.dll
 0002:00000328       __imp_UnhandledExceptionFilter 0000000180019328     kernel32:KERNEL32.dll
 0002:00000330       __imp_SetUnhandledExceptionFilter 0000000180019330     kernel32:KERNEL32.dll
 0002:00000338       __imp_RtlVirtualUnwind     0000000180019338     kernel32:KERNEL32.dll
 0002:00000340       __imp_RtlLookupFunctionEntry 0000000180019340     kernel32:KERNEL32.dll
 0002:00000348       __imp_RtlCaptureContext    0000000180019348     kernel32:KERNEL32.dll
 0002:00000350       __imp_LoadLibraryA         0000000180019350     kernel32:KERNEL32.dll
 0002:00000358       __imp_InitializeCriticalSectionAndSpinCount 0000000180019358     kernel32:KERNEL32.dll
 0002:00000360       __imp_GetLocaleInfoA       0000000180019360     kernel32:KERNEL32.dll
 0002:00000368       __imp_GetStringTypeA       0000000180019368     kernel32:KERNEL32.dll
 0002:00000370       __imp_GetStringTypeW       0000000180019370     kernel32:KERNEL32.dll
 0002:00000378       __imp_LCMapStringA         0000000180019378     kernel32:KERNEL32.dll
 0002:00000380       __imp_LCMapStringW         0000000180019380     kernel32:KERNEL32.dll
 0002:00000388       __imp_HeapSize             0000000180019388     kernel32:KERNEL32.dll
 0002:00000390       __imp_WriteFile            0000000180019390     kernel32:KERNEL32.dll
 0002:00000398       __imp_TransactNamedPipe    0000000180019398     kernel32:KERNEL32.dll
 0002:000003a0       __imp_ReadFile             00000001800193a0     kernel32:KERNEL32.dll
 0002:000003a8       __imp_CreateFileW          00000001800193a8     kernel32:KERNEL32.dll
 0002:000003b0       __imp_WaitForSingleObject  00000001800193b0     kernel32:KERNEL32.dll
 0002:000003b8       __imp_WaitNamedPipeW       00000001800193b8     kernel32:KERNEL32.dll
 0002:000003c0       __imp_Sleep                00000001800193c0     kernel32:KERNEL32.dll
 0002:000003c8       __imp_SetNamedPipeHandleState 00000001800193c8     kernel32:KERNEL32.dll
 0002:000003d0       __imp_GetModuleFileNameW   00000001800193d0     kernel32:KERNEL32.dll
 0002:000003d8       __imp_OpenFileMappingW     00000001800193d8     kernel32:KERNEL32.dll
 0002:000003e0       __imp_MapViewOfFile        00000001800193e0     kernel32:KERNEL32.dll
 0002:000003e8       __imp_UnmapViewOfFile      00000001800193e8     kernel32:KERNEL32.dll
 0002:000003f0       __imp_CloseHandle          00000001800193f0     kernel32:KERNEL32.dll
 0002:000003f8       __imp_SetLastError         00000001800193f8     kernel32:KERNEL32.dll
 0002:00000400       __imp_GetCurrentThreadId   0000000180019400     kernel32:KERNEL32.dll
 0002:00000408       __imp_GetCurrentProcessId  0000000180019408     kernel32:KERNEL32.dll
 0002:00000410       __imp_GetTickCount         0000000180019410     kernel32:KERNEL32.dll
 0002:00000418       __imp_GetLastError         0000000180019418     kernel32:KERNEL32.dll
 0002:00000420       __imp_IsDebuggerPresent    0000000180019420     kernel32:KERNEL32.dll
 0002:00000428       __imp_lstrcmpiW            0000000180019428     kernel32:KERNEL32.dll
 0002:00000430       __imp_lstrcmpW             0000000180019430     kernel32:KERNEL32.dll
 0002:00000438       __imp_GetModuleHandleW     0000000180019438     kernel32:KERNEL32.dll
 0002:00000440       __imp_GetProcAddress       0000000180019440     kernel32:KERNEL32.dll
 0002:00000448       __imp_lstrcpynW            0000000180019448     kernel32:KERNEL32.dll
 0002:00000450       __imp_lstrlenW             0000000180019450     kernel32:KERNEL32.dll
 0002:00000458       __imp_SetEnvironmentVariableW 0000000180019458     kernel32:KERNEL32.dll
 0002:00000460       __imp_GetSystemTimeAsFileTime 0000000180019460     kernel32:KERNEL32.dll
 0002:00000468       \177KERNEL32_NULL_THUNK_DATA 0000000180019468     kernel32:KERNEL32.dll
 0002:00000470       __imp_SHGetFileInfoW       0000000180019470     shell32:SHELL32.dll
 0002:00000478       \177SHELL32_NULL_THUNK_DATA 0000000180019478     shell32:SHELL32.dll
 0002:00000480       __imp_DispatchMessageW     0000000180019480     user32:USER32.dll
 0002:00000488       __imp_RegisterWindowMessageW 0000000180019488     user32:USER32.dll
 0002:00000490       __imp_ReleaseDC            0000000180019490     user32:USER32.dll
 0002:00000498       __imp_GetDC                0000000180019498     user32:USER32.dll
 0002:000004a0       __imp_DestroyIcon          00000001800194a0     user32:USER32.dll
 0002:000004a8       __imp_DrawIconEx           00000001800194a8     user32:USER32.dll
 0002:000004b0       __imp_GetIconInfo          00000001800194b0     user32:USER32.dll
 0002:000004b8       __imp_LoadIconW            00000001800194b8     user32:USER32.dll
 0002:000004c0       __imp_ShowWindow           00000001800194c0     user32:USER32.dll
 0002:000004c8       __imp_LoadCursorW          00000001800194c8     user32:USER32.dll
 0002:000004d0       __imp_RegisterClassW       00000001800194d0     user32:USER32.dll
 0002:000004d8       __imp_CreateWindowExW      00000001800194d8     user32:USER32.dll
 0002:000004e0       __imp_GetWindowLongPtrW    00000001800194e0     user32:USER32.dll
 0002:000004e8       __imp_SetWindowLongW       00000001800194e8     user32:USER32.dll
 0002:000004f0       __imp_DefWindowProcW       00000001800194f0     user32:USER32.dll
 0002:000004f8       __imp_DestroyWindow        00000001800194f8     user32:USER32.dll
 0002:00000500       __imp_PostThreadMessageW   0000000180019500     user32:USER32.dll
 0002:00000508       __imp_GetMessageW          0000000180019508     user32:USER32.dll
 0002:00000510       __imp_EndPaint             0000000180019510     user32:USER32.dll
 0002:00000518       __imp_SetWindowLongPtrW    0000000180019518     user32:USER32.dll
 0002:00000520       __imp_InvalidateRect       0000000180019520     user32:USER32.dll
 0002:00000528       __imp_DrawTextW            0000000180019528     user32:USER32.dll
 0002:00000530       __imp_FillRect             0000000180019530     user32:USER32.dll
 0002:00000538       __imp_ShowWindowAsync      0000000180019538     user32:USER32.dll
 0002:00000540       __imp_PostMessageW         0000000180019540     user32:USER32.dll
 0002:00000548       __imp_GetWindowThreadProcessId 0000000180019548     user32:USER32.dll
 0002:00000550       __imp_MessageBoxW          0000000180019550     user32:USER32.dll
 0002:00000558       __imp_IsWindowVisible      0000000180019558     user32:USER32.dll
 0002:00000560       __imp_GetClientRect        0000000180019560     user32:USER32.dll
 0002:00000568       __imp_MapWindowPoints      0000000180019568     user32:USER32.dll
 0002:00000570       __imp_ChildWindowFromPointEx 0000000180019570     user32:USER32.dll
 0002:00000578       __imp_WindowFromPoint      0000000180019578     user32:USER32.dll
 0002:00000580       __imp_GetClassNameW        0000000180019580     user32:USER32.dll
 0002:00000588       __imp_IntersectRect        0000000180019588     user32:USER32.dll
 0002:00000590       __imp_GetKeyState          0000000180019590     user32:USER32.dll
 0002:00000598       __imp_wsprintfW            0000000180019598     user32:USER32.dll
 0002:000005a0       __imp_IsWindow             00000001800195a0     user32:USER32.dll
 0002:000005a8       __imp_MapVirtualKeyW       00000001800195a8     user32:USER32.dll
 0002:000005b0       __imp_BeginPaint           00000001800195b0     user32:USER32.dll
 0002:000005b8       __imp_UnregisterClassW     00000001800195b8     user32:USER32.dll
 0002:000005c0       \177USER32_NULL_THUNK_DATA 00000001800195c0     user32:USER32.dll
 0002:000005c8       __imp_GetFileVersionInfoW  00000001800195c8     version:VERSION.dll
 0002:000005d0       __imp_VerQueryValueW       00000001800195d0     version:VERSION.dll
 0002:000005d8       __imp_GetFileVersionInfoSizeW 00000001800195d8     version:VERSION.dll
 0002:000005e0       \177VERSION_NULL_THUNK_DATA 00000001800195e0     version:VERSION.dll
 0002:000005e8       __imp_CoInitialize         00000001800195e8     ole32:ole32.dll
 0002:000005f0       __imp_CoUninitialize       00000001800195f0     ole32:ole32.dll
 0002:000005f8       \177ole32_NULL_THUNK_DATA  00000001800195f8     ole32:ole32.dll
 0002:00000600       __xc_a                     0000000180019600     libcmt:crt0init.obj
 0002:00000608       __xc_z                     0000000180019608     libcmt:crt0init.obj
 0002:00000610       __xi_a                     0000000180019610     libcmt:crt0init.obj
 0002:00000628       __xi_z                     0000000180019628     libcmt:crt0init.obj
 0002:00000630       __xp_a                     0000000180019630     libcmt:crt0init.obj
 0002:00000638       __xp_z                     0000000180019638     libcmt:crt0init.obj
 0002:00000640       __xt_a                     0000000180019640     libcmt:crt0init.obj
 0002:00000648       __xt_z                     0000000180019648     libcmt:crt0init.obj
 0002:00000650       ??_C@_1EHK@JMHPNAMN@?$AAA?$AAC?$AAT?$AAI?$AAV?$AAA?$AAT?$AAE?$AA?$AA?$AAA?$AAL?$AAI?$AAA?$AAS?$AA?$AA?$AAA?$AAS?$AAS?$AAO?$AAC?$AA?$AA?$AAA?$AAT?$AAT?$AAR?$AAI?$AAB?$AA?$AA?$AAB?$AAE?$AAE?$AAP@ 0000000180019650     CmdLine.obj
 0002:00000acc       ??_C@_11LOCGONAA@?$AA?$AA@ 0000000180019acc     CmdLine.obj
 0002:00000ad0       ??_C@_13FPGAJAPJ@?$AA?2?$AA?$AA@ 0000000180019ad0     CmdLine.obj
 0002:00000ad8       ??_C@_1BA@LEPJIIOK@?$AAU?$AAn?$AAk?$AAn?$AAo?$AAw?$AAn?$AA?$AA@ 0000000180019ad8     ConEmuCheck.obj
 0002:00000af0       ??_C@_1EM@INHGIPLC@?$AA?$CF?$AAs?$AA?4?$AA?$CF?$AAu?$AA?3?$AA?5?$AAC?$AAr?$AAe?$AAa?$AAt?$AAe?$AAF?$AAi?$AAl?$AAe?$AA?$CI?$AA?$CF?$AAs?$AA?$CJ?$AA?5?$AAf?$AAa?$AAi?$AAl?$AAe?$AAd?$AA?0?$AA?5?$AAc?$AAo@ 0000000180019af0     ConEmuCheck.obj
 0002:00000b40       ??_C@_1DC@MJLCOFMA@?$AA?2?$AA?2?$AA?$CF?$AAs?$AA?2?$AAp?$AAi?$AAp?$AAe?$AA?2?$AAC?$AAo?$AAn?$AAE?$AAm?$AAu?$AAG?$AAu?$AAi?$AA?4?$AA?$CF?$AA0?$AA8?$AAX?$AA?$AA@ 0000000180019b40     ConEmuCheck.obj
 0002:00000b74       ??_C@_13JOFGPIOO@?$AA?4?$AA?$AA@ 0000000180019b74     ConEmuCheck.obj
 0002:00000b80       ??_C@_1FO@BGAPBIGG@?$AAC?$AAa?$AAn?$AA?8?$AAt?$AA?5?$AAm?$AAa?$AAp?$AA?5?$AAc?$AAo?$AAn?$AAs?$AAo?$AAl?$AAe?$AA?5?$AAi?$AAn?$AAf?$AAo?$AA?5?$AA?$CI?$AA?$CF?$AAs?$AA?$CJ?$AA?4?$AA?5?$AAE?$AAr?$AAr@ 0000000180019b80     ConEmuCheck.obj
 0002:00000be0       ??_C@_19EOHDNDII@?$AAR?$AAe?$AAa?$AAd?$AA?$AA@ 0000000180019be0     ConEmuCheck.obj
 0002:00000bf0       ??_C@_1BE@HADLJAO@?$AAR?$AAe?$AAa?$AAd?$AAW?$AAr?$AAi?$AAt?$AAe?$AA?$AA@ 0000000180019bf0     ConEmuCheck.obj
 0002:00000c10       ??_C@_1GM@LGOLGABE@?$AAC?$AAa?$AAn?$AA?8?$AAt?$AA?5?$AA?$CF?$AAs?$AA?5?$AAc?$AAo?$AAn?$AAs?$AAo?$AAl?$AAe?$AA?5?$AAd?$AAa?$AAt?$AAa?$AA?5?$AAf?$AAi?$AAl?$AAe?$AA?5?$AAm?$AAa?$AAp?$AAp?$AAi@ 0000000180019c10     ConEmuCheck.obj
 0002:00000c80       ??_C@_19BDAJEHDN@?$AAo?$AAp?$AAe?$AAn?$AA?$AA@ 0000000180019c80     ConEmuCheck.obj
 0002:00000c90       ??_C@_1O@KBENBEFG@?$AAc?$AAr?$AAe?$AAa?$AAt?$AAe?$AA?$AA@ 0000000180019c90     ConEmuCheck.obj
 0002:00000ca0       ??_C@_1GK@OGACKIKJ@?$AAI?$AAn?$AAt?$AAe?$AAr?$AAn?$AAa?$AAl?$AA?5?$AAe?$AAr?$AAr?$AAo?$AAr?$AA?4?$AA?5?$AAM?$AAa?$AAp?$AAp?$AAi?$AAn?$AAg?$AA?5?$AAf?$AAi?$AAl?$AAe?$AA?5?$AAn?$AAa?$AAm@ 0000000180019ca0     ConEmuCheck.obj
 0002:00000d10       ??_C@_0BF@NLPJFAHE@ProcessSynchroEventW?$AA@ 0000000180019d10     ConEmuTh.obj
 0002:00000d28       ??_C@_08BCACMCCB@ExitFARW?$AA@ 0000000180019d28     ConEmuTh.obj
 0002:00000d38       ??_C@_1CA@GGFPMHLH@?$AA?6?$AAE?$AAr?$AAr?$AAC?$AAo?$AAd?$AAe?$AA?$DN?$AA0?$AAx?$AA?$CF?$AA0?$AA8?$AAX?$AA?$AA@ 0000000180019d38     ConEmuTh.obj
 0002:00000d60       ??_C@_1FG@LNADFPCE@?$AAL?$AAo?$AAa?$AAd?$AAF?$AAa?$AAr?$AAV?$AAe?$AAr?$AAs?$AAi?$AAo?$AAn?$AA?4?$AAG?$AAe?$AAt?$AAM?$AAo?$AAd?$AAu?$AAl?$AAe?$AAF?$AAi?$AAl?$AAe?$AAN?$AAa?$AAm?$AAe@ 0000000180019d60     ConEmuTh.obj
 0002:00000dc0       ??_C@_1GC@COKOAMPP@?$AAL?$AAo?$AAa?$AAd?$AAF?$AAa?$AAr?$AAV?$AAe?$AAr?$AAs?$AAi?$AAo?$AAn?$AA?4?$AAG?$AAe?$AAt?$AAF?$AAi?$AAl?$AAe?$AAV?$AAe?$AAr?$AAs?$AAi?$AAo?$AAn?$AAI?$AAn?$AAf@ 0000000180019dc0     ConEmuTh.obj
 0002:00000e30       ??_C@_1GC@BJIMIHFH@?$AAL?$AAo?$AAa?$AAd?$AAF?$AAa?$AAr?$AAV?$AAe?$AAr?$AAs?$AAi?$AAo?$AAn?$AA?5?$AAf?$AAa?$AAi?$AAl?$AAe?$AAd?$AA?$CB?$AA?5?$AAC?$AAa?$AAn?$AA?8?$AAt?$AA?5?$AAa?$AAl?$AAl@ 0000000180019e30     ConEmuTh.obj
 0002:00000ea0       ??_C@_1FK@EOBKNMNM@?$AAL?$AAo?$AAa?$AAd?$AAF?$AAa?$AAr?$AAV?$AAe?$AAr?$AAs?$AAi?$AAo?$AAn?$AA?4?$AAG?$AAe?$AAt?$AAF?$AAi?$AAl?$AAe?$AAV?$AAe?$AAr?$AAs?$AAi?$AAo?$AAn?$AAI?$AAn?$AAf@ 0000000180019ea0     ConEmuTh.obj
 0002:00000f00       ??_C@_1FG@LALGGOEO@?$AAL?$AAo?$AAa?$AAd?$AAF?$AAa?$AAr?$AAV?$AAe?$AAr?$AAs?$AAi?$AAo?$AAn?$AA?4?$AAV?$AAe?$AAr?$AAQ?$AAu?$AAe?$AAr?$AAy?$AAV?$AAa?$AAl?$AAu?$AAe?$AA?$CI?$AA?$CC?$AA?2?$AA?$CC@ 0000000180019f00     ConEmuTh.obj
 0002:00000f58       ??_C@_1BO@KCLMEFLE@?$AAR?$AAi?$AAg?$AAh?$AAt?$AAP?$AAa?$AAn?$AAe?$AAl?$AAV?$AAi?$AAe?$AAw?$AA?$AA@ 0000000180019f58     ConEmuTh.obj
 0002:00000f78       ??_C@_1BM@HEIDIPPL@?$AAL?$AAe?$AAf?$AAt?$AAP?$AAa?$AAn?$AAe?$AAl?$AAV?$AAi?$AAe?$AAw?$AA?$AA@ 0000000180019f78     ConEmuTh.obj
 0002:00000f98       ??_C@_1DC@FOGHAECG@?$AAF?$AAa?$AAr?$AAM?$AAu?$AAl?$AAt?$AAi?$AAV?$AAi?$AAe?$AAw?$AAC?$AAo?$AAn?$AAt?$AAr?$AAo?$AAl?$AAC?$AAl?$AAa?$AAs?$AAs?$AA?$AA@ 0000000180019f98     ConEmuTh.obj
 0002:00000fd0       ??_C@_1DG@DBEAEOKG@?$AAF?$AAa?$AAr?$AAP?$AAi?$AAc?$AAt?$AAu?$AAr?$AAe?$AAV?$AAi?$AAe?$AAw?$AAC?$AAo?$AAn?$AAt?$AAr?$AAo?$AAl?$AAC?$AAl?$AAa?$AAs?$AAs?$AA?$AA@ 0000000180019fd0     ConEmuTh.obj
 0002:00001008       ??_C@_1BI@GILFJGEK@?$AAB?$AAu?$AAt?$AAt?$AAo?$AAn?$AAC?$AAo?$AAl?$AAo?$AAr?$AA?$AA@ 000000018001a008     ConEmuTh.obj
 0002:00001020       ??_C@_1BK@NFAPLMGI@?$AAS?$AAe?$AAp?$AAa?$AAr?$AAa?$AAt?$AAe?$AAT?$AAa?$AAb?$AAs?$AA?$AA@ 000000018001a020     ConEmuTh.obj
 0002:00001040       ??_C@_1CG@HOMCPCN@?$AA?2?$AAP?$AAl?$AAu?$AAg?$AAi?$AAn?$AAs?$AA?2?$AAP?$AAa?$AAn?$AAe?$AAl?$AAT?$AAa?$AAb?$AAs?$AA?$AA@ 000000018001a040     ConEmuTh.obj
 0002:00001068       ??_C@_1O@EMLLFJNI@?$AAA?$AAc?$AAt?$AAi?$AAv?$AAe?$AA?$AA@ 000000018001a068     ConEmuTh.obj
 0002:00001078       ??_C@_1BM@OLHABKH@?$AAF?$AAa?$AAr?$AAT?$AAh?$AAu?$AAm?$AAb?$AAn?$AAa?$AAi?$AAl?$AAs?$AA?$AA@ 000000018001a078     ConEmuTh.obj
 0002:00001098       ??_C@_1DM@JLCDNDHD@?$AAC?$AAo?$AAn?$AAE?$AAm?$AAu?$AAP?$AAa?$AAn?$AAe?$AAl?$AAV?$AAi?$AAe?$AAw?$AAD?$AAl?$AAg?$AAs?$AAM?$AAa?$AAp?$AAp?$AAi?$AAn?$AAg?$AA?4?$AA?$CF?$AAu?$AA?$AA@ 000000018001a098     ConEmuTh.obj
 0002:000010d8       ??_C@_1BC@DJOGOIHN@?$AAC?$AAo?$AAn?$AAE?$AAm?$AAu?$AAT?$AAh?$AA?$AA@ 000000018001a0d8     ConEmuTh.obj
 0002:000010f0       ??_C@_1DM@OLPDHEPA@?$AAF?$AAa?$AAi?$AAl?$AAe?$AAd?$AA?5?$AAt?$AAo?$AA?5?$AAg?$AAe?$AAt?$AA?5?$AAC?$AAo?$AAn?$AAE?$AAm?$AAu?$AA?5?$AAp?$AAa?$AAl?$AAe?$AAt?$AAt?$AAe?$AA?$CB?$AA?$AA@ 000000018001a0f0     ConEmuTh.obj
 0002:00001130       ??_C@_1DA@BMIFHIMF@?$AAC?$AAo?$AAn?$AAE?$AAm?$AAu?$AAV?$AAi?$AAe?$AAw?$AAS?$AAe?$AAt?$AAM?$AAa?$AAp?$AAp?$AAi?$AAn?$AAg?$AA?4?$AA?$CF?$AAu?$AA?$AA@ 000000018001a130     ConEmuTh.obj
 0002:00001160       ??_C@_0M@FMNOKGGE@GetFarHWND2?$AA@ 000000018001a160     ConEmuTh.obj
 0002:00001170       ??_C@_0BC@MKJHPCEO@RegisterPanelView?$AA@ 000000018001a170     ConEmuTh.obj
 0002:00001188       ??_C@_1BO@ONHPLONP@?$AAC?$AAo?$AAn?$AAE?$AAm?$AAu?$AA?4?$AAx?$AA6?$AA4?$AA?4?$AAd?$AAl?$AAl?$AA?$AA@ 000000018001a188     ConEmuTh.obj
 0002:000011a8       ??_C@_17JLFEDMMI@?$AA?$DP?$AA?$DP?$AA?$DP?$AA?$AA@ 000000018001a1a8     ConEmuTh1900.obj
 0002:000011b0       ??_C@_1BC@IALIJCAM@?$AAS?$AAo?$AAr?$AAt?$AAM?$AAo?$AAd?$AAe?$AA?$AA@ 000000018001a1b0     ConEmuTh1900.obj
 0002:000011c8       ??_C@_1BG@MHMKAABO@?$AAS?$AAt?$AAa?$AAt?$AAu?$AAs?$AAL?$AAi?$AAn?$AAe?$AA?$AA@ 000000018001a1c8     ConEmuTh1900.obj
 0002:000011e0       ??_C@_1BK@MBFACEDG@?$AAC?$AAo?$AAl?$AAu?$AAm?$AAn?$AAT?$AAi?$AAt?$AAl?$AAe?$AAs?$AA?$AA@ 000000018001a1e0     ConEmuTh1900.obj
 0002:00001200       ??_C@_1O@PDEOIOBG@?$AAK?$AAe?$AAy?$AAB?$AAa?$AAr?$AA?$AA@ 000000018001a200     ConEmuTh1900.obj
 0002:00001210       ??_C@_1BI@EKLHEFDO@?$AAS?$AAh?$AAo?$AAw?$AAM?$AAe?$AAn?$AAu?$AAB?$AAa?$AAr?$AA?$AA@ 000000018001a210     ConEmuTh1900.obj
 0002:00001228       ??_C@_1DE@DJEAMLPH@?$AAC?$AAo?$AAn?$AAE?$AAm?$AAu?$AA?4?$AAM?$AAa?$AAx?$AAi?$AAm?$AAu?$AAs?$AA5?$AA?$EA?$AAg?$AAm?$AAa?$AAi?$AAl?$AA?4?$AAc?$AAo?$AAm?$AA?$AA@ 000000018001a228     ConEmuTh2800.obj
 0002:00001260       ??_C@_1EM@OOFEGLCO@?$AAT?$AAh?$AAu?$AAm?$AAb?$AAn?$AAa?$AAi?$AAl?$AAs?$AA?5?$AAa?$AAn?$AAd?$AA?5?$AAT?$AAi?$AAl?$AAe?$AAs?$AA?5?$AAi?$AAn?$AA?5?$AAC?$AAo?$AAn?$AAE?$AAm?$AAu?$AA?5?$AAw@ 000000018001a260     ConEmuTh2800.obj
 0002:000012b0       ??_C@_1CG@DMGPLFKD@?$AAC?$AAo?$AAn?$AAE?$AAm?$AAu?$AA?5?$AAP?$AAa?$AAn?$AAe?$AAl?$AA?5?$AAV?$AAi?$AAe?$AAw?$AAs?$AA?$AA@ 000000018001a2b0     ConEmuTh2800.obj
 0002:000012d8       ??_C@_1BG@LBJCGLOJ@?$AAS?$AAe?$AAt?$AAC?$AAu?$AAr?$AAI?$AAt?$AAe?$AAm?$AA?$AA@ 000000018001a2d8     ConEmuTh2800.obj
 0002:000012f0       ??_C@_1HI@BNDPAPFP@?$AA?$CF?$AAs?$AA?5?$AA?$CF?$AAs?$AA?$CI?$AA?$CC?$AAb?$AAd?$AA4?$AA5?$AA4?$AAd?$AA4?$AA8?$AA?9?$AA4?$AA4?$AA8?$AAe?$AA?9?$AA4?$AA6?$AAc?$AAc?$AA?9?$AA9?$AA0?$AA9?$AAd?$AA?9?$AAb@ 000000018001a2f0     ConEmuTh2800.obj
 0002:00001368       ??_C@_1CA@GIGEMLLA@?$AAP?$AAl?$AAu?$AAg?$AAi?$AAn?$AA?4?$AAS?$AAy?$AAn?$AAc?$AAC?$AAa?$AAl?$AAl?$AA?$AA@ 000000018001a368     ConEmuTh2800.obj
 0002:00001390       ??_C@_1EI@PNMHLKGC@?$AAi?$AAf?$AA?5?$AAA?$AAr?$AAe?$AAa?$AA?4?$AAS?$AAe?$AAa?$AAr?$AAc?$AAh?$AA?5?$AAt?$AAh?$AAe?$AAn?$AA?5?$AAK?$AAe?$AAy?$AAs?$AA?$CI?$AA?$CC?$AAE?$AAs?$AAc?$AA?$CC?$AA?$CJ?$AA?5@ 000000018001a390     ConEmuTh2800.obj
 0002:000013d8       ??_C@_1BG@PKDGNNAF@?$AAc?$AAa?$AAl?$AAl?$AAp?$AAl?$AAu?$AAg?$AAi?$AAn?$AA?$AA@ 000000018001a3d8     ConEmuTh2800.obj
 0002:000013f0       ??_C@_1CM@IICFOBPI@?$AA$?$AAi?$AAf?$AA?5?$AA?$CI?$AAS?$AAe?$AAa?$AAr?$AAc?$AAh?$AA?$CJ?$AA?5?$AAE?$AAs?$AAc?$AA?5?$AA$?$AAe?$AAn?$AAd?$AA?$AA@ 000000018001a3f0     ConEmuTh2800.obj
 0002:00001420       ??_C@_1BE@LFJLOEAN@?$AAC?$AAo?$AAn?$AAE?$AAm?$AAu?$AAT?$AAh?$AA?2?$AA?$AA@ 000000018001a420     ConEmuTh995.obj
 0002:00001460       ??_C@_1EK@NOCLDABL@?$AAi?$AAf?$AA?5?$AA?$CF?$AAc?$AAP?$AAa?$AAn?$AAe?$AAl?$AA?4?$AAL?$AAe?$AAf?$AAt?$AA?5?$AAt?$AAh?$AAe?$AAn?$AA?5?$AAK?$AAe?$AAy?$AAs?$AA?$CI?$AA?$CC?$AAT?$AAa?$AAb?$AA?$CC?$AA?$CJ@ 000000018001a460     Display.obj
 0002:000014b0       ??_C@_1DI@DLGGKEIH@?$AA$?$AAI?$AAf?$AA?5?$AA?$CI?$AA?$CF?$AAc?$AAP?$AAa?$AAn?$AAe?$AAl?$AA?4?$AAL?$AAe?$AAf?$AAt?$AA?$CJ?$AA?5?$AAT?$AAa?$AAb?$AA?5?$AA$?$AAE?$AAn?$AAd?$AA?$AA@ 000000018001a4b0     Display.obj
 0002:000014e8       ??_C@_1M@KOMOBEPM@?$AA?$CF?$AAi?$AA?5?$AA?$CF?$AAc?$AA?$AA@ 000000018001a4e8     Display.obj
 0002:000014f8       ??_C@_1BG@NLGHAGA@?$AA?$CF?$AAi?$AA?0?$AA?$CF?$AA0?$AA3?$AAi?$AA?5?$AA?$CF?$AAc?$AA?$AA@ 000000018001a4f8     Display.obj
 0002:00001510       ??_C@_1O@NLGMKEDN@?$AAB?$AAK?$AAM?$AAG?$AAT?$AAP?$AA?$AA@ 000000018001a510     Display.obj
 0002:00001520       ??_C@_1CO@LEOKLKOD@?$AA?$CF?$AA0?$AA2?$AAi?$AA?4?$AA?$CF?$AA0?$AA2?$AAi?$AA?4?$AA?$CF?$AA0?$AA2?$AAi?$AA?5?$AA?$CF?$AAi?$AA?3?$AA?$CF?$AA0?$AA2?$AAi?$AA?$AA@ 000000018001a520     Display.obj
 0002:00001550       ??_C@_1CM@MJKKOLFD@?$AAC?$AAo?$AAn?$AAE?$AAm?$AAu?$AA?4?$AA?$CF?$AAs?$AAP?$AAa?$AAn?$AAe?$AAl?$AAV?$AAi?$AAe?$AAw?$AA?4?$AA?$CF?$AAi?$AA?$AA@ 000000018001a550     Display.obj
 0002:00001580       ??_C@_1M@KDEMMBOH@?$AAR?$AAi?$AAg?$AAh?$AAt?$AA?$AA@ 000000018001a580     Display.obj
 0002:00001590       ??_C@_19DKAIAFPE@?$AAL?$AAe?$AAf?$AAt?$AA?$AA@ 000000018001a590     Display.obj
 0002:000015a0       ??_C@_1CI@GNBJKMME@?$AAC?$AAo?$AAn?$AAE?$AAm?$AAu?$AAT?$AAh?$AA?3?$AA?3?$AAM?$AAa?$AAp?$AAC?$AAo?$AAo?$AAr?$AAd?$AAs?$AA?$AA@ 000000018001a5a0     Display.obj
 0002:000015c8       ??_C@_1CG@OILEFJJN@?$AAC?$AAo?$AAn?$AAE?$AAm?$AAu?$AAT?$AAh?$AA?3?$AA?3?$AAS?$AAe?$AAt?$AAt?$AAi?$AAn?$AAg?$AAs?$AA?$AA@ 000000018001a5c8     Display.obj
 0002:000015f0       ??_C@_1BO@IPKBELC@?$AAC?$AAo?$AAn?$AAE?$AAm?$AAu?$AAT?$AAh?$AA?3?$AA?3?$AAF?$AAa?$AAd?$AAe?$AA?$AA@ 000000018001a5f0     Display.obj
 0002:00001610       ??_C@_0L@DOHHADLD@CET_Cancel?$AA@ 000000018001a610     ImgCache.obj
 0002:00001620       ??_C@_08PFMFDMEL@CET_Free?$AA@ 000000018001a620     ImgCache.obj
 0002:00001630       ??_C@_08DBEDCDF@CET_Load?$AA@ 000000018001a630     ImgCache.obj
 0002:00001640       ??_C@_08CBCDAPII@CET_Done?$AA@ 000000018001a640     ImgCache.obj
 0002:00001650       ??_C@_08DHJJJJMJ@CET_Init?$AA@ 000000018001a650     ImgCache.obj
 0002:00001660       ??_C@_1M@KCMICNEG@?$AA?$CK?$AA?4?$AAt?$AA6?$AA4?$AA?$AA@ 000000018001a660     ImgCache.obj
 0002:00001670       ??_C@_1BO@EOFABIPH@?$AAC?$AAo?$AAn?$AAE?$AAm?$AAu?$AAT?$AAh?$AA?4?$AAc?$AAa?$AAc?$AAh?$AAe?$AA?$AA@ 000000018001a670     ImgCache.obj
 0002:00001690       ??_C@_15DDHGOCBH@?$AA?4?$AA?4?$AA?$AA@ 000000018001a690     ImgCache.obj
 0002:00001698       ??_C@_19DDLLJDOO@?$AAF?$AAi?$AAl?$AAe?$AA?$AA@ 000000018001a698     ImgCache.obj
 0002:000016a8       ??_C@_0N@DDFPJHDO@_GetFileData?$AA@ 000000018001a6a8     ImgCache.obj
 0002:000016b8       ??_C@_1BE@DFPCIADA@?$AAP?$AAB?$AAF?$AAa?$AAr?$AA?4?$AAd?$AAl?$AAl?$AA?$AA@ 000000018001a6b8     ImgCache.obj
 0002:000016d0       ??_C@_19EBFDIIDI@?$AA?4?$AAw?$AAm?$AAf?$AA?$AA@ 000000018001a6d0     ImgCache.obj
 0002:000016e0       ??_C@_19HFLOJEOK@?$AA?4?$AAp?$AAn?$AAg?$AA?$AA@ 000000018001a6e0     ImgCache.obj
 0002:000016f0       ??_C@_19GPGAIFNL@?$AA?4?$AAi?$AAc?$AAo?$AA?$AA@ 000000018001a6f0     ImgCache.obj
 0002:00001700       ??_C@_19KGHJPLAF@?$AA?4?$AAg?$AAi?$AAf?$AA?$AA@ 000000018001a700     ImgCache.obj
 0002:00001710       ??_C@_19HKLPDE@?$AA?4?$AAb?$AAm?$AAp?$AA?$AA@ 000000018001a710     ImgCache.obj
 0002:00001720       ??_7?$CQueueProcessor@PEAUIMAGE_CACHE_INFO@@@@6B@ 000000018001a720     ImgCache.obj
 0002:00001790       ??_7CImgLoader@@6B@        000000018001a790     ImgCache.obj
 0002:00001808       ??_C@_0BK@DNNLOFO@SetSecurityDescriptorDacl?$AA@ 000000018001a808     MSecurity.obj
 0002:00001828       ??_C@_0BN@FNLANPJJ@InitializeSecurityDescriptor?$AA@ 000000018001a828     MSecurity.obj
 0002:00001848       ??_C@_0O@GKCEJBAA@InitializeAcl?$AA@ 000000018001a848     MSecurity.obj
 0002:00001858       ??_C@_0N@HBKDHKNL@GetLengthSid?$AA@ 000000018001a858     MSecurity.obj
 0002:00001868       ??_C@_0BJ@ECIKFEOL@AllocateAndInitializeSid?$AA@ 000000018001a868     MSecurity.obj
 0002:00001888       ??_C@_0BD@EIGAJLOG@AddAccessDeniedAce?$AA@ 000000018001a888     MSecurity.obj
 0002:000018a0       ??_C@_0BE@IPKPLIM@AddAccessAllowedAce?$AA@ 000000018001a8a0     MSecurity.obj
 0002:000018b8       ??_C@_1BK@BIGILECK@?$AAA?$AAd?$AAv?$AAa?$AAp?$AAi?$AA3?$AA2?$AA?4?$AAd?$AAl?$AAl?$AA?$AA@ 000000018001a8b8     MSecurity.obj
 0002:000018d8       ??_C@_1BO@HJHEFHMO@?$AAK?$AAe?$AAr?$AAn?$AAe?$AAl?$AAB?$AAa?$AAs?$AAe?$AA?4?$AAd?$AAl?$AAl?$AA?$AA@ 000000018001a8d8     MSecurity.obj
 0002:000018f8       ??_C@_15LKGMKBFA@?$AA0?$AA0?$AA?$AA@ 000000018001a8f8     MStrSafe.obj
 0002:00001900       ??_C@_1BC@LMIJMNIA@?$AA0?$AA0?$AA0?$AA0?$AA0?$AA0?$AA0?$AA0?$AA?$AA@ 000000018001a900     MStrSafe.obj
 0002:00001918       ??_C@_1CA@DHOHMJCG@?$AAU?$AAn?$AAi?$AAc?$AAo?$AAd?$AAe?$AA?5?$AAC?$AAh?$AAa?$AAr?$AAM?$AAa?$AAp?$AA?$AA@ 000000018001a918     RgnDetect.obj
 0002:00001938       ??_C@_1BI@MPDCNJBA@?$AAt?$AAl?$AAn?$AAt?$AAs?$AAv?$AAr?$AA?4?$AAe?$AAx?$AAe?$AA?$AA@ 000000018001a938     WObjects.obj
 0002:00001950       ??_C@_1BK@HHKNEJDC@?$AAt?$AAl?$AAn?$AAt?$AAs?$AAe?$AAs?$AAs?$AA?4?$AAe?$AAx?$AAe?$AA?$AA@ 000000018001a950     WObjects.obj
 0002:00001970       _pDefaultRawDllMain        000000018001a970     libcmt:dllcrt0.obj
 0002:00001970       _pRawDllMain               000000018001a970     libcmt:dllcrt0.obj
 0002:00001978       ??_C@_0P@MIGLKIOC@CorExitProcess?$AA@ 000000018001a978     libcmt:crt0dat.obj
 0002:00001988       ??_C@_1BI@BGOHAHKC@?$AAm?$AAs?$AAc?$AAo?$AAr?$AAe?$AAe?$AA?4?$AAd?$AAl?$AAl?$AA?$AA@ 000000018001a988     libcmt:crt0dat.obj
 0002:000019a0       _XcptActTab                000000018001a9a0     libcmt:winxfltr.obj
 0002:00001ac0       ??_C@_0P@GGKDKEEG@runtime?5error?5?$AA@ 000000018001aac0     libcmt:crt0msg.obj
 0002:00001ad0       ??_C@_02PCIJFNDE@?$AN?6?$AA@ 000000018001aad0     libcmt:crt0msg.obj
 0002:00001ad8       ??_C@_0O@MJNIPGOH@TLOSS?5error?$AN?6?$AA@ 000000018001aad8     libcmt:crt0msg.obj
 0002:00001ae8       ??_C@_0N@BONNPDHF@SING?5error?$AN?6?$AA@ 000000018001aae8     libcmt:crt0msg.obj
 0002:00001af8       ??_C@_0P@MBDAJNE@DOMAIN?5error?$AN?6?$AA@ 000000018001aaf8     libcmt:crt0msg.obj
 0002:00001b10       ??_C@_0JL@DFDOOABL@R6034?$AN?6An?5application?5has?5made?5a@ 000000018001ab10     libcmt:crt0msg.obj
 0002:00001bb0       ??_C@_0PH@EPAFIJ@R6033?$AN?6?9?5Attempt?5to?5use?5MSIL?5cod@ 000000018001abb0     libcmt:crt0msg.obj
 0002:00001ca8       ??_C@_0DD@BKEEABMM@R6032?$AN?6?9?5not?5enough?5space?5for?5lo@ 000000018001aca8     libcmt:crt0msg.obj
 0002:00001ce0       ??_C@_0GD@OFKILIED@R6031?$AN?6?9?5Attempt?5to?5initialize?5t@ 000000018001ace0     libcmt:crt0msg.obj
 0002:00001d48       ??_C@_0BP@LPMHJOKI@R6030?$AN?6?9?5CRT?5not?5initialized?$AN?6?$AA@ 000000018001ad48     libcmt:crt0msg.obj
 0002:00001d68       ??_C@_0CF@KJDAIALP@R6028?$AN?6?9?5unable?5to?5initialize?5he@ 000000018001ad68     libcmt:crt0msg.obj
 0002:00001d90       ??_C@_0DF@GAKBPDFP@R6027?$AN?6?9?5not?5enough?5space?5for?5lo@ 000000018001ad90     libcmt:crt0msg.obj
 0002:00001dc8       ??_C@_0DF@IBLNNAIG@R6026?$AN?6?9?5not?5enough?5space?5for?5st@ 000000018001adc8     libcmt:crt0msg.obj
 0002:00001e00       ??_C@_0CG@IOHKGFNJ@R6025?$AN?6?9?5pure?5virtual?5function?5c@ 000000018001ae00     libcmt:crt0msg.obj
 0002:00001e28       ??_C@_0DF@JIJJFJDC@R6024?$AN?6?9?5not?5enough?5space?5for?5_o@ 000000018001ae28     libcmt:crt0msg.obj
 0002:00001e60       ??_C@_0CJ@EGEJHFME@R6019?$AN?6?9?5unable?5to?5open?5console?5@ 000000018001ae60     libcmt:crt0msg.obj
 0002:00001e90       ??_C@_0CB@GNHNIELH@R6018?$AN?6?9?5unexpected?5heap?5error?$AN?6@ 000000018001ae90     libcmt:crt0msg.obj
 0002:00001eb8       ??_C@_0CN@FOLDKNG@R6017?$AN?6?9?5unexpected?5multithread?5@ 000000018001aeb8     libcmt:crt0msg.obj
 0002:00001ee8       ??_C@_0CM@FAHFJNHO@R6016?$AN?6?9?5not?5enough?5space?5for?5th@ 000000018001aee8     libcmt:crt0msg.obj
 0002:00001f20       ??_C@_0JG@LBKMGKLD@?$AN?6This?5application?5has?5requested@ 000000018001af20     libcmt:crt0msg.obj
 0002:00001fb8       ??_C@_0CM@FLCNIPKK@R6009?$AN?6?9?5not?5enough?5space?5for?5en@ 000000018001afb8     libcmt:crt0msg.obj
 0002:00001fe8       ??_C@_0CK@KMMJOAPP@R6008?$AN?6?9?5not?5enough?5space?5for?5ar@ 000000018001afe8     libcmt:crt0msg.obj
 0002:00002018       ??_C@_0CN@LEKKICBM@R6002?$AN?6?9?5floating?5point?5support?5@ 000000018001b018     libcmt:crt0msg.obj
 0002:00002048       ??_C@_0CF@GOGNBNAK@Microsoft?5Visual?5C?$CL?$CL?5Runtime?5Lib@ 000000018001b048     libcmt:crt0msg.obj
 0002:00002070       ??_C@_02PHMGELLB@?6?6?$AA@ 000000018001b070     libcmt:crt0msg.obj
 0002:00002074       ??_C@_03KHICJKCI@?4?4?4?$AA@ 000000018001b074     libcmt:crt0msg.obj
 0002:00002078       ??_C@_0BH@DNAGHKFM@?$DMprogram?5name?5unknown?$DO?$AA@ 000000018001b078     libcmt:crt0msg.obj
[...]
 0002:000029e8       ??_C@_06JLEDEDGH@Monday?$AA@ 000000018001b9e8     libcmt:strftime.obj
 0002:000029f0       ??_C@_06OOPIFAJ@Sunday?$AA@ 000000018001b9f0     libcmt:strftime.obj
 0002:000029f8       ??_C@_03FEFJNEK@Sat?$AA@   000000018001b9f8     libcmt:strftime.obj
 0002:000029fc       ??_C@_03IDIOELNC@Fri?$AA@  000000018001b9fc     libcmt:strftime.obj
 0002:00002a00       ??_C@_03IOFIKPDN@Thu?$AA@  000000018001ba00     libcmt:strftime.obj
 0002:00002a04       ??_C@_03MHOMLAJA@Wed?$AA@  000000018001ba04     libcmt:strftime.obj
 0002:00002a08       ??_C@_03NAGEINEP@Tue?$AA@  000000018001ba08     libcmt:strftime.obj
 0002:00002a0c       ??_C@_03PDAGKDH@Mon?$AA@   000000018001ba0c     libcmt:strftime.obj
 0002:00002a10       ??_C@_03KOEHGMDN@Sun?$AA@  000000018001ba10     libcmt:strftime.obj
 0002:00002a14       ??_C@_13NOLLCAOD@?$AA?$AA?$AA?$AA@ 000000018001ba14     libcmt:a_str.obj
 0002:00002a18       ??_C@_0BI@DFKBFLJE@GetProcessWindowStation?$AA@ 000000018001ba18     libcmt:crtmbox.obj
 0002:00002a30       ??_C@_0BK@CIDNPOGP@GetUserObjectInformationA?$AA@ 000000018001ba30     libcmt:crtmbox.obj
 0002:00002a50       ??_C@_0BD@HHGDFDBJ@GetLastActivePopup?$AA@ 000000018001ba50     libcmt:crtmbox.obj
 0002:00002a68       ??_C@_0BA@HNOPNCHB@GetActiveWindow?$AA@ 000000018001ba68     libcmt:crtmbox.obj
 0002:00002a78       ??_C@_0M@CHKKJDAI@MessageBoxA?$AA@ 000000018001ba78     libcmt:crtmbox.obj
 0002:00002a88       ??_C@_0L@NDEGIDAG@USER32?4DLL?$AA@ 000000018001ba88     libcmt:crtmbox.obj
 0002:00002a98       __dnames                   000000018001ba98     libcmt:timeset.obj
 0002:00002ab0       __mnames                   000000018001bab0     libcmt:timeset.obj
 0002:00002ae8       __rtc_iaa                  000000018001bae8     libcmt:_initsect_.obj
 0002:00002af0       __rtc_izz                  000000018001baf0     libcmt:_initsect_.obj
 0002:00002af8       __rtc_taa                  000000018001baf8     libcmt:_initsect_.obj
 0002:00002b00       __rtc_tzz                  000000018001bb00     libcmt:_initsect_.obj
 0002:00003820       __IMPORT_DESCRIPTOR_VERSION 000000018001c820     version:VERSION.dll
 0002:00003834       __IMPORT_DESCRIPTOR_KERNEL32 000000018001c834     kernel32:KERNEL32.dll
 0002:00003848       __IMPORT_DESCRIPTOR_USER32 000000018001c848     user32:USER32.dll
 0002:0000385c       __IMPORT_DESCRIPTOR_GDI32  000000018001c85c     gdi32:GDI32.dll
 0002:00003870       __IMPORT_DESCRIPTOR_ADVAPI32 000000018001c870     advapi32:ADVAPI32.dll
 0002:00003884       __IMPORT_DESCRIPTOR_SHELL32 000000018001c884     shell32:SHELL32.dll
 0002:00003898       __IMPORT_DESCRIPTOR_ole32  000000018001c898     ole32:ole32.dll
 0002:000038ac       __NULL_IMPORT_DESCRIPTOR   000000018001c8ac     version:VERSION.dll
 0003:00000000       ?gsInternalCommands@@3PEB_WEB 000000018001e000     CmdLine.obj
 0003:00000010       ?gbPreloadByDefault@@3HA   000000018001e010     ConEmuTh.obj
 0003:00000018       ?gcrCurColors@@3PEAKEA     000000018001e018     ConEmuTh.obj
 0003:00000020       ?Far3Func@@3PAUExportFunc@@A 000000018001e020     ConEmuTh.obj
 0003:00000070       ?StdPalette@?1??GetStdPalette@Far3Color@@SAPEBKXZ@4PAKA 000000018001e070     ConEmuTh1900.obj
 0003:000000b0       ?guid_ConEmuTh@@3U_GUID@@A 000000018001e0b0     ConEmuTh2800.obj
 0003:000000c0       ?guid_ConEmuThPluginMenu@@3U_GUID@@A 000000018001e0c0     ConEmuTh2800.obj
 0003:000000d0       __flsindex                 000000018001e0d0     libcmt:tidtable.obj
 0003:000000d8       _aexit_rtn                 000000018001e0d8     libcmt:crt0dat.obj
 0003:000000e0       __badioinfo                000000018001e0e0     libcmt:ioinit.obj
 0003:00000138       _amblksiz                  000000018001e138     libcmt:heapinit.obj
 0003:0000013c       _First_FPE_Indx            000000018001e13c     libcmt:winxfltr.obj
 0003:00000140       _Num_FPE                   000000018001e140     libcmt:winxfltr.obj
 0003:00000144       _XcptActTabSize            000000018001e144     libcmt:winxfltr.obj
 0003:00000148       _XcptActTabCount           000000018001e148     libcmt:winxfltr.obj
 0003:000003a0       __clocalestr               000000018001e3a0     libcmt:nlsdata2.obj
 0003:000003b0       __initiallocinfo           000000018001e3b0     libcmt:nlsdata2.obj
 0003:00000510       __ptlocinfo                000000018001e510     libcmt:nlsdata2.obj
 0003:00000518       __lc_clike                 000000018001e518     libcmt:nlsdata2.obj
 0003:00000520       __initiallocalestructinfo  000000018001e520     libcmt:nlsdata2.obj
 0003:00000530       __initialmbcinfo           000000018001e530     libcmt:mbctype.obj
 0003:00000750       _mbctype                   000000018001e750     libcmt:mbctype.obj
 0003:00000860       _mbcasemap                 000000018001e860     libcmt:mbctype.obj
 0003:00000960       __ptmbcinfo                000000018001e960     libcmt:mbctype.obj
 0003:00000d40       _cfltcvt_tab               000000018001ed40     libcmt:cmiscdat.obj
 0003:00000d90       __security_cookie          000000018001ed90     libcmt:gs_cookie.obj
 0003:00000d98       __security_cookie_complement 000000018001ed98     libcmt:gs_cookie.obj
 0003:00000da0       _pctype                    000000018001eda0     libcmt:ctype.obj
 0003:00000da8       _pwctype                   000000018001eda8     libcmt:ctype.obj
 0003:00000db0       __lc_time_c                000000018001edb0     libcmt:strftime.obj
 0003:00000f18       __lc_time_curr             000000018001ef18     libcmt:strftime.obj
 0003:00000f20       __lconv_static_decimal     000000018001ef20     libcmt:lconv.obj
 0003:00000f30       __lconv_c                  000000018001ef30     libcmt:lconv.obj
 0003:00000f88       __lconv                    000000018001ef88     libcmt:lconv.obj
 0003:00000f90       __globallocalestatus       000000018001ef90     libcmt:glstatus.obj
 0003:00000f98       __mb_cur_max               000000018001ef98     libcmt:nlsdata1.obj
 0003:00000f9c       __decimal_point            000000018001ef9c     libcmt:nlsdata1.obj
 0003:00000fa0       __decimal_point_length     000000018001efa0     libcmt:nlsdata1.obj
 0003:00000fb0       __abort_behavior           000000018001efb0     libcmt:abort.obj
 0003:00000fc0       _timezone                  000000018001efc0     libcmt:timeset.obj
 0003:00000fc4       _daylight                  000000018001efc4     libcmt:timeset.obj
 0003:00000fc8       _dstbias                   000000018001efc8     libcmt:timeset.obj
 0003:00001050       _tzname                    000000018001f050     libcmt:timeset.obj
 0003:00001080       _lpdays                    000000018001f080     libcmt:days.obj
 0003:000010b8       _days                      000000018001f0b8     libcmt:days.obj
 0003:00001100       ?gbInCommonShutdown@@3HA   000000018001f100     Common.obj
 0003:00001108       ?OnShutdownConsole@@3P6AXXZEA 000000018001f108     Common.obj
 0003:00001110       ?gpLocalSecurity@@3PEAU_SECURITY_ATTRIBUTES@@EA 000000018001f110     ConEmuCheck.obj
 0003:00001118       ?ghWorkingModule@@3_KA     000000018001f118     ConEmuCheck.obj
 0003:00001160       ?gsHardLink@@3PA_WA        000000018001f160     ConEmuTh.obj
 0003:000011e0       ?gsJunction@@3PA_WA        000000018001f1e0     ConEmuTh.obj
 0003:00001260       ?gsSymLink@@3PA_WA         000000018001f260     ConEmuTh.obj
 0003:000012e0       ?gsTitleThumbs@@3PA_WA     000000018001f2e0     ConEmuTh.obj
 0003:00001360       ?gsTitleTiles@@3PA_WA      000000018001f360     ConEmuTh.obj
 0003:000013e0       ?gsFolder@@3PA_WA          000000018001f3e0     ConEmuTh.obj
 0003:00001460       ?gdwModes@@3PAKA           000000018001f460     ConEmuTh.obj
 0003:00001468       ?ghConEmuRoot@@3PEAUHWND__@@EA 000000018001f468     ConEmuTh.obj
 0003:00001470       ?gThSet@@3UPanelViewSetMapping@@A 000000018001f470     ConEmuTh.obj
 0003:00001688       ?ghConEmuWnd@@3PEAUHWND__@@EA 000000018001f688     ConEmuTh.obj
 0003:00001690       ?ghPluginModule@@3PEAUHINSTANCE__@@EA 000000018001f690     ConEmuTh.obj
 0003:00001698       ?TerminalMode@@3HA         000000018001f698     ConEmuTh.obj
 0003:0000169c       ?gnSelfPID@@3KA            000000018001f69c     ConEmuTh.obj
 0003:000016a0       ?gnMainThreadId@@3KA       000000018001f6a0     ConEmuTh.obj
 0003:000016a4       ?gnMainThreadIdInitial@@3KA 000000018001f6a4     ConEmuTh.obj
 0003:000016a8       ?ghDisplayThread@@3PEAXEA  000000018001f6a8     ConEmuTh.obj
 0003:000016b0       ?gnDisplayThreadId@@3KA    000000018001f6b0     ConEmuTh.obj
 0003:000016b4       ?gbFadeColors@@3_NA        000000018001f6b4     ConEmuTh.obj
 0003:000016b5       ?gbFarPanelsReady@@3_NA    000000018001f6b5     ConEmuTh.obj
 0003:000016b6       ?gbConsoleChangesSyncho@@3_NA 000000018001f6b6     ConEmuTh.obj
 0003:000016b7       ?gbSynchoRedrawPanelRequested@@3_NA 000000018001f6b7     ConEmuTh.obj
 0003:000016b8       ?gFarVersion@@3UFarVersion@@A 000000018001f6b8     ConEmuTh.obj
 0003:000016c0       ?gfRegisterPanelView@@3P6AHPEAUPanelViewInit@@@ZEA 000000018001f6c0     ConEmuTh.obj
 0003:000016c8       ?gfGetFarHWND2@@3P6APEAUHWND__@@H@ZEA 000000018001f6c8     ConEmuTh.obj
 0003:000016d0       ?pviLeft@@3UCeFullPanelInfo@@A 000000018001f6d0     ConEmuTh.obj
 0003:00001990       ?pviRight@@3UCeFullPanelInfo@@A 000000018001f990     ConEmuTh.obj
 0003:00001c50       ?gpRgnDetect@@3PEAVCRgnDetect@@EA 000000018001fc50     ConEmuTh.obj
 0003:00001c58       ?gpImgCache@@3PEAVCImgCache@@EA 000000018001fc58     ConEmuTh.obj
 0003:00001c60       ?gFarInfo@@3UCEFAR_INFO_MAPPING@@A 000000018001fc60     ConEmuTh.obj
 0003:00021f94       ?gnRgnDetectFlags@@3KA     000000018003ff94     ConEmuTh.obj
 0003:00021f98       ?gFarPanelSettings@@3UCEFarPanelSettings@@A 000000018003ff98     ConEmuTh.obj
 0003:00021f9c       ?gFarInterfaceSettings@@3UCEFarInterfaceSettings@@A 000000018003ff9c     ConEmuTh.obj
 0003:00021fa0       ?gThPal@@3UCESERVER_PALETTE@@A 000000018003ffa0     ConEmuTh.obj
 0003:00022020       ?gnWaitForKeySeqTick@@3KA  0000000180040020     ConEmuTh.obj
 0003:00022024       ?wScanCodeUp@@3GA          0000000180040024     ConEmuTh.obj
 0003:00022028       ?wScanCodeDown@@3GA        0000000180040028     ConEmuTh.obj
 0003:0002202c       ?gnConsoleChanges@@3KA     000000018004002c     ConEmuTh.obj
 0003:00022030       ?gpLastSynchroArg@@3PEAUConEmuThSynchroArg@@EA 0000000180040030     ConEmuTh.obj
 0003:00022038       ?gpDbgDlg@@3PEAV?$MFileMapping@Utag_DetectedDialog@@@@EA 0000000180040038     ConEmuTh.obj
 0003:00022040       ?gbInfoW_OK@@3HA           0000000180040040     ConEmuTh.obj
 0003:00022048       ?InfoW1900@@3PEAUPluginStartupInfo@@EA 0000000180040048     ConEmuTh1900.obj
 0003:00022050       ?FSFW1900@@3PEAUFarStandardFunctions@@EA 0000000180040050     ConEmuTh1900.obj
 0003:00022058       ?LastIndex@?1??Color2FgIndex@Far3Color@@SAXKAEAGPEBK@Z@4HA 0000000180040058     ConEmuTh1900.obj
 0003:0002205c       ?LastColor@?1??Color2FgIndex@Far3Color@@SAXKAEAGPEBK@Z@4KA 000000018004005c     ConEmuTh1900.obj
 0003:00022060       ?LastIndex@?1??Color2BgIndex@Far3Color@@SAXKHAEAGPEBK@Z@4HA 0000000180040060     ConEmuTh1900.obj
 0003:00022064       ?LastColor@?1??Color2BgIndex@Far3Color@@SAXKHAEAGPEBK@Z@4KA 0000000180040064     ConEmuTh1900.obj
 0003:00022270       ?InfoW2800@@3PEAUPluginStartupInfo@@EA 0000000180040270     ConEmuTh2800.obj
 0003:00022278       ?FSFW2800@@3PEAUFarStandardFunctions@@EA 0000000180040278     ConEmuTh2800.obj
 0003:00022490       ?InfoW995@@3PEAUPluginStartupInfo@@EA 0000000180040490     ConEmuTh995.obj
 0003:00022498       ?FSFW995@@3PEAUFarStandardFunctions@@EA 0000000180040498     ConEmuTh995.obj
 0003:000226b0       ?InfoA@@3PEAUPluginStartupInfo@@EA 00000001800406b0     ConEmuThA.obj
 0003:000226b8       ?FSFA@@3PEAUFarStandardFunctions@@EA 00000001800406b8     ConEmuThA.obj
 0003:000227d8       ?ghCreateEvent@@3PEAXEA    00000001800407d8     Display.obj
 0003:000227e0       ?gnCreateViewError@@3HA    00000001800407e0     Display.obj
 0003:000227e4       ?gnWin32Error@@3KA         00000001800407e4     Display.obj
 0003:000227e8       ?gbCancelAll@@3HA          00000001800407e8     Display.obj
 0003:000227ec       ?gnConEmuFadeMsg@@3IA      00000001800407ec     Display.obj
 0003:000227f0       ?gnConEmuSettingsMsg@@3IA  00000001800407f0     Display.obj
 0003:000227f4       ?gnMapCoordMsg@@3IA        00000001800407f4     Display.obj
 0003:000227f8       ?ghUpIcon@@3PEAUHICON__@@EA 00000001800407f8     ImgCache.obj
 0003:00022800       ?AssertMsgBox@@3P6AHPEB_WI0PEAUHWND__@@_N@ZEA 0000000180040800     MAssert.obj
 0003:00022808       ?ghHeap@@3PEAXEA           0000000180040808     Memory.obj
 0003:00022810       ?gNullDesc@@3PEAVMNullDesc@@EA 0000000180040810     MSecurity.obj
 0003:00022824       __error_mode               0000000180040824     libcmt:dllcrt0.obj
 0003:00022828       _aenvptr                   0000000180040828     libcmt:dllcrt0.obj
 0003:00022830       _wenvptr                   0000000180040830     libcmt:dllcrt0.obj
 0003:00022838       __app_type                 0000000180040838     libcmt:dllcrt0.obj
 0003:0002283c       _maxwait                   000000018004083c     libcmt:crtheap.obj
 0003:00022840       _umaskval                  0000000180040840     libcmt:crt0dat.obj
 0003:00022844       __argc                     0000000180040844     libcmt:crt0dat.obj
 0003:00022848       __argv                     0000000180040848     libcmt:crt0dat.obj
 0003:00022850       __wargv                    0000000180040850     libcmt:crt0dat.obj
 0003:00022858       _environ                   0000000180040858     libcmt:crt0dat.obj
 0003:00022860       __initenv                  0000000180040860     libcmt:crt0dat.obj
 0003:00022868       _wenviron                  0000000180040868     libcmt:crt0dat.obj
 0003:00022870       __winitenv                 0000000180040870     libcmt:crt0dat.obj
 0003:00022878       _pgmptr                    0000000180040878     libcmt:crt0dat.obj
 0003:00022880       _wpgmptr                   0000000180040880     libcmt:crt0dat.obj
 0003:00022888       _exitflag                  0000000180040888     libcmt:crt0dat.obj
 0003:0002288c       _C_Termination_Done        000000018004088c     libcmt:crt0dat.obj
 0003:00022890       _C_Exit_Done               0000000180040890     libcmt:crt0dat.obj
 0003:000229b0       _crtheap                   00000001800409b0     libcmt:heapinit.obj
 0003:00022bf0       __locale_changed           0000000180040bf0     libcmt:setlocal.obj
 0003:00022bf8       __lc_handle                0000000180040bf8     libcmt:nlsdata2.obj
 0003:00022c10       __lc_codepage              0000000180040c10     libcmt:nlsdata2.obj
 0003:00022c14       __lc_collate_cp            0000000180040c14     libcmt:nlsdata2.obj
 0003:00022c20       __mbulinfo                 0000000180040c20     libcmt:mbctype.obj
 0003:00022c2c       __mbcodepage               0000000180040c2c     libcmt:mbctype.obj
 0003:00022c30       __ismbcodepage             0000000180040c30     libcmt:mbctype.obj
 0003:00022c34       __mblcid                   0000000180040c34     libcmt:mbctype.obj
 0003:00022f58       __pInvalidArgHandler       0000000180040f58     libcmt:invarg.obj
 0003:00022f60       ?__pInconsistency@@3P6AXXZEA 0000000180040f60     libcmt:hooks.obj
 0003:00022fa0       __pPurecall                0000000180040fa0     libcmt:inithelp.obj
 0003:00022fb0       ?_pnhHeap@@3P6AH_K@ZEA     0000000180040fb0     libcmt:handler.obj
 0003:00022fb8       __lconv_static_null        0000000180040fb8     libcmt:lconv.obj
 0003:00022fc4       _newmode                   0000000180040fc4     libcmt:_newmode.obj
 0003:00023620       _debugger_hook_dummy       0000000180041620     <common>
 0003:00023624       _nhandle                   0000000180041624     <common>
 0003:00023640       __pioinfo                  0000000180041640     <common>
 0003:00023840       __env_initialized          0000000180041840     <common>
 0003:00023848       __onexitend                0000000180041848     <common>
 0003:00023850       __onexitbegin              0000000180041850     <common>
 0003:00023858       __mbctype_initialized      0000000180041858     <common>
 0003:00023860       _FPinit                    0000000180041860     <common>
 0003:00023868       __dyn_tls_init_callback    0000000180041868     <common>
 0003:00023870       _acmdln                    0000000180041870     <common>
 0003:00023878       _pDestructExceptionObject  0000000180041878     <common>

 entry point at        0001:000127c0

 Static symbols

 0001:00000798       ?LoadFarVersion@@YA_NAEAUFarVersion@@AEAY0CAA@_W@Z 0000000180001798 f   ConEmuTh.obj
 0001:00000a50       ?ChangeExports@@YA_NPEBUExportFunc@@PEAUHINSTANCE__@@@Z 0000000180001a50 f   ConEmuTh.obj
 0001:00003d60       ?GetFarSetting@@YAHPEAX_KPEB_W@Z 0000000180004d60 f   ConEmuTh1900.obj
 0001:00003db0       ?LoadFarSettingsW1900@@YAXPEAUCEFarInterfaceSettings@@PEAUCEFarPanelSettings@@@Z 0000000180004db0 f   ConEmuTh1900.obj
 0001:00005180       ?GetFarSetting@@YAHPEAX_KPEB_W@Z 0000000180006180 f   ConEmuTh2800.obj
 0001:000051d8       ?LoadFarSettingsW2800@@YAXPEAUCEFarInterfaceSettings@@PEAUCEFarPanelSettings@@@Z 00000001800061d8 f   ConEmuTh2800.obj
 0001:00006524       ?LoadFarSettingsW995@@YAXPEAUCEFarInterfaceSettings@@PEAUCEFarPanelSettings@@@Z 0000000180007524 f   ConEmuTh995.obj
 0001:00006fe0       ?LoadFarSettingsA@@YAXPEAUCEFarInterfaceSettings@@PEAUCEFarPanelSettings@@@Z 0000000180007fe0 f   ConEmuThA.obj
 0001:000126a8       __DllMainCRTStartup        00000001800136a8 f   libcmt:dllcrt0.obj
 0001:00012f34       _initterm                  0000000180013f34 f   libcmt:crt0dat.obj
 0001:00013054       doexit                     0000000180014054 f   libcmt:crt0dat.obj
 0001:000136f0       parse_cmdline              00000001800146f0 f   libcmt:stdargv.obj
 0001:00014400       _updatetlocinfoEx_nolock   0000000180015400 f   libcmt:setlocal.obj
 0001:000144d0       ?setSBCS@@YAXPEAUthreadmbcinfostruct@@@Z 00000001800154d0 f   libcmt:mbctype.obj
 0001:00014564       ?setSBUpLow@@YAXPEAUthreadmbcinfostruct@@@Z 0000000180015564 f   libcmt:mbctype.obj
 0001:000148b0       ?getSystemCP@@YAHH@Z       00000001800158b0 f   libcmt:mbctype.obj
 0001:00015ad8       ?x_ismbbtype_l@@YAHPEAUlocaleinfo_struct@@IHH@Z 0000000180016ad8 f   libcmt:ismbbyte.obj
 0001:00016120       ?__crtGetStringTypeA_stat@@YAHPEAUlocaleinfo_struct@@KPEBDHPEAGHHH@Z 0000000180017120 f   libcmt:a_str.obj
 0001:000164e8       ?__crtLCMapStringA_stat@@YAHPEAUlocaleinfo_struct@@KKPEBDHPEADHHH@Z 00000001800174e8 f   libcmt:a_map.obj
 0001:00017390       ?strtoxl@@YAKPEAUlocaleinfo_struct@@PEBDPEAPEBDHH@Z 0000000180018390 f   libcmt:strtol.obj
 0001:000176e0       __DllMainCRTStartup$filt$0 00000001800186e0 f   libcmt:dllcrt0.obj
 0001:00017700       _IsNonwritableInCurrentImage$filt$0 0000000180018700 f   libcmt:pesect.obj
 0001:00017721       _freefls$fin$1             0000000180018721 f   libcmt:tidtable.obj
 0001:00017721       _initptd$fin$1             0000000180018721 f   libcmt:tidtable.obj
 0001:00017741       _freefls$fin$0             0000000180018741 f   libcmt:tidtable.obj
 0001:00017741       _initptd$fin$0             0000000180018741 f   libcmt:tidtable.obj
 0001:0001775a       doexit$fin$0               000000018001875a f   libcmt:crt0dat.obj
 0001:0001777c       _mtinitlocknum$fin$0       000000018001877c f   libcmt:mlock.obj
 0001:00017798       __updatetlocinfo$fin$0     0000000180018798 f   libcmt:setlocal.obj
 0001:000177b1       __updatetmbcinfo$fin$0     00000001800187b1 f   libcmt:mbctype.obj
 0001:000177b1       _setmbcp$fin$0             00000001800187b1 f   libcmt:mbctype.obj
 0001:000177ca       _onexit$fin$0              00000001800187ca f   libcmt:onexit.obj
 0001:000177de       raise$fin$0                00000001800187de f   libcmt:winsig.obj
 0001:000177fa       __crtInitCritSecAndSpinCount$filt$0 00000001800187fa f   libcmt:initcrit.obj
