 ConEmuTh

 Timestamp is 54be176d (Tue Jan 20 11:53:01 2015)

 Preferred load address is 10000000

 Start         Length     Name                   Class
 0001:00000000 00014182H .text                   CODE
 0002:00000000 00000300H .idata$5                DATA
 0002:00000300 00000004H .CRT$XCA                DATA
 0002:00000304 00000004H .CRT$XCZ                DATA
 0002:00000308 00000004H .CRT$XIA                DATA
 0002:0000030c 00000008H .CRT$XIC                DATA
 0002:00000314 00000004H .CRT$XIZ                DATA
 0002:00000318 00000004H .CRT$XPA                DATA
 0002:0000031c 00000004H .CRT$XPZ                DATA
 0002:00000320 00000004H .CRT$XTA                DATA
 0002:00000324 00000004H .CRT$XTZ                DATA
 0002:00000328 00002554H .rdata                  DATA
 0002:00002880 00000364H .xdata$x                DATA
 0002:00002be4 0000008cH .idata$2                DATA
 0002:00002c70 00000014H .idata$3                DATA
 0002:00002c84 00000300H .idata$4                DATA
 0002:00002f84 00000cf0H .idata$6                DATA
 0002:00003c80 00000168H .edata                  DATA
 0003:00000000 00000e00H .data                   DATA
 0003:00000e00 0002222cH .bss                    DATA
 0004:00000000 000000e8H .rsrc$01                DATA
 0004:000000f0 000013a8H .rsrc$02                DATA

  Address         Publics by Value              Rva+Base       Lib:Object

 0000:00000000       __except_list              00000000     <absolute>
 0000:00000000       ___safe_se_handler_table   00000000     <absolute>
 0000:00000000       ___safe_se_handler_count   00000000     <absolute>
 0000:00000000       ___ImageBase               10000000     <linker-defined>
 0001:00000000       ?StringCchCopyNW@@YGJPA_WIPB_WI@Z 10001000 f i CmdArg.obj
 0001:0000007c       ?PointToName@@YIPB_WPB_W@Z 1000107c f   CmdLine.obj
 0001:000000b7       ?CommonShutdown@@YIXXZ     100010b7 f   Common.obj
 0001:00000121       ?ExecutePrepareCmd@@YIXPAUCESERVER_REQ_HDR@@KI@Z 10001121 f   ConEmuCheck.obj
 0001:00000184       ?ExecuteFreeResult@@YIXAAPAUCESERVER_REQ@@@Z 10001184 f   ConEmuCheck.obj
 0001:00000195       ?StringCchCopyW@@YGJPA_WIPB_W@Z 10001195 f i ConEmuCheck.obj
 0001:000001c7       ?ExecutePrepareCmd@@YIXPAUCESERVER_REQ@@KI@Z 100011c7 f   ConEmuCheck.obj
 0001:000001f5       ?ExecuteNewCmd@@YIPAUCESERVER_REQ@@KI@Z 100011f5 f   ConEmuCheck.obj
 0001:0000022f       ?ModuleName@@YIPB_WPB_W@Z  1000122f f   ConEmuCheck.obj
 0001:000002b7       ?ExecuteOpenPipe@@YIPAXPB_WAAY0CAI@_W0KKHPAX@Z 100012b7 f   ConEmuCheck.obj
 0001:00000406       ?ExecuteCmd@@YIPAUCESERVER_REQ@@PB_WPAU1@KPAUHWND__@@HK@Z 10001406 f   ConEmuCheck.obj
 0001:00000562       ?ExecuteGuiCmd@@YIPAUCESERVER_REQ@@PAUHWND__@@PAU1@0H@Z 10001562 f   ConEmuCheck.obj
 0001:0000076a       _GetMinFarVersionW@0       1000176a f   ConEmuTh.obj
 0001:00000770       ?GetPluginInfoWcmn@@YGXPAX@Z 10001770 f   ConEmuTh.obj
 0001:0000079d       ?GetMainThreadId@@YIKXZ    1000179d f   ConEmuTh.obj
 0001:0000093f       ?LoadFarVersion@@YIHXZ     1000193f f   ConEmuTh.obj
 0001:0000098c       ?OpenW@@YGPAXPBUOpenInfo@@@Z 1000198c f   ConEmuTh.obj
 0001:000009bb       ?ShowMessage@@YIHHH@Z      100019bb f   ConEmuTh.obj
 0001:000009f3       ?GetMsgW@@YIPB_WH@Z        100019f3 f   ConEmuTh.obj
 0001:00000a2c       ?PostMacro@@YIXPA_W@Z      10001a2c f   ConEmuTh.obj
 0001:00000b60       ?ShowPluginMenu@@YIHXZ     10001b60 f   ConEmuTh.obj
 0001:00000b98       ?CheckPanelSettings@@YIHH@Z 10001b98 f   ConEmuTh.obj
 0001:00000bd0       ?LoadPanelItemInfo@@YIXPAUCeFullPanelInfo@@H@Z 10001bd0 f   ConEmuTh.obj
 0001:00000c08       ?GetActivePanel@@YIPAUCeFullPanelInfo@@XZ 10001c08 f   ConEmuTh.obj
 0001:00000c49       ?ResetUngetBuffer@@YIXXZ   10001c49 f   ConEmuTh.obj
 0001:00000c58       ?OnPreReadConsole@@YGHPAXPAU_INPUT_RECORD@@KPAKPAH@Z 10001c58 f   ConEmuTh.obj
 0001:00000c74       ?ShowLastError@@YIHXZ      10001c74 f   ConEmuTh.obj
 0001:00000ce1       ?GetFocusedThumbnails@@YIPAUCeFullPanelInfo@@XZ 10001ce1 f   ConEmuTh.obj
 0001:00000d2c       ?CheckWindows@@YI_NXZ      10001d2c f   ConEmuTh.obj
 0001:00000da3       ?CheckVarsInitialized@@YIXXZ 10001da3 f   ConEmuTh.obj
 0001:00000ebd       ?ExecuteInMainThread@@YIXPAUConEmuThSynchroArg@@@Z 10001ebd f   ConEmuTh.obj
 0001:00000f29       ?GetFarRect@@YIHPAU_SMALL_RECT@@@Z 10001f29 f   ConEmuTh.obj
 0001:00000f97       ?SettingsLoad@@YIHPB_WPAK@Z 10001f97 f   ConEmuTh.obj
 0001:00000fcf       ?SettingsLoadReg@@YIHPB_W0PAK@Z 10001fcf f   ConEmuTh.obj
 0001:00001031       ?SettingsSave@@YIXPB_WPAK@Z 10002031 f   ConEmuTh.obj
 0001:00001069       ?SettingsSaveReg@@YIXPB_W0PAK@Z 10002069 f   ConEmuTh.obj
 0001:000010b5       ?SavePanelViewState@@YIXHK@Z 100020b5 f   ConEmuTh.obj
 0001:000010e2       ?isPreloadByDefault@@YI_NXZ 100020e2 f   ConEmuTh.obj
 0001:0000110a       ?FreeUserData@CePluginPanelItem@@QAEXXZ 1000210a f   ConEmuTh.obj
 0001:0000114b       ?FreeItem@CePluginPanelItem@@QAEXXZ 1000214b f   ConEmuTh.obj
 0001:00001160       ??0?$MFileMapping@Utag_DetectedDialog@@@@QAE@XZ 10002160 f i ConEmuTh.obj
 0001:00001160       ??0?$MFileMapping@UPanelViewSetMapping@@@@QAE@XZ 10002160 f i ConEmuTh.obj
 0001:00001184       ?ClosePtr@?$MFileMapping@Utag_DetectedDialog@@@@QAEXXZ 10002184 f i ConEmuTh.obj
 0001:00001184       ?ClosePtr@?$MFileMapping@UPanelViewSetMapping@@@@QAEXXZ 10002184 f i ConEmuTh.obj
 0001:0000119b       _DllMain@12                1000219b f   ConEmuTh.obj
 0001:00001232       ?ReloadResourcesW@@YIXXZ   10002232 f   ConEmuTh.obj
 0001:00001295       ?ReloadPanelsInfo@@YIXXZ   10002295 f   ConEmuTh.obj
 0001:000013eb       ?OnPreWriteConsoleOutput@@YGHPAXPBU_CHAR_INFO@@U_COORD@@2PAU_SMALL_RECT@@@Z 100023eb f   ConEmuTh.obj
 0001:000014fe       ?IsThumbnailsActive@@YIPAUCeFullPanelInfo@@H@Z 100024fe f   ConEmuTh.obj
 0001:00001696       ?SettingsLoadOther@@YIXPB_W@Z 10002696 f   ConEmuTh.obj
 0001:00001790       ?SetFrom@?$MFileMapping@Utag_DetectedDialog@@@@QAE_NPBUtag_DetectedDialog@@H@Z 10002790 f i ConEmuTh.obj
 0001:000017e0       ?CloseMap@?$MFileMapping@Utag_DetectedDialog@@@@QAEXXZ 100027e0 f i ConEmuTh.obj
 0001:000017e0       ?CloseMap@?$MFileMapping@UPanelViewSetMapping@@@@QAEXXZ 100027e0 f i ConEmuTh.obj
 0001:00001814       ?ProcessConsoleInput@@YIHHPAU_INPUT_RECORD@@KPAK@Z 10002814 f   ConEmuTh.obj
 0001:00001ab7       ?UpdateEnvVar@@YIXH@Z      10002ab7 f   ConEmuTh.obj
 0001:00001ad7       ?InitName@?$MFileMapping@Utag_DetectedDialog@@@@QAEPB_WPB_WKK@Z 10002ad7 f i ConEmuTh.obj
 0001:00001ad7       ?InitName@?$MFileMapping@UPanelViewSetMapping@@@@QAEPB_WPB_WKK@Z 10002ad7 f i ConEmuTh.obj
 0001:00001b07       ?InternalOpenCreate@?$MFileMapping@Utag_DetectedDialog@@@@IAEPAUtag_DetectedDialog@@HHH@Z 10002b07 f i ConEmuTh.obj
 0001:00001c1e       ?InternalOpenCreate@?$MFileMapping@UPanelViewSetMapping@@@@IAEPAUPanelViewSetMapping@@HHH@Z 10002c1e f i ConEmuTh.obj
 0001:00001d35       ??_G?$MFileMapping@Utag_DetectedDialog@@@@QAEPAXI@Z 10002d35 f i ConEmuTh.obj
 0001:00001d56       ?OnPostPeekConsole@@YGHPAXPAU_INPUT_RECORD@@KPAKPAH@Z 10002d56 f   ConEmuTh.obj
 0001:00001d93       ?OnPostReadConsole@@YGHPAXPAU_INPUT_RECORD@@KPAKPAH@Z 10002d93 f   ConEmuTh.obj
 0001:00001dd1       ?ExitPlugin@@YIXXZ         10002dd1 f   ConEmuTh.obj
 0001:00001ec0       _ExitFARW@0                10002ec0 f   ConEmuTh.obj
 0001:00001ee7       ?ExitFARW3@@YGXPAX@Z       10002ee7 f   ConEmuTh.obj
 0001:00001f18       ?OnReadyForPanelsReload@@YIXXZ 10002f18 f   ConEmuTh.obj
 0001:00002032       ?ProcessSynchroEventCommon@@YIHHPAX@Z 10003032 f   ConEmuTh.obj
 0001:00002172       _ProcessSynchroEventW@8    10003172 f   ConEmuTh.obj
 0001:00002182       ?LoadThSet@@YIHK@Z         10003182 f   ConEmuTh.obj
 0001:000022dd       ?CheckConEmu@@YIHH@Z       100032dd f   ConEmuTh.obj
 0001:000023b7       ?StartPlugin@@YIXH@Z       100033b7 f   ConEmuTh.obj
 0001:000024cb       ?OnPrePeekConsole@@YGHPAXPAU_INPUT_RECORD@@KPAKPAH@Z 100034cb f   ConEmuTh.obj
 0001:0000256e       ?EntryPoint@@YIXHH_N@Z     1000356e f   ConEmuTh.obj
 0001:000026ea       _SetStartupInfoW@4         100036ea f   ConEmuTh.obj
 0001:0000273e       ?OpenPluginWcmn@@YIPAXHH_N@Z 1000373e f   ConEmuTh.obj
 0001:0000277f       ?GetStdIndex@Far3Color@@SIHKPBK@Z 1000377f f i ConEmuTh1900.obj
 0001:00002799       ?Color2FgIndex@Far3Color@@SIXKAAGPBK@Z 10003799 f i ConEmuTh1900.obj
 0001:00002868       ?Color2BgIndex@Far3Color@@SIXKHAAGPBK@Z 10003868 f i ConEmuTh1900.obj
 0001:0000294e       ?FarColor_3_2@@YIEABUFarColor@@@Z 1000394e f i ConEmuTh1900.obj
 0001:000029df       ?GetPluginInfoW1900@@YIXPAX@Z 100039df f   ConEmuTh1900.obj
 0001:00002a30       ?SetStartupInfoW1900@@YIXPAX@Z 10003a30 f   ConEmuTh1900.obj
 0001:00002b1e       ?OpenW1900@@YIPAXPBX@Z     10003b1e f   ConEmuTh1900.obj
 0001:00002b76       ?ExitFARW1900@@YIXXZ       10003b76 f   ConEmuTh1900.obj
 0001:00002ba5       ?ShowMessageW1900@@YIHPB_WH@Z 10003ba5 f   ConEmuTh1900.obj
 0001:00002c15       ?ShowMessageW1900@@YIHHH@Z 10003c15 f   ConEmuTh1900.obj
 0001:00002c45       ?GetMsgW1900@@YIPB_WH@Z    10003c45 f   ConEmuTh1900.obj
 0001:00002c64       ?PostMacroW1900@@YIXPA_W@Z 10003c64 f   ConEmuTh1900.obj
 0001:00002cc9       ?ShowPluginMenuW1900@@YIHXZ 10003cc9 f   ConEmuTh1900.obj
 0001:00002e62       ?LoadPanelItemInfoW1900@@YIXPAUCeFullPanelInfo@@H@Z 10003e62 f   ConEmuTh1900.obj
 0001:00003122       ?LoadPanelInfoW1900@@YIHH@Z 10004122 f   ConEmuTh1900.obj
 0001:00003531       ?ReloadPanelsInfoW1900@@YIXXZ 10004531 f   ConEmuTh1900.obj
 0001:0000354a       ?SetCurrentPanelItemW1900@@YIXHHH@Z 1000454a f   ConEmuTh1900.obj
 0001:00003622       ?CheckPanelSettingsW1900@@YIHH@Z 10004622 f   ConEmuTh1900.obj
 0001:000036c3       ?ExecuteInMainThreadW1900@@YIXPAUConEmuThSynchroArg@@@Z 100046c3 f   ConEmuTh1900.obj
 0001:000036da       ?GetFarRectW1900@@YIXPAU_SMALL_RECT@@@Z 100046da f   ConEmuTh1900.obj
 0001:00003708       ?CheckFarPanelsW1900@@YI_NXZ 10004708 f   ConEmuTh1900.obj
 0001:0000374c       ?SettingsLoadW1900@@YIHPB_WPAK@Z 1000474c f   ConEmuTh1900.obj
 0001:000037e1       ?SettingsSaveW1900@@YIXPB_WPAK@Z 100047e1 f   ConEmuTh1900.obj
 0001:0000387b       ?IsFarLua@FarVersion@@QBE_NXZ 1000487b f i ConEmuTh2800.obj
 0001:00003896       _GetGlobalInfoW@4          10004896 f   ConEmuTh2800.obj
 0001:00003929       ?GetPluginInfoW2800@@YIXPAX@Z 10004929 f   ConEmuTh2800.obj
 0001:0000397a       ?SetStartupInfoW2800@@YIXPAX@Z 1000497a f   ConEmuTh2800.obj
 0001:00003a68       ?ProcessSynchroEventW3@@YGHPAX@Z 10004a68 f   ConEmuTh2800.obj
 0001:00003a7a       ?ExitFARW2800@@YIXXZ       10004a7a f   ConEmuTh2800.obj
 0001:00003aa9       ?ShowMessageW2800@@YIHPB_WH@Z 10004aa9 f   ConEmuTh2800.obj
 0001:00003b19       ?ShowMessageW2800@@YIHHH@Z 10004b19 f   ConEmuTh2800.obj
 0001:00003b49       ?GetMsgW2800@@YIPB_WH@Z    10004b49 f   ConEmuTh2800.obj
 0001:00003b68       ?PostMacroW2800@@YIXPA_W@Z 10004b68 f   ConEmuTh2800.obj
 0001:00003bcf       ?ShowPluginMenuW2800@@YIHXZ 10004bcf f   ConEmuTh2800.obj
 0001:00003d68       ?FreePanelItemUserData2800@@YIXPAXKP6GHXZ@Z 10004d68 f   ConEmuTh2800.obj
 0001:00003d91       ?LoadPanelItemInfoW2800@@YIXPAUCeFullPanelInfo@@H@Z 10004d91 f   ConEmuTh2800.obj
 0001:0000408e       ?LoadPanelInfoW2800@@YIHH@Z 1000508e f   ConEmuTh2800.obj
 0001:0000449d       ?ReloadPanelsInfoW2800@@YIXXZ 1000549d f   ConEmuTh2800.obj
 0001:000044b6       ?SetCurrentPanelItemW2800@@YIXHHH@Z 100054b6 f   ConEmuTh2800.obj
 0001:00004588       ?SetCurrentPanelItemW2800Int@@YIXHHH@Z 10005588 f   ConEmuTh2800.obj
 0001:0000465c       ?CheckPanelSettingsW2800@@YIHH@Z 1000565c f   ConEmuTh2800.obj
 0001:000046fd       ?ExecuteInMainThreadW2800@@YIXPAUConEmuThSynchroArg@@@Z 100056fd f   ConEmuTh2800.obj
 0001:00004714       ?GetFarRectW2800@@YIXPAU_SMALL_RECT@@@Z 10005714 f   ConEmuTh2800.obj
 0001:00004742       ?CheckFarPanelsW2800@@YI_NXZ 10005742 f   ConEmuTh2800.obj
 0001:000047a0       ?SettingsLoadW2800@@YIHPB_WPAK@Z 100057a0 f   ConEmuTh2800.obj
 0001:0000482b       ?SettingsSaveW2800@@YIXPB_WPAK@Z 1000582b f   ConEmuTh2800.obj
 0001:000048bb       ?OpenW2800@@YIPAXPBX@Z     100058bb f   ConEmuTh2800.obj
 0001:0000495d       ?GetPluginInfoW995@@YIXPAX@Z 1000595d f   ConEmuTh995.obj
 0001:000049b5       ?SetStartupInfoW995@@YIXPAX@Z 100059b5 f   ConEmuTh995.obj
 0001:00004afa       _OpenPluginW@8             10005afa f   ConEmuTh995.obj
 0001:00004b2a       ?ExitFARW995@@YIXXZ        10005b2a f   ConEmuTh995.obj
 0001:00004b70       ?ShowMessageW995@@YIHPB_WH@Z 10005b70 f   ConEmuTh995.obj
 0001:00004b95       ?ShowMessageW995@@YIHHH@Z  10005b95 f   ConEmuTh995.obj
 0001:00004bc3       ?GetMsgW995@@YIPB_WH@Z     10005bc3 f   ConEmuTh995.obj
 0001:00004be0       ?PostMacroW995@@YIXPA_W@Z  10005be0 f   ConEmuTh995.obj
 0001:00004c33       ?ShowPluginMenuW995@@YIHXZ 10005c33 f   ConEmuTh995.obj
 0001:00004d51       ?LoadPanelItemInfoW995@@YIXPAUCeFullPanelInfo@@H@Z 10005d51 f   ConEmuTh995.obj
 0001:00004e96       ?LoadPanelInfo995@@YIHH@Z  10005e96 f   ConEmuTh995.obj
 0001:0000514a       ?ReloadPanelsInfoW995@@YIXXZ 1000614a f   ConEmuTh995.obj
 0001:00005163       ?SetCurrentPanelItemW995@@YIXHHH@Z 10006163 f   ConEmuTh995.obj
 0001:0000522a       ?CheckPanelSettingsW995@@YIHH@Z 1000622a f   ConEmuTh995.obj
 0001:00005286       ?ExecuteInMainThreadW995@@YIXPAUConEmuThSynchroArg@@@Z 10006286 f   ConEmuTh995.obj
 0001:00005299       ?GetFarRectW995@@YIXPAU_SMALL_RECT@@@Z 10006299 f   ConEmuTh995.obj
 0001:000052c3       ?CheckFarPanelsW995@@YI_NXZ 100062c3 f   ConEmuTh995.obj
 0001:00005308       ?SettingsLoadW995@@YIHPB_WPAK@Z 10006308 f   ConEmuTh995.obj
 0001:00005319       ?SettingsSaveW995@@YIXPB_WPAK@Z 10006319 f   ConEmuTh995.obj
 0001:0000532a       ?SettingsLoadOtherW995@@YIXXZ 1000632a f   ConEmuTh995.obj
 0001:00005335       _GetMinFarVersion@0        10006335 f   ConEmuThA.obj
 0001:00005364       _GetPluginInfo@4           10006364 f   ConEmuThA.obj
 0001:000053c5       _ExitFAR@0                 100063c5 f   ConEmuThA.obj
 0001:00005410       ?ShowMessageA@@YIHPBDH@Z   10006410 f   ConEmuThA.obj
 0001:0000543f       ?ShowMessageA@@YIHHH@Z     1000643f f   ConEmuThA.obj
 0001:00005477       ?PostMacroA@@YIXPAD@Z      10006477 f   ConEmuThA.obj
 0001:000054cf       ?ShowPluginMenuA@@YIHXZ    100064cf f   ConEmuThA.obj
 0001:0000564f       ?GetMsgA@@YIPB_WHPA_W@Z    1000664f f   ConEmuThA.obj
 0001:000056b8       ?LoadPanelItemInfoA@@YIXPAUCeFullPanelInfo@@H@Z 100066b8 f   ConEmuThA.obj
 0001:000056b8       ?SettingsLoadOtherW1900@@YIXXZ 100066b8 f   ConEmuTh1900.obj
 0001:000056b8       ?OnThreadStopped@?$CQueueProcessor@PAUIMAGE_CACHE_INFO@@@@MAEXXZ 100066b8 f   ImgCache.obj
 0001:000056b8       __initp_misc_winxfltr      100066b8 f   libcmt:winxfltr.obj
 0001:000056b8       ?SettingsLoadOtherW2800@@YIXXZ 100066b8 f   ConEmuTh2800.obj
 0001:000056f0       ?LoadPanelInfoA@@YIHH@Z    100066f0 f   ConEmuThA.obj
 0001:00005a47       ?ReloadPanelsInfoA@@YIXXZ  10006a47 f   ConEmuThA.obj
 0001:00005a60       ?SetCurrentPanelItemA@@YIXHHH@Z 10006a60 f   ConEmuThA.obj
 0001:00005b38       ?CheckPanelSettingsA@@YIHH@Z 10006b38 f   ConEmuThA.obj
 0001:00005ba0       ?CheckFarPanelsA@@YI_NXZ   10006ba0 f   ConEmuThA.obj
 0001:00005c03       ?SettingsLoadA@@YIHPB_WPAK@Z 10006c03 f   ConEmuThA.obj
 0001:00005c14       ?SettingsSaveA@@YIXPB_WPAK@Z 10006c14 f   ConEmuThA.obj
 0001:00005c25       ?SettingsLoadOtherA@@YIXXZ 10006c25 f   ConEmuThA.obj
 0001:00005c30       ?ReloadResourcesA@@YIXXZ   10006c30 f   ConEmuThA.obj
 0001:00005cbb       _SetStartupInfo@4          10006cbb f   ConEmuThA.obj
 0001:00005e2b       _OpenPlugin@8              10006e2b f   ConEmuThA.obj
 0001:00005e4e       ?GetIndexFromWndCoord@CeFullPanelInfo@@QAEHHHAAH@Z 10006e4e f   Display.obj
 0001:00005ec5       ?GetConCoordFromIndex@CeFullPanelInfo@@QAEHHAAU_COORD@@@Z 10006ec5 f   Display.obj
 0001:00005f5b       ?LoadItemColors@CeFullPanelInfo@@QAEXHPAUCePluginPanelItem@@PAUCePluginPanelItemColor@@HH@Z 10006f5b f   Display.obj
 0001:00006183       ?GetItemColors@CeFullPanelInfo@@QAEPAUHBRUSH__@@HPAUCePluginPanelItem@@PAUCePluginPanelItemColor@@HAAK2@Z 10007183 f   Display.obj
 0001:000061dd       ?CalcTopPanelItem@CeFullPanelInfo@@QAEHHH@Z 100071dd f   Display.obj
 0001:0000628b       ?DisplayReloadPanel@CeFullPanelInfo@@QAEXXZ 1000728b f   Display.obj
 0001:000062ae       ?UnregisterPanelView@CeFullPanelInfo@@QAEH_N@Z 100072ae f   Display.obj
 0001:000063ab       ?RequestSetPos@CeFullPanelInfo@@QAEXHHH@Z 100073ab f   Display.obj
 0001:00006462       ?ReallocItems@CeFullPanelInfo@@QAEHH@Z 10007462 f   Display.obj
 0001:00006585       ?FarItem2CeItem@CeFullPanelInfo@@QAEHHPB_W0KU_FILETIME@@_KHPAXKP6GHXZ2K@Z 10007585 f   Display.obj
 0001:0000684a       ?BisItem2CeItem@CeFullPanelInfo@@QAEHHH_KKKHH@Z 1000784a f   Display.obj
 0001:000068d5       ?DrawItemText@CeFullPanelInfo@@QAEHPAUHDC__@@PAUtagRECT@@1PAUCePluginPanelItem@@PB_WPAUHBRUSH__@@H@Z 100078d5 f   Display.obj
 0001:00006d80       ?Close@CeFullPanelInfo@@QAEXXZ 10007d80 f   Display.obj
 0001:00006db4       ?FinalRelease@CeFullPanelInfo@@QAEXXZ 10007db4 f   Display.obj
 0001:00006e7e       ?PaintItem@CeFullPanelInfo@@QAEHPAUHDC__@@HHHPAUCePluginPanelItem@@PAUCePluginPanelItemColor@@HHPAUHBRUSH__@@3K@Z 10007e7e f   Display.obj
 0001:000072a0       ?Invalidate@CeFullPanelInfo@@QAEXXZ 100082a0 f   Display.obj
 0001:000072e3       ?Paint@CeFullPanelInfo@@QAEXPAUHWND__@@AAUtagPAINTSTRUCT@@AAUtagRECT@@@Z 100082e3 f   Display.obj
 0001:000079fa       ?OnSettingsChanged@CeFullPanelInfo@@QAEHH@Z 100089fa f   Display.obj
 0001:00007a8b       ?DisplayWndProc@CeFullPanelInfo@@SGJPAUHWND__@@IIJ@Z 10008a8b f   Display.obj
 0001:00007f33       ?InvalidateAll@CeFullPanelInfo@@SIXXZ 10008f33 f   Display.obj
 0001:00007f71       ?RegisterPanelView@CeFullPanelInfo@@QAEHXZ 10008f71 f   Display.obj
 0001:000081e3       ?CreateView@CeFullPanelInfo@@QAEPAUHWND__@@XZ 100091e3 f   Display.obj
 0001:00008499       ?DisplayThread@CeFullPanelInfo@@SGKPAX@Z 10009499 f   Display.obj
 0001:0000858d       ?LoadModules@CImgCache@@IAEXXZ 1000958d f   ImgCache.obj
 0001:000087d3       ?FreeModules@CImgCache@@IAEXXZ 100097d3 f   ImgCache.obj
 0001:0000888e       ?SetCacheLocation@CImgCache@@QAEXPB_W@Z 1000988e f   ImgCache.obj
 0001:000088ea       ?CheckLoadDibCreated@CImgCache@@IAEHXZ 100098ea f   ImgCache.obj
 0001:000089f6       ?CheckDrawDibCreated@CImgCache@@IAEHXZ 100099f6 f   ImgCache.obj
 0001:00008b02       ?FindInCache@CImgCache@@IAEHPAUCePluginPanelItem@@PAHI@Z 10009b02 f   ImgCache.obj
 0001:00008c9f       ?CopyBits@CImgCache@@IAEXU_COORD@@PAEK01@Z 10009c9f f   ImgCache.obj
 0001:00008cf7       ?LoadShellIcon@CImgCache@@QAEHPAUIMAGE_CACHE_INFO@@H@Z 10009cf7 f   ImgCache.obj
 0001:00008f80       ?LoadThumbnail@CImgCache@@QAEHPAUIMAGE_CACHE_INFO@@@Z 10009f80 f   ImgCache.obj
 0001:000094a2       ??0?$CQueueProcessor@PAUIMAGE_CACHE_INFO@@@@QAE@XZ 1000a4a2 f i ImgCache.obj
 0001:000094f3       ?IsStopRequested@?$CQueueProcessor@PAUIMAGE_CACHE_INFO@@@@UAE_NABQAUIMAGE_CACHE_INFO@@@Z 1000a4f3 f i ImgCache.obj
 0001:00009504       ?ProcessItem@?$CQueueProcessor@PAUIMAGE_CACHE_INFO@@@@MAEJAAPAUIMAGE_CACHE_INFO@@J@Z 1000a504 f i ImgCache.obj
 0001:0000950c       ?OnThreadStarted@?$CQueueProcessor@PAUIMAGE_CACHE_INFO@@@@MAEJXZ 1000a50c f i ImgCache.obj
 0001:0000950f       ?CopyItem@?$CQueueProcessor@PAUIMAGE_CACHE_INFO@@@@MAEXPBQAUIMAGE_CACHE_INFO@@PAPAU2@@Z 1000a50f f i ImgCache.obj
 0001:0000952b       ?OnItemFailed@?$CQueueProcessor@PAUIMAGE_CACHE_INFO@@@@MAEXAAPAUIMAGE_CACHE_INFO@@J@Z 1000a52b f i ImgCache.obj
 0001:0000952b       ?OnItemReady@?$CQueueProcessor@PAUIMAGE_CACHE_INFO@@@@MAEXAAPAUIMAGE_CACHE_INFO@@J@Z 1000a52b f i ImgCache.obj
 0001:0000952b       ?ApplyChanges@?$CQueueProcessor@PAUIMAGE_CACHE_INFO@@@@MAEXAAPAUIMAGE_CACHE_INFO@@ABQAU2@@Z 1000a52b f i ImgCache.obj
 0001:0000952e       ?IsEqual@?$CQueueProcessor@PAUIMAGE_CACHE_INFO@@@@MAE_NABQAUIMAGE_CACHE_INFO@@J0J@Z 1000a52e f i ImgCache.obj
 0001:00009564       ?FreeItem@?$CQueueProcessor@PAUIMAGE_CACHE_INFO@@@@MAEXABQAUIMAGE_CACHE_INFO@@@Z 1000a564 f i ImgCache.obj
 0001:00009567       ?CheckHighPriority@CImgLoader@@UAE_NAAPBUIMAGE_CACHE_INFO@@@Z 1000a567 f i ImgCache.obj
 0001:00009567       ?CheckHighPriority@?$CQueueProcessor@PAUIMAGE_CACHE_INFO@@@@MAE_NABQAUIMAGE_CACHE_INFO@@@Z 1000a567 f i ImgCache.obj
 0001:0000956c       ?ClearQueue@?$CQueueProcessor@PAUIMAGE_CACHE_INFO@@@@AAEXXZ 1000a56c f i ImgCache.obj
 0001:000095c9       ?InitializeQueue@?$CQueueProcessor@PAUIMAGE_CACHE_INFO@@@@AAEXH@Z 1000a5c9 f i ImgCache.obj
 0001:0000963a       ?CheckWaitingCount@?$CQueueProcessor@PAUIMAGE_CACHE_INFO@@@@AAEXXZ 1000a63a f i ImgCache.obj
 0001:00009671       ?ProcessItem@?$CQueueProcessor@PAUIMAGE_CACHE_INFO@@@@IAEJPAUProcessingItem@1@@Z 1000a671 f i ImgCache.obj
 0001:000096b2       ??$SafeRelease@UIStorage@@@@YIXAAPAUIStorage@@@Z 1000a6b2 f i ImgCache.obj
 0001:000096c6       ??0CImgCache@@QAE@PAUHINSTANCE__@@@Z 1000a6c6 f   ImgCache.obj
 0001:000097c6       ?PaintItem@CImgCache@@QAEHPAUHDC__@@HHHPAUCePluginPanelItem@@PAPB_WPAH@Z 1000a7c6 f   ImgCache.obj
 0001:00009bf4       ?Terminate@?$CQueueProcessor@PAUIMAGE_CACHE_INFO@@@@QAEXK@Z 1000abf4 f i ImgCache.obj
 0001:00009c35       ?FindOrCreate@?$CQueueProcessor@PAUIMAGE_CACHE_INFO@@@@AAEPAUProcessingItem@1@ABQAUIMAGE_CACHE_INFO@@J_NW4ProcessingPriority@@@Z 1000ac35 f i ImgCache.obj
 0001:00009da1       ?ProcessingStep@?$CQueueProcessor@PAUIMAGE_CACHE_INFO@@@@IAE_NXZ 1000ada1 f i ImgCache.obj
 0001:00009f12       ??$SafeDelete@UMSectionSimple@@@@YIXAAPAUMSectionSimple@@@Z 1000af12 f i ImgCache.obj
 0001:00009f30       ?Reset@CImgCache@@QAEXXZ   1000af30 f   ImgCache.obj
 0001:0000a075       ?Init@CImgCache@@QAEXK@Z   1000b075 f   ImgCache.obj
 0001:0000a0b9       ??1?$CQueueProcessor@PAUIMAGE_CACHE_INFO@@@@UAE@XZ 1000b0b9 f i ImgCache.obj
 0001:0000a10f       ??_ECImgLoader@@UAEPAXI@Z  1000b10f f i ImgCache.obj
 0001:0000a10f       ??_E?$CQueueProcessor@PAUIMAGE_CACHE_INFO@@@@UAEPAXI@Z 1000b10f f i ImgCache.obj
 0001:0000a10f       ??_G?$CQueueProcessor@PAUIMAGE_CACHE_INFO@@@@UAEPAXI@Z 1000b10f f i ImgCache.obj
 0001:0000a10f       ??_GCImgLoader@@UAEPAXI@Z  1000b10f f i ImgCache.obj
 0001:0000a12b       ?ProcessingThread@?$CQueueProcessor@PAUIMAGE_CACHE_INFO@@@@KGKPAX@Z 1000b12b f i ImgCache.obj
 0001:0000a14e       ??1CImgCache@@QAE@XZ       1000b14e f   ImgCache.obj
 0001:0000a1c7       ?OnThreadStarted@CImgLoader@@UAEJXZ 1000b1c7 f i ImgCache.obj
 0001:0000a1d2       ?OnThreadStopped@CImgLoader@@UAEXXZ 1000b1d2 f i ImgCache.obj
 0001:0000a1d8       ?IsEqual@CImgLoader@@UAE_NAAPBUIMAGE_CACHE_INFO@@JAAPAU2@J@Z 1000b1d8 f i ImgCache.obj
 0001:0000a1fa       ?ProcessItem@CImgLoader@@UAEJAAPAUIMAGE_CACHE_INFO@@J@Z 1000b1fa f i ImgCache.obj
 0001:0000a23f       ?IsTerminationRequested@?$CQueueProcessor@PAUIMAGE_CACHE_INFO@@@@MAE_NXZ 1000b23f f i ImgCache.obj
 0001:0000a23f       ?IsTerminationRequested@CImgLoader@@UAE_NXZ 1000b23f f i ImgCache.obj
 0001:0000a243       ?CheckThread@?$CQueueProcessor@PAUIMAGE_CACHE_INFO@@@@IAEJXZ 1000b243 f i ImgCache.obj
 0001:0000a2d0       ?RequestItem@?$CQueueProcessor@PAUIMAGE_CACHE_INFO@@@@QAEJ_NW4ProcessingPriority@@QAUIMAGE_CACHE_INFO@@J@Z 1000b2d0 f i ImgCache.obj
 0001:0000a374       ?RequestItem@CImgCache@@QAEHPAUCePluginPanelItem@@I@Z 1000b374 f   ImgCache.obj
 0001:0000a415       ?HeapInitialize@@YI_NXZ    1000b415 f   Memory.obj
 0001:0000a43b       ?HeapDeinitialize@@YIXXZ   1000b43b f   Memory.obj
 0001:0000a453       ?xf_malloc@@YAPAXI@Z       1000b453 f   Memory.obj
 0001:0000a466       ?xf_calloc@@YAPAXII@Z      1000b466 f   Memory.obj
 0001:0000a47f       ?xf_free@@YAXPAX@Z         1000b47f f   Memory.obj
 0001:0000a49d       ??2@YAPAXI@Z               1000b49d f   Memory.obj
 0001:0000a4a2       ??3@YAXPAX@Z               1000b4a2 f   Memory.obj
 0001:0000a4a7       ?lstrdup@@YIPA_WPB_WI@Z    1000b4a7 f   Memory.obj
 0001:0000a4ea       ??0MSection@@QAE@XZ        1000b4ea f   MSection.obj
 0001:0000a54f       ??1MSection@@QAE@XZ        1000b54f f   MSection.obj
 0001:0000a5aa       ?AddRef@MSection@@IAEXK@Z  1000b5aa f   MSection.obj
 0001:0000a608       ?ReleaseRef@MSection@@IAEHK@Z 1000b608 f   MSection.obj
 0001:0000a671       ?WaitUnlocked@MSection@@IAEXKK@Z 1000b671 f   MSection.obj
 0001:0000a6cc       ?MyEnterCriticalSection@MSection@@IAE_NK@Z 1000b6cc f   MSection.obj
 0001:0000a7b6       ?Lock@MSection@@IAEHHK@Z   1000b7b6 f   MSection.obj
 0001:0000a87b       ?Unlock@MSection@@IAEXH@Z  1000b87b f   MSection.obj
 0001:0000a8b5       ??0MSectionLock@@QAE@XZ    1000b8b5 f   MSection.obj
 0001:0000a8c2       ?Lock@MSectionLock@@QAEHPAVMSection@@HK@Z 1000b8c2 f   MSection.obj
 0001:0000a90c       ?Unlock@MSectionLock@@QAEXXZ 1000b90c f   MSection.obj
 0001:0000a929       ??1MSectionLock@@QAE@XZ    1000b929 f   MSection.obj
 0001:0000a942       ?Init@MSectionSimple@@QAEXXZ 1000b942 f   MSectionSimple.obj
 0001:0000a958       ?Close@MSectionSimple@@QAEXXZ 1000b958 f   MSectionSimple.obj
 0001:0000a96e       ?Enter@MSectionSimple@@QAEXXZ 1000b96e f   MSectionSimple.obj
 0001:0000a976       ?Leave@MSectionSimple@@QAEXXZ 1000b976 f   MSectionSimple.obj
 0001:0000a97e       ?TryEnter@MSectionSimple@@QAE_NXZ 1000b97e f   MSectionSimple.obj
 0001:0000a99d       ?RecreateAndLock@MSectionSimple@@QAE_NXZ 1000b99d f   MSectionSimple.obj
 0001:0000a9e8       ??0MSectionLockSimple@@QAE@XZ 1000b9e8 f   MSectionSimple.obj
 0001:0000a9f2       ?Unlock@MSectionLockSimple@@QAEXXZ 1000b9f2 f   MSectionSimple.obj
 0001:0000aa0e       ??0MSectionSimple@@QAE@_N@Z 1000ba0e f   MSectionSimple.obj
 0001:0000aa37       ??1MSectionSimple@@QAE@XZ  1000ba37 f   MSectionSimple.obj
 0001:0000aa3c       ??1MSectionLockSimple@@QAE@XZ 1000ba3c f   MSectionSimple.obj
 0001:0000aa48       ?Lock@MSectionLockSimple@@QAEHPAUMSectionSimple@@K@Z 1000ba48 f   MSectionSimple.obj
 0001:0000aab4       ?UnloadAdvApi@MNullDesc@@IAEXXZ 1000bab4 f i MSecurity.obj
 0001:0000aacb       ??0MNullDesc@@QAE@XZ       1000bacb f i MSecurity.obj
 0001:0000aaed       ??1MNullDesc@@QAE@XZ       1000baed f i MSecurity.obj
 0001:0000ab1e       ?LoadAdvApi@MNullDesc@@IAEHXZ 1000bb1e f i MSecurity.obj
 0001:0000ac51       ?LocalSecurity@MNullDesc@@QAEPAU_SECURITY_ATTRIBUTES@@XZ 1000bc51 f i MSecurity.obj
 0001:0000ad8a       ?LocalSecurity@@YIPAU_SECURITY_ATTRIBUTES@@XZ 1000bd8a f   MSecurity.obj
 0001:0000adb8       ?ShutdownSecurity@@YIXXZ   1000bdb8 f   MSecurity.obj
 0001:0000adda       ?msprintf@@YAPB_WPA_WIPB_WZZ 1000bdda f   MStrSafe.obj
 0001:0000b149       _wmemcmp                   1000c149 f i RgnDetect.obj
 0001:0000b17a       ??0CRgnDetect@@QAE@XZ      1000c17a f   RgnDetect.obj
 0001:0000b23b       ??1CRgnDetect@@QAE@XZ      1000c23b f   RgnDetect.obj
 0001:0000b284       ?GetDetectedDialogsPtr@CRgnDetect@@QBEPBUtag_DetectedDialog@@XZ 1000c284 f   RgnDetect.obj
 0001:0000b288       ?GetFlags@CRgnDetect@@QBEKXZ 1000c288 f   RgnDetect.obj
 0001:0000b28f       ?FindFrameRight_ByBottom@CRgnDetect@@IAE_NPA_WPAUtag_CharAttr@@HHAAH22@Z 1000c28f f   RgnDetect.obj
 0001:0000b33f       ?FindFrameLeft_ByBottom@CRgnDetect@@IAE_NPA_WPAUtag_CharAttr@@HHAAH22@Z 1000c33f f   RgnDetect.obj
 0001:0000b3e8       ?FindFrameTop_ByLeft@CRgnDetect@@IAE_NPA_WPAUtag_CharAttr@@HHAAH22@Z 1000c3e8 f   RgnDetect.obj
 0001:0000b46d       ?FindFrameTop_ByRight@CRgnDetect@@IAE_NPA_WPAUtag_CharAttr@@HHAAH22@Z 1000c46d f   RgnDetect.obj
 0001:0000b520       ?FindFrameBottom_ByRight@CRgnDetect@@IAE_NPA_WPAUtag_CharAttr@@HHAAH22@Z 1000c520 f   RgnDetect.obj
 0001:0000b5d2       ?FindFrameBottom_ByLeft@CRgnDetect@@IAE_NPA_WPAUtag_CharAttr@@HHAAH22@Z 1000c5d2 f   RgnDetect.obj
 0001:0000b65c       ?FindDialog_Inner@CRgnDetect@@IAE_NPA_WPAUtag_CharAttr@@HHAAH2@Z 1000c65c f   RgnDetect.obj
 0001:0000b772       ?FindFrame_TopLeft@CRgnDetect@@IAE_NPA_WPAUtag_CharAttr@@HHAAH222@Z 1000c772 f   RgnDetect.obj
 0001:0000b832       ?ExpandDialogFrame@CRgnDetect@@IAE_NPA_WPAUtag_CharAttr@@HHAAH2HH22@Z 1000c832 f   RgnDetect.obj
 0001:0000baa2       ?FindByBackground@CRgnDetect@@IAE_NPA_WPAUtag_CharAttr@@HHAAH222AA_N@Z 1000caa2 f   RgnDetect.obj
 0001:0000bb58       ?MarkDialog@CRgnDetect@@IAEHPA_WPAUtag_CharAttr@@HHHHHH_N2K@Z 1000cb58 f   RgnDetect.obj
 0001:0000c22d       ?OnWindowSizeChanged@CRgnDetect@@QAEXXZ 1000d22d f   RgnDetect.obj
 0001:0000c235       ?OnWriteConsoleOutput@CRgnDetect@@QAEXPBU_CHAR_INFO@@U_COORD@@1PAU_SMALL_RECT@@PBK@Z 1000d235 f   RgnDetect.obj
 0001:0000c470       ?SetFarRect@CRgnDetect@@QAEXPAU_SMALL_RECT@@@Z 1000d470 f   RgnDetect.obj
 0001:0000c501       ?TextWidth@CRgnDetect@@QAEHXZ 1000d501 f   RgnDetect.obj
 0001:0000c526       ?TextHeight@CRgnDetect@@QAEHXZ 1000d526 f   RgnDetect.obj
 0001:0000c54b       ?GetCharAttr@CRgnDetect@@QAEHHHAA_WAAUtag_CharAttr@@@Z 1000d54b f   RgnDetect.obj
 0001:0000c5bf       ?FindFrameRight_ByTop@CRgnDetect@@IAE_NPA_WPAUtag_CharAttr@@HHAAH22@Z 1000d5bf f   RgnDetect.obj
 0001:0000c6a7       ?FindFrameLeft_ByTop@CRgnDetect@@IAE_NPA_WPAUtag_CharAttr@@HHAAH22@Z 1000d6a7 f   RgnDetect.obj
 0001:0000c7bb       ?FindDialog_TopLeft@CRgnDetect@@IAE_NPA_WPAUtag_CharAttr@@HHAAH222AA_N@Z 1000d7bb f   RgnDetect.obj
 0001:0000c841       ?FindDialog_TopRight@CRgnDetect@@IAE_NPA_WPAUtag_CharAttr@@HHAAH222AA_N@Z 1000d841 f   RgnDetect.obj
 0001:0000c8d4       ?FindDialog_Left@CRgnDetect@@IAE_NPA_WPAUtag_CharAttr@@HHAAH222AA_N@Z 1000d8d4 f   RgnDetect.obj
 0001:0000ca19       ?FindDialog_Right@CRgnDetect@@IAE_NPA_WPAUtag_CharAttr@@HHAAH222AA_N@Z 1000da19 f   RgnDetect.obj
 0001:0000cadf       ?FindDialog_Any@CRgnDetect@@IAE_NPA_WPAUtag_CharAttr@@HHAAH222AA_N@Z 1000dadf f   RgnDetect.obj
 0001:0000cca8       ?DetectDialog@CRgnDetect@@IAE_NPA_WPAUtag_CharAttr@@HHHHPAH2@Z 1000dca8 f   RgnDetect.obj
 0001:0000cf13       ?InitializeSBI@CRgnDetect@@QAEHPBK@Z 1000df13 f   RgnDetect.obj
 0001:0000d23a       ?PrepareTransparent@CRgnDetect@@QAEXPBUCEFAR_INFO_MAPPING@@PBKPBU_CONSOLE_SCREEN_BUFFER_INFO@@PA_WPAUtag_CharAttr@@HH@Z 1000e23a f   RgnDetect.obj
 0001:0000d8b7       ?PrepareTransparent@CRgnDetect@@QAEXPBUCEFAR_INFO_MAPPING@@PBK@Z 1000e8b7 f   RgnDetect.obj
 0001:0000d95a       ?isTerminalMode@@YI_NXZ    1000e95a f   WObjects.obj
 0001:0000db55       ?apiShowWindow@@YI_NPAUHWND__@@H@Z 1000eb55 f   WUser.obj
 0001:0000db70       _wcschr                    1000eb70 f   libCRT:strchr.obj
 0001:0000dba0       _wcsrchr                   1000eba0 f   libCRT:strrchr.obj
 0001:0000dbd0       _wcspbrk                   1000ebd0 f   libCRT:strpbrk.obj
 0001:0000dc20       _memmove                   1000ec20 f   libCRT:memmove.obj
 0001:0000dc80       _memset                    1000ec80 f   libCRT:memset.obj
 0001:0000dcc0       __allshr                   1000ecc0 f   libCRT:vc_llshr.obj
 0001:0000dcf0       __alldiv                   1000ecf0 f   libCRT:vc_lldiv.obj
 0001:0000dda0       __allmul                   1000eda0 f   libCRT:vc_llmul.obj
 0001:0000ddd4       _VerQueryValueW@16         1000edd4 f   version:VERSION.dll
 0001:0000ddda       _GetFileVersionInfoW@16    1000edda f   version:VERSION.dll
 0001:0000dde0       _GetFileVersionInfoSizeW@8 1000ede0 f   version:VERSION.dll
 0001:0000ddf0       __ftol2_sse                1000edf0 f   libcmt:ftol2.obj
 0001:0000ddf9       __ftol2_pentium4           1000edf9 f   libcmt:ftol2.obj
 0001:0000de0c       __ftol2_sse_excpt          1000ee0c f   libcmt:ftol2.obj
 0001:0000de26       __ftol2                    1000ee26 f   libcmt:ftol2.obj
 0001:0000de9c       __SEH_prolog               1000ee9c f   libcmt:sehprolg.obj
 0001:0000ded7       __SEH_epilog               1000eed7 f   libcmt:sehprolg.obj
 0001:0000def0       __except_handler3          1000eef0 f   libcmt:exsup3.obj
 0001:0000dfee       __seh_longjmp_unwind@4     1000efee f   libcmt:exsup3.obj
 0001:0000e009       ___CppXcptFilter           1000f009 f i libcmt:dllcrt0.obj
 0001:0000e029       ___CRT_INIT@12             1000f029 f   libcmt:dllcrt0.obj
 0001:0000e1d5       __CRT_INIT@12              1000f1d5 f   libcmt:dllcrt0.obj
 0001:0000e436       __DllMainCRTStartup@12     1000f436 f   libcmt:dllcrt0.obj
 0001:0000e49c       __get_sse2_info            1000f49c f   libcmt:cpu_disp.obj
 0001:0000e4fe       ___sse2_available_init     1000f4fe f   libcmt:cpu_disp.obj
 0001:0000e50b       _CallDestructExceptionObject 1000f50b f   libcmt:calldtor.obj
 0001:0000e544       __global_unwind2           1000f544 f   libcmt:exsup.obj
 0001:0000e5a9       __local_unwind2            1000f5a9 f   libcmt:exsup.obj
 0001:0000e62d       __abnormal_termination     1000f62d f   libcmt:exsup.obj
 0001:0000e650       __NLG_Notify1              1000f650 f   libcmt:exsup.obj
 0001:0000e659       __NLG_Notify               1000f659 f   libcmt:exsup.obj
 0001:0000e670       __NLG_Dispatch2            1000f670     libcmt:exsup.obj
 0001:0000e670       __NLG_Dispatch             1000f670     libcmt:exsup.obj
 0001:0000e678       __NLG_Call                 1000f678 f   libcmt:exsup.obj
 0001:0000e67a       __NLG_Return2              1000f67a     libcmt:exsup.obj
 0001:0000e740       __ValidateEH3RN            1000f740 f   libcmt:eh3valid.obj
 0001:0000eaa8       __XcptFilter               1000faa8 f   libcmt:winxfltr.obj
 0001:0000ec08       __initterm_e               1000fc08 f i libcmt:crt0dat.obj
 0001:0000ec2c       __amsg_exit                1000fc2c f   libcmt:crt0dat.obj
 0001:0000ec55       ___crtCorExitProcess       1000fc55 f   libcmt:crt0dat.obj
 0001:0000ec80       ___crtExitProcess          1000fc80 f   libcmt:crt0dat.obj
 0001:0000ecb5       __get_osplatform           1000fcb5 f   libcmt:crt0dat.obj
 0001:0000ecf1       __get_winmajor             1000fcf1 f   libcmt:crt0dat.obj
 0001:0000ed32       __cinit                    1000fd32 f   libcmt:crt0dat.obj
 0001:0000ee88       __exit                     1000fe88 f   libcmt:crt0dat.obj
 0001:0000ee9e       __cexit                    1000fe9e f   libcmt:crt0dat.obj
 0001:0000eead       __init_pointers            1000fead f   libcmt:crt0dat.obj
 0001:0000eeef       __encode_pointer           1000feef f   libcmt:tidtable.obj
 0001:0000ef62       __encoded_null             1000ff62 f   libcmt:tidtable.obj
 0001:0000ef6b       __decode_pointer           1000ff6b f   libcmt:tidtable.obj
 0001:0000efde       ___crtTlsAlloc@4           1000ffde f   libcmt:tidtable.obj
 0001:0000efe7       ___set_flsgetvalue         1000ffe7 f   libcmt:tidtable.obj
 0001:0000f011       __mtterm                   10010011 f   libcmt:tidtable.obj
 0001:0000f04e       __initptd                  1001004e f   libcmt:tidtable.obj
 0001:0000f116       __getptd_noexit            10010116 f   libcmt:tidtable.obj
 0001:0000f192       __getptd                   10010192 f   libcmt:tidtable.obj
 0001:0000f1ac       __freefls@4                100101ac f   libcmt:tidtable.obj
 0001:0000f2f7       __freeptd                  100102f7 f   libcmt:tidtable.obj
 0001:0000f365       __mtinit                   10010365 f   libcmt:tidtable.obj
 0001:0000f4df       _free                      100104df f   libcmt:free.obj
 0001:0000f56d       __calloc_impl              1001056d f   libcmt:calloc.obj
 0001:0000f68b       _calloc                    1001068b f   libcmt:calloc.obj
 0001:0000f6cc       __ioinit                   100106cc f   libcmt:ioinit.obj
 0001:0000f906       __ioterm                   10010906 f   libcmt:ioinit.obj
 0001:0000f954       __setenvp                  10010954 f   libcmt:stdenvp.obj
 0001:0000fa5a       _ULongLongToULong          10010a5a f i libcmt:stdargv.obj
 0001:0000fa85       _ULongAdd                  10010a85 f i libcmt:stdargv.obj
 0001:0000fc8e       __setargv                  10010c8e f   libcmt:stdargv.obj
 0001:0000fd7d       ___crtGetEnvironmentStringsA 10010d7d f   libcmt:a_env.obj
 0001:0000feb4       ___heap_select             10010eb4 f   libcmt:heapinit.obj
 0001:0000ff11       __heap_init                10010f11 f   libcmt:heapinit.obj
 0001:0000ff71       __heap_term                10010f71 f   libcmt:heapinit.obj
 0001:0000ffe5       @__security_check_cookie@4 10010fe5 f   libcmt:secchk.obj
 0001:0000fff7       ___security_init_cookie    10010ff7 f   libcmt:gs_support.obj
 0001:00010088       __SEH_prolog4              10011088 f   libcmt:sehprolg4.obj
 0001:000100cd       __SEH_epilog4              100110cd f   libcmt:sehprolg4.obj
 0001:000100f0       __except_handler4          100110f0 f   libcmt:chandler4.obj
 0001:00010280       __ValidateImageBase        10011280 f   libcmt:pesect.obj
 0001:000102c0       __FindPESection            100112c0 f   libcmt:pesect.obj
 0001:00010304       __IsNonwritableInCurrentImage 10011304 f   libcmt:pesect.obj
 0001:00010370       __NMSG_WRITE               10011370 f   libcmt:crt0msg.obj
 0001:000104f5       __FF_MSGBANNER             100114f5 f   libcmt:crt0msg.obj
 0001:0001052e       __mtinitlocks              1001152e f   libcmt:mlock.obj
 0001:0001057f       __mtdeletelocks            1001157f f   libcmt:mlock.obj
 0001:000105d6       __unlock                   100115d6 f   libcmt:mlock.obj
 0001:000105ed       __mtinitlocknum            100115ed f   libcmt:mlock.obj
 0001:000106b0       __lock                     100116b0 f   libcmt:mlock.obj
 0001:000106e3       __invoke_watson            100116e3 f   libcmt:invarg.obj
 0001:00010789       __invalid_parameter        10011789 f   libcmt:invarg.obj
 0001:00010794       __get_errno_from_oserr     10011794 f   libcmt:dosmap.obj
 0001:000107d6       __errno                    100117d6 f   libcmt:dosmap.obj
 0001:000107e9       __initp_misc_cfltcvt_tab   100117e9 f   libcmt:cmiscdat.obj
 0001:0001080a       ?terminate@@YAXXZ          1001180a f   libcmt:hooks.obj
 0001:00010843       __initp_eh_hooks           10011843 f   libcmt:hooks.obj
 0001:00010854       __initp_misc_winsig        10011854 f   libcmt:winsig.obj
 0001:000108a9       ___get_sigabrt             100118a9 f   libcmt:winsig.obj
 0001:000108b6       _raise                     100118b6 f   libcmt:winsig.obj
 0001:00010a66       __initp_misc_rand_s        10011a66 f   libcmt:rand_s.obj
 0001:00010a75       __initp_misc_initcrit      10011a75 f   libcmt:initcrit.obj
 0001:00010a99       ___crtInitCritSecAndSpinCount 10011a99 f   libcmt:initcrit.obj
 0001:00010b6d       ___crtInitCritSecAndSpinCountEx 10011b6d f   libcmt:initcrit.obj
 0001:00010b81       __initp_heap_handler       10011b81 f   libcmt:handler.obj
 0001:00010b90       __callnewh                 10011b90 f   libcmt:handler.obj
 0001:00010bb8       ___freetlocinfo            10011bb8 f   libcmt:setlocal.obj
 0001:00010d01       ___addlocaleref            10011d01 f   libcmt:setlocal.obj
 0001:00010d90       ___removelocaleref         10011d90 f   libcmt:setlocal.obj
 0001:00010e67       ___updatetlocinfo          10011e67 f   libcmt:setlocal.obj
 0001:00011108       ___updatetmbcinfo          10012108 f   libcmt:mbctype.obj
 0001:000111b3       ??0_LocaleUpdate@@QAE@PAUlocaleinfo_struct@@@Z 100121b3 f i libcmt:mbctype.obj
 0001:000112d0       __setmbcp_nolock           100122d0 f   libcmt:mbctype.obj
 0001:00011487       __setmbcp                  10012487 f   libcmt:mbctype.obj
 0001:00011621       ___initmbctable            10012621 f   libcmt:mbctype.obj
 0001:0001163f       __calloc_crt               1001263f f   libcmt:crtheap.obj
 0001:0001168b       ___sbh_heap_init           1001268b f   libcmt:sbheap.obj
 0001:000116d9       ___sbh_find_block          100126d9 f   libcmt:sbheap.obj
 0001:00011709       ___sbh_free_block          10012709 f   libcmt:sbheap.obj
 0001:00011a1f       ___sbh_alloc_new_region    10012a1f f   libcmt:sbheap.obj
 0001:00011acf       ___sbh_alloc_new_group     10012acf f   libcmt:sbheap.obj
 0001:00011bd7       ___sbh_alloc_block         10012bd7 f   libcmt:sbheap.obj
 0001:00011ebc       _strcpy_s                  10012ebc f   libcmt:strcpy_s.obj
 0001:00011f77       __ismbblead                10012f77 f   libcmt:ismbbyte.obj
 0001:00011f8f       _V6_HeapAlloc              10012f8f f   libcmt:malloc.obj
 0001:00011fde       _malloc                    10012fde f   libcmt:malloc.obj
 0001:000120b0       _memcpy                    100130b0 f   libcmt:memcpy.obj
 0001:00012415       ___report_gsfailure        10013415 f   libcmt:gs_report.obj
 0001:000124f8       __local_unwind4            100134f8 f   libcmt:exsup4.obj
 0001:000125ce       __seh_longjmp_unwind4@4    100135ce f   libcmt:exsup4.obj
 0001:000125ea       @_EH4_CallFilterFunc@8     100135ea f   libcmt:exsup4.obj
 0001:00012601       @_EH4_TransferToHandler@8  10013601 f   libcmt:exsup4.obj
 0001:0001261a       @_EH4_GlobalUnwind@4       1001361a f   libcmt:exsup4.obj
 0001:00012634       @_EH4_LocalUnwind@16       10013634 f   libcmt:exsup4.obj
 0001:0001264b       ___crtMessageBoxA          1001364b f   libcmt:crtmbox.obj
 0001:000127ed       _strcat_s                  100137ed f   libcmt:strcat_s.obj
 0001:00012861       __set_error_mode           10013861 f   libcmt:errmode.obj
 0001:000128ac       __fptrap                   100138ac f   libcmt:crt0fp.obj
 0001:000128b5       _abort                     100138b5 f   libcmt:abort.obj
 0001:000129cc       ___free_lc_time            100139cc f   libcmt:inittime.obj
 0001:00012d43       ___free_lconv_num          10013d43 f   libcmt:initnum.obj
 0001:00012dac       ___free_lconv_mon          10013dac f   libcmt:initmon.obj
 0001:00012eaa       __MarkAllocaS              10013eaa f i libcmt:_strftime.obj
 0001:00012ec0       __freea                    10013ec0 f i libcmt:_strftime.obj
 0001:00012ee0       _strcspn                   10013ee0 f   libcmt:strcspn.obj
 0001:000130e0       ___crtGetStringTypeA       100140e0 f   libcmt:_a_str.obj
 0001:000135d6       ___crtLCMapStringA         100145d6 f   libcmt:_a_map.obj
 0001:000136a3       __VEC_memcpy               100146a3 f   libcmt:p4_memcpy.obj
 0001:00013790       ___ascii_stricmp           10014790 f   libcmt:_stricmp.obj
 0001:000137de       __isleadbyte_l             100147de f i libcmt:__wctype.obj
 0001:00013820       __alloca_probe_16          10014820 f   libcmt:alloca16.obj
 0001:00013836       __alloca_probe_8           10014836     libcmt:alloca16.obj
 0001:0001384c       _atol                      1001484c f   libcmt:atox.obj
 0001:0001386e       ___ansicp                  1001486e f   libcmt:convrtcp.obj
 0001:000138b7       ___convertcp               100148b7 f   libcmt:convrtcp.obj
 0001:00013a71       __resetstkoflw             10014a71 f   libcmt:resetstk.obj
 0001:00013bd8       __SEH_prolog4_GS           10014bd8 f   libcmt:sehprolg4gs.obj
 0001:00013c20       __SEH_epilog4_GS           10014c20 f   libcmt:sehprolg4gs.obj
 0001:00013c30       __alloca_probe             10014c30     libcmt:chkstk.obj
 0001:00013c30       __chkstk                   10014c30 f   libcmt:chkstk.obj
 0001:00013e96       _strtolX                   10014e96 f   libcmt:_strtol.obj
 0001:00013ed0       ___ascii_strnicmp          10014ed0 f   libcmt:_strnicm.obj
 0001:00013f40       __aulldvrm                 10014f40 f   libcmt:ulldvrm.obj
 0001:00013fd5       __isctype_l                10014fd5 f   libcmt:_isctype.obj
 0001:000140a0       _strchr                    100150a0 f   libcmt:strchr.obj
 0001:000140a6       ___from_strstr_to_strchr   100150a6     libcmt:strchr.obj
 0001:0001415e       _Thread32Next@8            1001515e f   kernel32:KERNEL32.dll
 0001:00014164       _Thread32First@8           10015164 f   kernel32:KERNEL32.dll
 0001:0001416a       _CreateToolhelp32Snapshot@8 1001516a f   kernel32:KERNEL32.dll
 0001:00014170       _Process32NextW@8          10015170 f   kernel32:KERNEL32.dll
 0001:00014176       _Process32FirstW@8         10015176 f   kernel32:KERNEL32.dll
 0001:0001417c       _RtlUnwind@16              1001517c f   kernel32:KERNEL32.dll
 0002:00000000       __imp__RegCreateKeyExW@36  10016000     advapi32:ADVAPI32.dll
 0002:00000004       __imp__RegSetValueExW@24   10016004     advapi32:ADVAPI32.dll
 0002:00000008       __imp__RegOpenKeyExW@20    10016008     advapi32:ADVAPI32.dll
 0002:0000000c       __imp__RegQueryValueExW@24 1001600c     advapi32:ADVAPI32.dll
 0002:00000010       __imp__RegCloseKey@4       10016010     advapi32:ADVAPI32.dll
 0002:00000014       \177ADVAPI32_NULL_THUNK_DATA 10016014     advapi32:ADVAPI32.dll
 0002:00000018       __imp__CreateCompatibleBitmap@12 10016018     gdi32:GDI32.dll
 0002:0000001c       __imp__CreateCompatibleDC@4 1001601c     gdi32:GDI32.dll
 0002:00000020       __imp__CreateFontW@56      10016020     gdi32:GDI32.dll
 0002:00000024       __imp__BitBlt@36           10016024     gdi32:GDI32.dll
 0002:00000028       __imp__CreateDIBSection@24 10016028     gdi32:GDI32.dll
 0002:0000002c       __imp__GdiFlush@0          1001602c     gdi32:GDI32.dll
 0002:00000030       __imp__GetObjectW@12       10016030     gdi32:GDI32.dll
 0002:00000034       __imp__StretchBlt@44       10016034     gdi32:GDI32.dll
 0002:00000038       __imp__GdiAlphaBlend@44    10016038     gdi32:GDI32.dll
 0002:0000003c       __imp__SetStretchBltMode@8 1001603c     gdi32:GDI32.dll
 0002:00000040       __imp__DeleteDC@4          10016040     gdi32:GDI32.dll
 0002:00000044       __imp__SelectObject@8      10016044     gdi32:GDI32.dll
 0002:00000048       __imp__Rectangle@20        10016048     gdi32:GDI32.dll
 0002:0000004c       __imp__SetTextColor@8      1001604c     gdi32:GDI32.dll
 0002:00000050       __imp__SetBkColor@8        10016050     gdi32:GDI32.dll
 0002:00000054       __imp__CreatePen@12        10016054     gdi32:GDI32.dll
 0002:00000058       __imp__MoveToEx@16         10016058     gdi32:GDI32.dll
 0002:0000005c       __imp__LineTo@12           1001605c     gdi32:GDI32.dll
 0002:00000060       __imp__GetStockObject@4    10016060     gdi32:GDI32.dll
 0002:00000064       __imp__CreateSolidBrush@4  10016064     gdi32:GDI32.dll
 0002:00000068       __imp__DeleteObject@4      10016068     gdi32:GDI32.dll
 0002:0000006c       \177GDI32_NULL_THUNK_DATA  1001606c     gdi32:GDI32.dll
 0002:00000070       __imp__lstrcatW@8          10016070     kernel32:KERNEL32.dll
 0002:00000074       __imp__lstrcpyW@8          10016074     kernel32:KERNEL32.dll
 0002:00000078       __imp__Thread32Next@8      10016078     kernel32:KERNEL32.dll
 0002:0000007c       __imp__Thread32First@8     1001607c     kernel32:KERNEL32.dll
 0002:00000080       __imp__CreateToolhelp32Snapshot@8 10016080     kernel32:KERNEL32.dll
 0002:00000084       __imp__VirtualProtect@16   10016084     kernel32:KERNEL32.dll
 0002:00000088       __imp__WriteConsoleInputW@16 10016088     kernel32:KERNEL32.dll
 0002:0000008c       __imp__GetStdHandle@4      1001608c     kernel32:KERNEL32.dll
 0002:00000090       __imp__WideCharToMultiByte@32 10016090     kernel32:KERNEL32.dll
 0002:00000094       __imp__LocalFree@4         10016094     kernel32:KERNEL32.dll
 0002:00000098       __imp__ReadConsoleInputW@16 10016098     kernel32:KERNEL32.dll
 0002:0000009c       __imp__TerminateThread@8   1001609c     kernel32:KERNEL32.dll
 0002:000000a0       __imp__lstrcpynA@12        100160a0     kernel32:KERNEL32.dll
 0002:000000a4       __imp__MultiByteToWideChar@24 100160a4     kernel32:KERNEL32.dll
 0002:000000a8       __imp__lstrlenA@4          100160a8     kernel32:KERNEL32.dll
 0002:000000ac       __imp__LocalAlloc@8        100160ac     kernel32:KERNEL32.dll
 0002:000000b0       __imp__FileTimeToSystemTime@8 100160b0     kernel32:KERNEL32.dll
 0002:000000b4       __imp__GetExitCodeThread@8 100160b4     kernel32:KERNEL32.dll
 0002:000000b8       __imp__WaitForMultipleObjects@16 100160b8     kernel32:KERNEL32.dll
 0002:000000bc       __imp__CreateThread@24     100160bc     kernel32:KERNEL32.dll
 0002:000000c0       __imp__CreateEventW@16     100160c0     kernel32:KERNEL32.dll
 0002:000000c4       __imp__SetEvent@4          100160c4     kernel32:KERNEL32.dll
 0002:000000c8       __imp__FindClose@4         100160c8     kernel32:KERNEL32.dll
 0002:000000cc       __imp__FindNextFileW@8     100160cc     kernel32:KERNEL32.dll
 0002:000000d0       __imp__FreeLibrary@4       100160d0     kernel32:KERNEL32.dll
 0002:000000d4       __imp__FindFirstFileW@8    100160d4     kernel32:KERNEL32.dll
 0002:000000d8       __imp__GetTempPathW@8      100160d8     kernel32:KERNEL32.dll
 0002:000000dc       __imp__IsBadReadPtr@8      100160dc     kernel32:KERNEL32.dll
 0002:000000e0       __imp__ResetEvent@4        100160e0     kernel32:KERNEL32.dll
 0002:000000e4       __imp__HeapCreate@12       100160e4     kernel32:KERNEL32.dll
 0002:000000e8       __imp__HeapDestroy@4       100160e8     kernel32:KERNEL32.dll
 0002:000000ec       __imp__HeapAlloc@12        100160ec     kernel32:KERNEL32.dll
 0002:000000f0       __imp__HeapReAlloc@16      100160f0     kernel32:KERNEL32.dll
 0002:000000f4       __imp__HeapFree@12         100160f4     kernel32:KERNEL32.dll
 0002:000000f8       __imp__OpenThread@12       100160f8     kernel32:KERNEL32.dll
 0002:000000fc       __imp__InitializeCriticalSection@4 100160fc     kernel32:KERNEL32.dll
 0002:00000100       __imp__DeleteCriticalSection@4 10016100     kernel32:KERNEL32.dll
 0002:00000104       __imp__EnterCriticalSection@4 10016104     kernel32:KERNEL32.dll
 0002:00000108       __imp__LeaveCriticalSection@4 10016108     kernel32:KERNEL32.dll
 0002:0000010c       __imp__TryEnterCriticalSection@4 1001610c     kernel32:KERNEL32.dll
 0002:00000110       __imp__VerifyVersionInfoW@16 10016110     kernel32:KERNEL32.dll
 0002:00000114       __imp__VerSetConditionMask@16 10016114     kernel32:KERNEL32.dll
 0002:00000118       __imp__ReadConsoleOutputW@20 10016118     kernel32:KERNEL32.dll
 0002:0000011c       __imp__GetConsoleScreenBufferInfo@8 1001611c     kernel32:KERNEL32.dll
 0002:00000120       __imp__GetCurrentProcess@0 10016120     kernel32:KERNEL32.dll
 0002:00000124       __imp__Process32NextW@8    10016124     kernel32:KERNEL32.dll
 0002:00000128       __imp__CreateFileMappingW@24 10016128     kernel32:KERNEL32.dll
 0002:0000012c       __imp__VirtualFree@12      1001612c     kernel32:KERNEL32.dll
 0002:00000130       __imp__VirtualAlloc@16     10016130     kernel32:KERNEL32.dll
 0002:00000134       __imp__GetSystemInfo@4     10016134     kernel32:KERNEL32.dll
 0002:00000138       __imp__GetCommandLineA@0   10016138     kernel32:KERNEL32.dll
 0002:0000013c       __imp__GetVersionExA@4     1001613c     kernel32:KERNEL32.dll
 0002:00000140       __imp__RtlUnwind@16        10016140     kernel32:KERNEL32.dll
 0002:00000144       __imp__VirtualQuery@12     10016144     kernel32:KERNEL32.dll
 0002:00000148       __imp__InterlockedExchange@8 10016148     kernel32:KERNEL32.dll
 0002:0000014c       __imp__GetModuleHandleA@4  1001614c     kernel32:KERNEL32.dll
 0002:00000150       __imp__ExitProcess@4       10016150     kernel32:KERNEL32.dll
 0002:00000154       __imp__TlsGetValue@4       10016154     kernel32:KERNEL32.dll
 0002:00000158       __imp__TlsAlloc@0          10016158     kernel32:KERNEL32.dll
 0002:0000015c       __imp__TlsSetValue@8       1001615c     kernel32:KERNEL32.dll
 0002:00000160       __imp__TlsFree@4           10016160     kernel32:KERNEL32.dll
 0002:00000164       __imp__InterlockedIncrement@4 10016164     kernel32:KERNEL32.dll
 0002:00000168       __imp__InterlockedDecrement@4 10016168     kernel32:KERNEL32.dll
 0002:0000016c       __imp__SetHandleCount@4    1001616c     kernel32:KERNEL32.dll
 0002:00000170       __imp__GetFileType@4       10016170     kernel32:KERNEL32.dll
 0002:00000174       __imp__GetStartupInfoA@4   10016174     kernel32:KERNEL32.dll
 0002:00000178       __imp__GetModuleFileNameA@12 10016178     kernel32:KERNEL32.dll
 0002:0000017c       __imp__FreeEnvironmentStringsA@4 1001617c     kernel32:KERNEL32.dll
 0002:00000180       __imp__LoadLibraryW@4      10016180     kernel32:KERNEL32.dll
 0002:00000184       __imp__FreeEnvironmentStringsW@4 10016184     kernel32:KERNEL32.dll
 0002:00000188       __imp__GetEnvironmentStringsW@0 10016188     kernel32:KERNEL32.dll
 0002:0000018c       __imp__QueryPerformanceCounter@4 1001618c     kernel32:KERNEL32.dll
 0002:00000190       __imp__GetSystemTimeAsFileTime@4 10016190     kernel32:KERNEL32.dll
 0002:00000194       __imp__OutputDebugStringA@4 10016194     kernel32:KERNEL32.dll
 0002:00000198       __imp__LoadLibraryExA@12   10016198     kernel32:KERNEL32.dll
 0002:0000019c       __imp__GetCPInfo@8         1001619c     kernel32:KERNEL32.dll
 0002:000001a0       __imp__GetACP@0            100161a0     kernel32:KERNEL32.dll
 0002:000001a4       __imp__GetOEMCP@0          100161a4     kernel32:KERNEL32.dll
 0002:000001a8       __imp__TerminateProcess@8  100161a8     kernel32:KERNEL32.dll
 0002:000001ac       __imp__UnhandledExceptionFilter@4 100161ac     kernel32:KERNEL32.dll
 0002:000001b0       __imp__SetUnhandledExceptionFilter@4 100161b0     kernel32:KERNEL32.dll
 0002:000001b4       __imp__GetLocaleInfoA@16   100161b4     kernel32:KERNEL32.dll
 0002:000001b8       __imp__GetStringTypeA@20   100161b8     kernel32:KERNEL32.dll
 0002:000001bc       __imp__GetStringTypeW@16   100161bc     kernel32:KERNEL32.dll
 0002:000001c0       __imp__LCMapStringA@24     100161c0     kernel32:KERNEL32.dll
 0002:000001c4       __imp__LCMapStringW@24     100161c4     kernel32:KERNEL32.dll
 0002:000001c8       __imp__WriteFile@20        100161c8     kernel32:KERNEL32.dll
 0002:000001cc       __imp__TransactNamedPipe@28 100161cc     kernel32:KERNEL32.dll
 0002:000001d0       __imp__ReadFile@20         100161d0     kernel32:KERNEL32.dll
 0002:000001d4       __imp__CreateFileW@28      100161d4     kernel32:KERNEL32.dll
 0002:000001d8       __imp__WaitForSingleObject@8 100161d8     kernel32:KERNEL32.dll
 0002:000001dc       __imp__WaitNamedPipeW@8    100161dc     kernel32:KERNEL32.dll
 0002:000001e0       __imp__Sleep@4             100161e0     kernel32:KERNEL32.dll
 0002:000001e4       __imp__SetNamedPipeHandleState@16 100161e4     kernel32:KERNEL32.dll
 0002:000001e8       __imp__GetModuleFileNameW@12 100161e8     kernel32:KERNEL32.dll
 0002:000001ec       __imp__OpenFileMappingW@12 100161ec     kernel32:KERNEL32.dll
 0002:000001f0       __imp__MapViewOfFile@20    100161f0     kernel32:KERNEL32.dll
 0002:000001f4       __imp__UnmapViewOfFile@4   100161f4     kernel32:KERNEL32.dll
 0002:000001f8       __imp__CloseHandle@4       100161f8     kernel32:KERNEL32.dll
 0002:000001fc       __imp__SetLastError@4      100161fc     kernel32:KERNEL32.dll
 0002:00000200       __imp__GetCurrentThreadId@0 10016200     kernel32:KERNEL32.dll
 0002:00000204       __imp__GetCurrentProcessId@0 10016204     kernel32:KERNEL32.dll
 0002:00000208       __imp__GetTickCount@0      10016208     kernel32:KERNEL32.dll
 0002:0000020c       __imp__GetLastError@0      1001620c     kernel32:KERNEL32.dll
 0002:00000210       __imp__IsDebuggerPresent@0 10016210     kernel32:KERNEL32.dll
 0002:00000214       __imp__lstrcmpiW@8         10016214     kernel32:KERNEL32.dll
 0002:00000218       __imp__lstrcmpW@8          10016218     kernel32:KERNEL32.dll
 0002:0000021c       __imp__GetModuleHandleW@4  1001621c     kernel32:KERNEL32.dll
 0002:00000220       __imp__GetProcAddress@8    10016220     kernel32:KERNEL32.dll
 0002:00000224       __imp__lstrcpynW@12        10016224     kernel32:KERNEL32.dll
 0002:00000228       __imp__lstrlenW@4          10016228     kernel32:KERNEL32.dll
 0002:0000022c       __imp__SetEnvironmentVariableW@8 1001622c     kernel32:KERNEL32.dll
 0002:00000230       __imp__Process32FirstW@8   10016230     kernel32:KERNEL32.dll
 0002:00000234       __imp__GetEnvironmentStrings@0 10016234     kernel32:KERNEL32.dll
 0002:00000238       \177KERNEL32_NULL_THUNK_DATA 10016238     kernel32:KERNEL32.dll
 0002:0000023c       __imp__SHGetFileInfoW@20   1001623c     shell32:SHELL32.dll
 0002:00000240       \177SHELL32_NULL_THUNK_DATA 10016240     shell32:SHELL32.dll
 0002:00000244       __imp__RegisterWindowMessageW@4 10016244     user32:USER32.dll
 0002:00000248       __imp__ReleaseDC@8         10016248     user32:USER32.dll
 0002:0000024c       __imp__GetDC@4             1001624c     user32:USER32.dll
 0002:00000250       __imp__DestroyIcon@4       10016250     user32:USER32.dll
 0002:00000254       __imp__DrawIconEx@36       10016254     user32:USER32.dll
 0002:00000258       __imp__GetIconInfo@8       10016258     user32:USER32.dll
 0002:0000025c       __imp__LoadIconW@8         1001625c     user32:USER32.dll
 0002:00000260       __imp__ShowWindow@8        10016260     user32:USER32.dll
 0002:00000264       __imp__DispatchMessageW@4  10016264     user32:USER32.dll
 0002:00000268       __imp__LoadCursorW@8       10016268     user32:USER32.dll
 0002:0000026c       __imp__RegisterClassW@4    1001626c     user32:USER32.dll
 0002:00000270       __imp__CreateWindowExW@48  10016270     user32:USER32.dll
 0002:00000274       __imp__GetWindowLongW@8    10016274     user32:USER32.dll
 0002:00000278       __imp__SetWindowLongW@12   10016278     user32:USER32.dll
 0002:0000027c       __imp__DefWindowProcW@16   1001627c     user32:USER32.dll
 0002:00000280       __imp__DestroyWindow@4     10016280     user32:USER32.dll
 0002:00000284       __imp__PostThreadMessageW@16 10016284     user32:USER32.dll
 0002:00000288       __imp__GetMessageW@16      10016288     user32:USER32.dll
 0002:0000028c       __imp__EndPaint@8          1001628c     user32:USER32.dll
 0002:00000290       __imp__InvalidateRect@12   10016290     user32:USER32.dll
 0002:00000294       __imp__DrawTextW@20        10016294     user32:USER32.dll
 0002:00000298       __imp__FillRect@12         10016298     user32:USER32.dll
 0002:0000029c       __imp__ShowWindowAsync@8   1001629c     user32:USER32.dll
 0002:000002a0       __imp__PostMessageW@16     100162a0     user32:USER32.dll
 0002:000002a4       __imp__GetWindowThreadProcessId@8 100162a4     user32:USER32.dll
 0002:000002a8       __imp__MessageBoxW@16      100162a8     user32:USER32.dll
 0002:000002ac       __imp__IsWindowVisible@4   100162ac     user32:USER32.dll
 0002:000002b0       __imp__GetClientRect@8     100162b0     user32:USER32.dll
 0002:000002b4       __imp__MapWindowPoints@16  100162b4     user32:USER32.dll
 0002:000002b8       __imp__ChildWindowFromPointEx@16 100162b8     user32:USER32.dll
 0002:000002bc       __imp__WindowFromPoint@8   100162bc     user32:USER32.dll
 0002:000002c0       __imp__GetClassNameW@12    100162c0     user32:USER32.dll
 0002:000002c4       __imp__IntersectRect@12    100162c4     user32:USER32.dll
 0002:000002c8       __imp__GetKeyState@4       100162c8     user32:USER32.dll
 0002:000002cc       __imp__wsprintfW           100162cc     user32:USER32.dll
 0002:000002d0       __imp__IsWindow@4          100162d0     user32:USER32.dll
 0002:000002d4       __imp__MapVirtualKeyW@8    100162d4     user32:USER32.dll
 0002:000002d8       __imp__BeginPaint@8        100162d8     user32:USER32.dll
 0002:000002dc       __imp__UnregisterClassW@8  100162dc     user32:USER32.dll
 0002:000002e0       \177USER32_NULL_THUNK_DATA 100162e0     user32:USER32.dll
 0002:000002e4       __imp__GetFileVersionInfoW@16 100162e4     version:VERSION.dll
 0002:000002e8       __imp__VerQueryValueW@16   100162e8     version:VERSION.dll
 0002:000002ec       __imp__GetFileVersionInfoSizeW@8 100162ec     version:VERSION.dll
 0002:000002f0       \177VERSION_NULL_THUNK_DATA 100162f0     version:VERSION.dll
 0002:000002f4       __imp__CoInitialize@4      100162f4     ole32:ole32.dll
 0002:000002f8       __imp__CoUninitialize@0    100162f8     ole32:ole32.dll
 0002:000002fc       \177ole32_NULL_THUNK_DATA  100162fc     ole32:ole32.dll
 0002:00000300       ___xc_a                    10016300     libcmt:crt0init.obj
 0002:00000304       ___xc_z                    10016304     libcmt:crt0init.obj
 0002:00000308       ___xi_a                    10016308     libcmt:crt0init.obj
 0002:00000314       ___xi_z                    10016314     libcmt:crt0init.obj
 0002:00000318       ___xp_a                    10016318     libcmt:crt0init.obj
 0002:0000031c       ___xp_z                    1001631c     libcmt:crt0init.obj
 0002:00000320       ___xt_a                    10016320     libcmt:crt0init.obj
 0002:00000324       ___xt_z                    10016324     libcmt:crt0init.obj
 0002:00000328       ??_C@_1EHK@JMHPNAMN@?$AAA?$AAC?$AAT?$AAI?$AAV?$AAA?$AAT?$AAE?$AA?$AA?$AAA?$AAL?$AAI?$AAA?$AAS?$AA?$AA?$AAA?$AAS?$AAS?$AAO?$AAC?$AA?$AA?$AAA?$AAT?$AAT?$AAR?$AAI?$AAB?$AA?$AA?$AAB?$AAE?$AAE?$AAP@ 10016328     CmdLine.obj
 0002:000007a4       ??_C@_1BK@MGMFAEKH@?$AAk?$AAe?$AAr?$AAn?$AAe?$AAl?$AA3?$AA2?$AA?4?$AAd?$AAl?$AAl?$AA?$AA@ 100167a4     CmdLine.obj
 0002:000007c0       ??_C@_11LOCGONAA@?$AA?$AA@ 100167c0     CmdLine.obj
 0002:000007c4       ??_C@_13FPGAJAPJ@?$AA?2?$AA?$AA@ 100167c4     CmdLine.obj
 0002:000007c8       ??_C@_1BA@LEPJIIOK@?$AAU?$AAn?$AAk?$AAn?$AAo?$AAw?$AAn?$AA?$AA@ 100167c8     ConEmuCheck.obj
 0002:000007d8       ??_C@_1EM@INHGIPLC@?$AA?$CF?$AAs?$AA?4?$AA?$CF?$AAu?$AA?3?$AA?5?$AAC?$AAr?$AAe?$AAa?$AAt?$AAe?$AAF?$AAi?$AAl?$AAe?$AA?$CI?$AA?$CF?$AAs?$AA?$CJ?$AA?5?$AAf?$AAa?$AAi?$AAl?$AAe?$AAd?$AA?0?$AA?5?$AAc?$AAo@ 100167d8     ConEmuCheck.obj
 0002:00000824       ??_C@_1DC@MJLCOFMA@?$AA?2?$AA?2?$AA?$CF?$AAs?$AA?2?$AAp?$AAi?$AAp?$AAe?$AA?2?$AAC?$AAo?$AAn?$AAE?$AAm?$AAu?$AAG?$AAu?$AAi?$AA?4?$AA?$CF?$AA0?$AA8?$AAX?$AA?$AA@ 10016824     ConEmuCheck.obj
 0002:00000858       ??_C@_13JOFGPIOO@?$AA?4?$AA?$AA@ 10016858     ConEmuCheck.obj
 0002:00000860       ??_C@_1FO@BGAPBIGG@?$AAC?$AAa?$AAn?$AA?8?$AAt?$AA?5?$AAm?$AAa?$AAp?$AA?5?$AAc?$AAo?$AAn?$AAs?$AAo?$AAl?$AAe?$AA?5?$AAi?$AAn?$AAf?$AAo?$AA?5?$AA?$CI?$AA?$CF?$AAs?$AA?$CJ?$AA?4?$AA?5?$AAE?$AAr?$AAr@ 10016860     ConEmuCheck.obj
 0002:000008c0       ??_C@_19EOHDNDII@?$AAR?$AAe?$AAa?$AAd?$AA?$AA@ 100168c0     ConEmuCheck.obj
 0002:000008cc       ??_C@_1BE@HADLJAO@?$AAR?$AAe?$AAa?$AAd?$AAW?$AAr?$AAi?$AAt?$AAe?$AA?$AA@ 100168cc     ConEmuCheck.obj
 0002:000008e0       ??_C@_1GM@LGOLGABE@?$AAC?$AAa?$AAn?$AA?8?$AAt?$AA?5?$AA?$CF?$AAs?$AA?5?$AAc?$AAo?$AAn?$AAs?$AAo?$AAl?$AAe?$AA?5?$AAd?$AAa?$AAt?$AAa?$AA?5?$AAf?$AAi?$AAl?$AAe?$AA?5?$AAm?$AAa?$AAp?$AAp?$AAi@ 100168e0     ConEmuCheck.obj
 0002:0000094c       ??_C@_19BDAJEHDN@?$AAo?$AAp?$AAe?$AAn?$AA?$AA@ 1001694c     ConEmuCheck.obj
 0002:00000958       ??_C@_1O@KBENBEFG@?$AAc?$AAr?$AAe?$AAa?$AAt?$AAe?$AA?$AA@ 10016958     ConEmuCheck.obj
 0002:00000968       ??_C@_1GK@OGACKIKJ@?$AAI?$AAn?$AAt?$AAe?$AAr?$AAn?$AAa?$AAl?$AA?5?$AAe?$AAr?$AAr?$AAo?$AAr?$AA?4?$AA?5?$AAM?$AAa?$AAp?$AAp?$AAi?$AAn?$AAg?$AA?5?$AAf?$AAi?$AAl?$AAe?$AA?5?$AAn?$AAa?$AAm@ 10016968     ConEmuCheck.obj
 0002:000009d4       ??_C@_0BF@NLPJFAHE@ProcessSynchroEventW?$AA@ 100169d4     ConEmuTh.obj
 0002:000009ec       ??_C@_08BCACMCCB@ExitFARW?$AA@ 100169ec     ConEmuTh.obj
 0002:000009f8       ??_C@_1CA@GGFPMHLH@?$AA?6?$AAE?$AAr?$AAr?$AAC?$AAo?$AAd?$AAe?$AA?$DN?$AA0?$AAx?$AA?$CF?$AA0?$AA8?$AAX?$AA?$AA@ 100169f8     ConEmuTh.obj
 0002:00000a18       ??_C@_1FG@LNADFPCE@?$AAL?$AAo?$AAa?$AAd?$AAF?$AAa?$AAr?$AAV?$AAe?$AAr?$AAs?$AAi?$AAo?$AAn?$AA?4?$AAG?$AAe?$AAt?$AAM?$AAo?$AAd?$AAu?$AAl?$AAe?$AAF?$AAi?$AAl?$AAe?$AAN?$AAa?$AAm?$AAe@ 10016a18     ConEmuTh.obj
 0002:00000a70       ??_C@_1GC@COKOAMPP@?$AAL?$AAo?$AAa?$AAd?$AAF?$AAa?$AAr?$AAV?$AAe?$AAr?$AAs?$AAi?$AAo?$AAn?$AA?4?$AAG?$AAe?$AAt?$AAF?$AAi?$AAl?$AAe?$AAV?$AAe?$AAr?$AAs?$AAi?$AAo?$AAn?$AAI?$AAn?$AAf@ 10016a70     ConEmuTh.obj
 0002:00000ad8       ??_C@_1GC@BJIMIHFH@?$AAL?$AAo?$AAa?$AAd?$AAF?$AAa?$AAr?$AAV?$AAe?$AAr?$AAs?$AAi?$AAo?$AAn?$AA?5?$AAf?$AAa?$AAi?$AAl?$AAe?$AAd?$AA?$CB?$AA?5?$AAC?$AAa?$AAn?$AA?8?$AAt?$AA?5?$AAa?$AAl?$AAl@ 10016ad8     ConEmuTh.obj
 0002:00000b40       ??_C@_1FK@EOBKNMNM@?$AAL?$AAo?$AAa?$AAd?$AAF?$AAa?$AAr?$AAV?$AAe?$AAr?$AAs?$AAi?$AAo?$AAn?$AA?4?$AAG?$AAe?$AAt?$AAF?$AAi?$AAl?$AAe?$AAV?$AAe?$AAr?$AAs?$AAi?$AAo?$AAn?$AAI?$AAn?$AAf@ 10016b40     ConEmuTh.obj
 0002:00000ba0       ??_C@_1FG@LALGGOEO@?$AAL?$AAo?$AAa?$AAd?$AAF?$AAa?$AAr?$AAV?$AAe?$AAr?$AAs?$AAi?$AAo?$AAn?$AA?4?$AAV?$AAe?$AAr?$AAQ?$AAu?$AAe?$AAr?$AAy?$AAV?$AAa?$AAl?$AAu?$AAe?$AA?$CI?$AA?$CC?$AA?2?$AA?$CC@ 10016ba0     ConEmuTh.obj
 0002:00000bf8       ??_C@_1BO@KCLMEFLE@?$AAR?$AAi?$AAg?$AAh?$AAt?$AAP?$AAa?$AAn?$AAe?$AAl?$AAV?$AAi?$AAe?$AAw?$AA?$AA@ 10016bf8     ConEmuTh.obj
 0002:00000c18       ??_C@_1BM@HEIDIPPL@?$AAL?$AAe?$AAf?$AAt?$AAP?$AAa?$AAn?$AAe?$AAl?$AAV?$AAi?$AAe?$AAw?$AA?$AA@ 10016c18     ConEmuTh.obj
 0002:00000c34       ??_C@_1DC@FOGHAECG@?$AAF?$AAa?$AAr?$AAM?$AAu?$AAl?$AAt?$AAi?$AAV?$AAi?$AAe?$AAw?$AAC?$AAo?$AAn?$AAt?$AAr?$AAo?$AAl?$AAC?$AAl?$AAa?$AAs?$AAs?$AA?$AA@ 10016c34     ConEmuTh.obj
 0002:00000c68       ??_C@_1DG@DBEAEOKG@?$AAF?$AAa?$AAr?$AAP?$AAi?$AAc?$AAt?$AAu?$AAr?$AAe?$AAV?$AAi?$AAe?$AAw?$AAC?$AAo?$AAn?$AAt?$AAr?$AAo?$AAl?$AAC?$AAl?$AAa?$AAs?$AAs?$AA?$AA@ 10016c68     ConEmuTh.obj
 0002:00000ca0       ??_C@_1BI@GILFJGEK@?$AAB?$AAu?$AAt?$AAt?$AAo?$AAn?$AAC?$AAo?$AAl?$AAo?$AAr?$AA?$AA@ 10016ca0     ConEmuTh.obj
 0002:00000cb8       ??_C@_1BK@NFAPLMGI@?$AAS?$AAe?$AAp?$AAa?$AAr?$AAa?$AAt?$AAe?$AAT?$AAa?$AAb?$AAs?$AA?$AA@ 10016cb8     ConEmuTh.obj
 0002:00000cd4       ??_C@_1CG@HOMCPCN@?$AA?2?$AAP?$AAl?$AAu?$AAg?$AAi?$AAn?$AAs?$AA?2?$AAP?$AAa?$AAn?$AAe?$AAl?$AAT?$AAa?$AAb?$AAs?$AA?$AA@ 10016cd4     ConEmuTh.obj
 0002:00000cfc       ??_C@_1BM@OLHABKH@?$AAF?$AAa?$AAr?$AAT?$AAh?$AAu?$AAm?$AAb?$AAn?$AAa?$AAi?$AAl?$AAs?$AA?$AA@ 10016cfc     ConEmuTh.obj
 0002:00000d18       ??_C@_1O@EMLLFJNI@?$AAA?$AAc?$AAt?$AAi?$AAv?$AAe?$AA?$AA@ 10016d18     ConEmuTh.obj
 0002:00000d28       ??_C@_1DM@JLCDNDHD@?$AAC?$AAo?$AAn?$AAE?$AAm?$AAu?$AAP?$AAa?$AAn?$AAe?$AAl?$AAV?$AAi?$AAe?$AAw?$AAD?$AAl?$AAg?$AAs?$AAM?$AAa?$AAp?$AAp?$AAi?$AAn?$AAg?$AA?4?$AA?$CF?$AAu?$AA?$AA@ 10016d28     ConEmuTh.obj
 0002:00000d64       ??_C@_1DM@OLPDHEPA@?$AAF?$AAa?$AAi?$AAl?$AAe?$AAd?$AA?5?$AAt?$AAo?$AA?5?$AAg?$AAe?$AAt?$AA?5?$AAC?$AAo?$AAn?$AAE?$AAm?$AAu?$AA?5?$AAp?$AAa?$AAl?$AAe?$AAt?$AAt?$AAe?$AA?$CB?$AA?$AA@ 10016d64     ConEmuTh.obj
 0002:00000da0       ??_C@_1BC@DJOGOIHN@?$AAC?$AAo?$AAn?$AAE?$AAm?$AAu?$AAT?$AAh?$AA?$AA@ 10016da0     ConEmuTh.obj
 0002:00000db4       ??_C@_1DA@BMIFHIMF@?$AAC?$AAo?$AAn?$AAE?$AAm?$AAu?$AAV?$AAi?$AAe?$AAw?$AAS?$AAe?$AAt?$AAM?$AAa?$AAp?$AAp?$AAi?$AAn?$AAg?$AA?4?$AA?$CF?$AAu?$AA?$AA@ 10016db4     ConEmuTh.obj
 0002:00000de4       ??_C@_0M@FMNOKGGE@GetFarHWND2?$AA@ 10016de4     ConEmuTh.obj
 0002:00000df0       ??_C@_0BC@MKJHPCEO@RegisterPanelView?$AA@ 10016df0     ConEmuTh.obj
 0002:00000e04       ??_C@_1BG@NBIHKCLP@?$AAC?$AAo?$AAn?$AAE?$AAm?$AAu?$AA?4?$AAd?$AAl?$AAl?$AA?$AA@ 10016e04     ConEmuTh.obj
 0002:00000e1c       ??_C@_17JLFEDMMI@?$AA?$DP?$AA?$DP?$AA?$DP?$AA?$AA@ 10016e1c     ConEmuTh1900.obj
 0002:00000e24       ??_C@_1BC@IALIJCAM@?$AAS?$AAo?$AAr?$AAt?$AAM?$AAo?$AAd?$AAe?$AA?$AA@ 10016e24     ConEmuTh1900.obj
 0002:00000e38       ??_C@_1BG@MHMKAABO@?$AAS?$AAt?$AAa?$AAt?$AAu?$AAs?$AAL?$AAi?$AAn?$AAe?$AA?$AA@ 10016e38     ConEmuTh1900.obj
 0002:00000e50       ??_C@_1BK@MBFACEDG@?$AAC?$AAo?$AAl?$AAu?$AAm?$AAn?$AAT?$AAi?$AAt?$AAl?$AAe?$AAs?$AA?$AA@ 10016e50     ConEmuTh1900.obj
 0002:00000e6c       ??_C@_1O@PDEOIOBG@?$AAK?$AAe?$AAy?$AAB?$AAa?$AAr?$AA?$AA@ 10016e6c     ConEmuTh1900.obj
 0002:00000e7c       ??_C@_1BI@EKLHEFDO@?$AAS?$AAh?$AAo?$AAw?$AAM?$AAe?$AAn?$AAu?$AAB?$AAa?$AAr?$AA?$AA@ 10016e7c     ConEmuTh1900.obj
 0002:00000e94       ??_C@_1DE@DJEAMLPH@?$AAC?$AAo?$AAn?$AAE?$AAm?$AAu?$AA?4?$AAM?$AAa?$AAx?$AAi?$AAm?$AAu?$AAs?$AA5?$AA?$EA?$AAg?$AAm?$AAa?$AAi?$AAl?$AA?4?$AAc?$AAo?$AAm?$AA?$AA@ 10016e94     ConEmuTh2800.obj
 0002:00000ec8       ??_C@_1EM@OOFEGLCO@?$AAT?$AAh?$AAu?$AAm?$AAb?$AAn?$AAa?$AAi?$AAl?$AAs?$AA?5?$AAa?$AAn?$AAd?$AA?5?$AAT?$AAi?$AAl?$AAe?$AAs?$AA?5?$AAi?$AAn?$AA?5?$AAC?$AAo?$AAn?$AAE?$AAm?$AAu?$AA?5?$AAw@ 10016ec8     ConEmuTh2800.obj
 0002:00000f14       ??_C@_1CG@DMGPLFKD@?$AAC?$AAo?$AAn?$AAE?$AAm?$AAu?$AA?5?$AAP?$AAa?$AAn?$AAe?$AAl?$AA?5?$AAV?$AAi?$AAe?$AAw?$AAs?$AA?$AA@ 10016f14     ConEmuTh2800.obj
 0002:00000f40       ??_C@_1HI@BNDPAPFP@?$AA?$CF?$AAs?$AA?5?$AA?$CF?$AAs?$AA?$CI?$AA?$CC?$AAb?$AAd?$AA4?$AA5?$AA4?$AAd?$AA4?$AA8?$AA?9?$AA4?$AA4?$AA8?$AAe?$AA?9?$AA4?$AA6?$AAc?$AAc?$AA?9?$AA9?$AA0?$AA9?$AAd?$AA?9?$AAb@ 10016f40     ConEmuTh2800.obj
 0002:00000fb8       ??_C@_1BG@LBJCGLOJ@?$AAS?$AAe?$AAt?$AAC?$AAu?$AAr?$AAI?$AAt?$AAe?$AAm?$AA?$AA@ 10016fb8     ConEmuTh2800.obj
 0002:00000fd0       ??_C@_1BG@PKDGNNAF@?$AAc?$AAa?$AAl?$AAl?$AAp?$AAl?$AAu?$AAg?$AAi?$AAn?$AA?$AA@ 10016fd0     ConEmuTh2800.obj
 0002:00000fe8       ??_C@_1CM@IICFOBPI@?$AA$?$AAi?$AAf?$AA?5?$AA?$CI?$AAS?$AAe?$AAa?$AAr?$AAc?$AAh?$AA?$CJ?$AA?5?$AAE?$AAs?$AAc?$AA?5?$AA$?$AAe?$AAn?$AAd?$AA?$AA@ 10016fe8     ConEmuTh2800.obj
 0002:00001014       ??_C@_1CA@GIGEMLLA@?$AAP?$AAl?$AAu?$AAg?$AAi?$AAn?$AA?4?$AAS?$AAy?$AAn?$AAc?$AAC?$AAa?$AAl?$AAl?$AA?$AA@ 10017014     ConEmuTh2800.obj
 0002:00001038       ??_C@_1EI@PNMHLKGC@?$AAi?$AAf?$AA?5?$AAA?$AAr?$AAe?$AAa?$AA?4?$AAS?$AAe?$AAa?$AAr?$AAc?$AAh?$AA?5?$AAt?$AAh?$AAe?$AAn?$AA?5?$AAK?$AAe?$AAy?$AAs?$AA?$CI?$AA?$CC?$AAE?$AAs?$AAc?$AA?$CC?$AA?$CJ?$AA?5@ 10017038     ConEmuTh2800.obj
 0002:00001080       ??_C@_1BE@LFJLOEAN@?$AAC?$AAo?$AAn?$AAE?$AAm?$AAu?$AAT?$AAh?$AA?2?$AA?$AA@ 10017080     ConEmuTh995.obj
 0002:000010b4       ??_C@_1DI@DLGGKEIH@?$AA$?$AAI?$AAf?$AA?5?$AA?$CI?$AA?$CF?$AAc?$AAP?$AAa?$AAn?$AAe?$AAl?$AA?4?$AAL?$AAe?$AAf?$AAt?$AA?$CJ?$AA?5?$AAT?$AAa?$AAb?$AA?5?$AA$?$AAE?$AAn?$AAd?$AA?$AA@ 100170b4     Display.obj
 0002:000010f0       ??_C@_1EK@NOCLDABL@?$AAi?$AAf?$AA?5?$AA?$CF?$AAc?$AAP?$AAa?$AAn?$AAe?$AAl?$AA?4?$AAL?$AAe?$AAf?$AAt?$AA?5?$AAt?$AAh?$AAe?$AAn?$AA?5?$AAK?$AAe?$AAy?$AAs?$AA?$CI?$AA?$CC?$AAT?$AAa?$AAb?$AA?$CC?$AA?$CJ@ 100170f0     Display.obj
 0002:0000113c       ??_C@_1M@KOMOBEPM@?$AA?$CF?$AAi?$AA?5?$AA?$CF?$AAc?$AA?$AA@ 1001713c     Display.obj
 0002:00001148       ??_C@_1BG@NLGHAGA@?$AA?$CF?$AAi?$AA?0?$AA?$CF?$AA0?$AA3?$AAi?$AA?5?$AA?$CF?$AAc?$AA?$AA@ 10017148     Display.obj
 0002:00001160       ??_C@_1O@NLGMKEDN@?$AAB?$AAK?$AAM?$AAG?$AAT?$AAP?$AA?$AA@ 10017160     Display.obj
 0002:00001170       ??_C@_1CO@LEOKLKOD@?$AA?$CF?$AA0?$AA2?$AAi?$AA?4?$AA?$CF?$AA0?$AA2?$AAi?$AA?4?$AA?$CF?$AA0?$AA2?$AAi?$AA?5?$AA?$CF?$AAi?$AA?3?$AA?$CF?$AA0?$AA2?$AAi?$AA?$AA@ 10017170     Display.obj
 0002:000011a0       ??_C@_1CM@MJKKOLFD@?$AAC?$AAo?$AAn?$AAE?$AAm?$AAu?$AA?4?$AA?$CF?$AAs?$AAP?$AAa?$AAn?$AAe?$AAl?$AAV?$AAi?$AAe?$AAw?$AA?4?$AA?$CF?$AAi?$AA?$AA@ 100171a0     Display.obj
 0002:000011cc       ??_C@_1M@KDEMMBOH@?$AAR?$AAi?$AAg?$AAh?$AAt?$AA?$AA@ 100171cc     Display.obj
 0002:000011d8       ??_C@_19DKAIAFPE@?$AAL?$AAe?$AAf?$AAt?$AA?$AA@ 100171d8     Display.obj
 0002:000011e4       ??_C@_1CI@GNBJKMME@?$AAC?$AAo?$AAn?$AAE?$AAm?$AAu?$AAT?$AAh?$AA?3?$AA?3?$AAM?$AAa?$AAp?$AAC?$AAo?$AAo?$AAr?$AAd?$AAs?$AA?$AA@ 100171e4     Display.obj
 0002:0000120c       ??_C@_1CG@OILEFJJN@?$AAC?$AAo?$AAn?$AAE?$AAm?$AAu?$AAT?$AAh?$AA?3?$AA?3?$AAS?$AAe?$AAt?$AAt?$AAi?$AAn?$AAg?$AAs?$AA?$AA@ 1001720c     Display.obj
 0002:00001234       ??_C@_1BO@IPKBELC@?$AAC?$AAo?$AAn?$AAE?$AAm?$AAu?$AAT?$AAh?$AA?3?$AA?3?$AAF?$AAa?$AAd?$AAe?$AA?$AA@ 10017234     Display.obj
 0002:00001254       ??_C@_0L@DOHHADLD@CET_Cancel?$AA@ 10017254     ImgCache.obj
 0002:00001260       ??_C@_08PFMFDMEL@CET_Free?$AA@ 10017260     ImgCache.obj
 0002:0000126c       ??_C@_08DBEDCDF@CET_Load?$AA@ 1001726c     ImgCache.obj
 0002:00001278       ??_C@_08CBCDAPII@CET_Done?$AA@ 10017278     ImgCache.obj
 0002:00001284       ??_C@_08DHJJJJMJ@CET_Init?$AA@ 10017284     ImgCache.obj
 0002:00001290       ??_C@_1M@NHGOODCJ@?$AA?$CK?$AA?4?$AAt?$AA3?$AA2?$AA?$AA@ 10017290     ImgCache.obj
 0002:0000129c       ??_C@_1BO@EOFABIPH@?$AAC?$AAo?$AAn?$AAE?$AAm?$AAu?$AAT?$AAh?$AA?4?$AAc?$AAa?$AAc?$AAh?$AAe?$AA?$AA@ 1001729c     ImgCache.obj
 0002:000012bc       ??_C@_15DDHGOCBH@?$AA?4?$AA?4?$AA?$AA@ 100172bc     ImgCache.obj
 0002:000012c4       ??_C@_19DDLLJDOO@?$AAF?$AAi?$AAl?$AAe?$AA?$AA@ 100172c4     ImgCache.obj
 0002:000012d0       ??_C@_0N@DDFPJHDO@_GetFileData?$AA@ 100172d0     ImgCache.obj
 0002:000012e0       ??_C@_1BE@DFPCIADA@?$AAP?$AAB?$AAF?$AAa?$AAr?$AA?4?$AAd?$AAl?$AAl?$AA?$AA@ 100172e0     ImgCache.obj
 0002:000012f4       ??_C@_19EBFDIIDI@?$AA?4?$AAw?$AAm?$AAf?$AA?$AA@ 100172f4     ImgCache.obj
 0002:00001300       ??_C@_19HFLOJEOK@?$AA?4?$AAp?$AAn?$AAg?$AA?$AA@ 10017300     ImgCache.obj
 0002:0000130c       ??_C@_19GPGAIFNL@?$AA?4?$AAi?$AAc?$AAo?$AA?$AA@ 1001730c     ImgCache.obj
 0002:00001318       ??_C@_19KGHJPLAF@?$AA?4?$AAg?$AAi?$AAf?$AA?$AA@ 10017318     ImgCache.obj
 0002:00001324       ??_C@_19HKLPDE@?$AA?4?$AAb?$AAm?$AAp?$AA?$AA@ 10017324     ImgCache.obj
 0002:00001330       ??_7?$CQueueProcessor@PAUIMAGE_CACHE_INFO@@@@6B@ 10017330     ImgCache.obj
 0002:00001364       ??_7CImgLoader@@6B@        10017364     ImgCache.obj
 0002:000013a0       ??_C@_0BK@DNNLOFO@SetSecurityDescriptorDacl?$AA@ 100173a0     MSecurity.obj
 0002:000013bc       ??_C@_0BN@FNLANPJJ@InitializeSecurityDescriptor?$AA@ 100173bc     MSecurity.obj
 0002:000013dc       ??_C@_0O@GKCEJBAA@InitializeAcl?$AA@ 100173dc     MSecurity.obj
 0002:000013ec       ??_C@_0N@HBKDHKNL@GetLengthSid?$AA@ 100173ec     MSecurity.obj
 0002:000013fc       ??_C@_0BJ@ECIKFEOL@AllocateAndInitializeSid?$AA@ 100173fc     MSecurity.obj
 0002:00001418       ??_C@_0BD@EIGAJLOG@AddAccessDeniedAce?$AA@ 10017418     MSecurity.obj
 0002:0000142c       ??_C@_0BE@IPKPLIM@AddAccessAllowedAce?$AA@ 1001742c     MSecurity.obj
 0002:00001440       ??_C@_1BK@BIGILECK@?$AAA?$AAd?$AAv?$AAa?$AAp?$AAi?$AA3?$AA2?$AA?4?$AAd?$AAl?$AAl?$AA?$AA@ 10017440     MSecurity.obj
 0002:0000145c       ??_C@_1BO@HJHEFHMO@?$AAK?$AAe?$AAr?$AAn?$AAe?$AAl?$AAB?$AAa?$AAs?$AAe?$AA?4?$AAd?$AAl?$AAl?$AA?$AA@ 1001745c     MSecurity.obj
 0002:0000147c       ??_C@_15LKGMKBFA@?$AA0?$AA0?$AA?$AA@ 1001747c     MStrSafe.obj
 0002:00001484       ??_C@_1BC@LMIJMNIA@?$AA0?$AA0?$AA0?$AA0?$AA0?$AA0?$AA0?$AA0?$AA?$AA@ 10017484     MStrSafe.obj
 0002:00001498       ??_C@_1CA@DHOHMJCG@?$AAU?$AAn?$AAi?$AAc?$AAo?$AAd?$AAe?$AA?5?$AAC?$AAh?$AAa?$AAr?$AAM?$AAa?$AAp?$AA?$AA@ 10017498     RgnDetect.obj
 0002:000014b8       ??_C@_1BI@MPDCNJBA@?$AAt?$AAl?$AAn?$AAt?$AAs?$AAv?$AAr?$AA?4?$AAe?$AAx?$AAe?$AA?$AA@ 100174b8     WObjects.obj
 0002:000014d0       ??_C@_1BK@HHKNEJDC@?$AAt?$AAl?$AAn?$AAt?$AAs?$AAe?$AAs?$AAs?$AA?4?$AAe?$AAx?$AAe?$AA?$AA@ 100174d0     WObjects.obj
 0002:000014ec       __pDefaultRawDllMain       100174ec     libcmt:dllcrt0.obj
 0002:000014f0       ??_C@_0P@MIGLKIOC@CorExitProcess?$AA@ 100174f0     libcmt:crt0dat.obj
 0002:00001500       ??_C@_0M@MBOPBNBK@mscoree?4dll?$AA@ 10017500     libcmt:crt0dat.obj
 0002:0000150c       ??_C@_0O@NLDKAIKN@EncodePointer?$AA@ 1001750c     libcmt:tidtable.obj
 0002:0000151c       ??_C@_1BK@DBDEIDLH@?$AAK?$AAE?$AAR?$AAN?$AAE?$AAL?$AA3?$AA2?$AA?4?$AAD?$AAL?$AAL?$AA?$AA@ 1001751c     libcmt:tidtable.obj
 0002:00001538       ??_C@_1BO@DACJGIGO@?$AAK?$AAE?$AAR?$AAN?$AAE?$AAL?$AAB?$AAA?$AAS?$AAE?$AA?4?$AAD?$AAL?$AAL?$AA?$AA@ 10017538     libcmt:tidtable.obj
 0002:00001558       ??_C@_0O@KBPMFGHI@DecodePointer?$AA@ 10017558     libcmt:tidtable.obj
 0002:00001568       ??_C@_07PEJMOBNF@FlsFree?$AA@ 10017568     libcmt:tidtable.obj
 0002:00001570       ??_C@_0M@JCPCPOEF@FlsSetValue?$AA@ 10017570     libcmt:tidtable.obj
 0002:0000157c       ??_C@_0M@GDNOONDI@FlsGetValue?$AA@ 1001757c     libcmt:tidtable.obj
 0002:00001588       ??_C@_08KNHFBNJ@FlsAlloc?$AA@ 10017588     libcmt:tidtable.obj
 0002:00001594       ??_C@_0P@GGKDKEEG@runtime?5error?5?$AA@ 10017594     libcmt:crt0msg.obj
 0002:000015a4       ??_C@_02PCIJFNDE@?$AN?6?$AA@ 100175a4     libcmt:crt0msg.obj
 0002:000015a8       ??_C@_0O@MJNIPGOH@TLOSS?5error?$AN?6?$AA@ 100175a8     libcmt:crt0msg.obj
 0002:000015b8       ??_C@_0N@BONNPDHF@SING?5error?$AN?6?$AA@ 100175b8     libcmt:crt0msg.obj
 0002:000015c8       ??_C@_0P@MBDAJNE@DOMAIN?5error?$AN?6?$AA@ 100175c8     libcmt:crt0msg.obj
 0002:000015d8       ??_C@_0JL@DFDOOABL@R6034?$AN?6An?5application?5has?5made?5a@ 100175d8     libcmt:crt0msg.obj
 0002:00001678       ??_C@_0PH@EPAFIJ@R6033?$AN?6?9?5Attempt?5to?5use?5MSIL?5cod@ 10017678     libcmt:crt0msg.obj
 0002:00001770       ??_C@_0DD@BKEEABMM@R6032?$AN?6?9?5not?5enough?5space?5for?5lo@ 10017770     libcmt:crt0msg.obj
 0002:000017a8       ??_C@_0GD@OFKILIED@R6031?$AN?6?9?5Attempt?5to?5initialize?5t@ 100177a8     libcmt:crt0msg.obj
 0002:0000180c       ??_C@_0BP@LPMHJOKI@R6030?$AN?6?9?5CRT?5not?5initialized?$AN?6?$AA@ 1001780c     libcmt:crt0msg.obj
 0002:0000182c       ??_C@_0CF@KJDAIALP@R6028?$AN?6?9?5unable?5to?5initialize?5he@ 1001782c     libcmt:crt0msg.obj
 0002:00001854       ??_C@_0DF@GAKBPDFP@R6027?$AN?6?9?5not?5enough?5space?5for?5lo@ 10017854     libcmt:crt0msg.obj
 0002:0000188c       ??_C@_0DF@IBLNNAIG@R6026?$AN?6?9?5not?5enough?5space?5for?5st@ 1001788c     libcmt:crt0msg.obj
 0002:000018c4       ??_C@_0CG@IOHKGFNJ@R6025?$AN?6?9?5pure?5virtual?5function?5c@ 100178c4     libcmt:crt0msg.obj
 0002:000018ec       ??_C@_0DF@JIJJFJDC@R6024?$AN?6?9?5not?5enough?5space?5for?5_o@ 100178ec     libcmt:crt0msg.obj
 0002:00001924       ??_C@_0CJ@EGEJHFME@R6019?$AN?6?9?5unable?5to?5open?5console?5@ 10017924     libcmt:crt0msg.obj
 0002:00001950       ??_C@_0CB@GNHNIELH@R6018?$AN?6?9?5unexpected?5heap?5error?$AN?6@ 10017950     libcmt:crt0msg.obj
 0002:00001974       ??_C@_0CN@FOLDKNG@R6017?$AN?6?9?5unexpected?5multithread?5@ 10017974     libcmt:crt0msg.obj
 0002:000019a4       ??_C@_0CM@FAHFJNHO@R6016?$AN?6?9?5not?5enough?5space?5for?5th@ 100179a4     libcmt:crt0msg.obj
 0002:000019d0       ??_C@_0JG@LBKMGKLD@?$AN?6This?5application?5has?5requested@ 100179d0     libcmt:crt0msg.obj
 0002:00001a68       ??_C@_0CM@FLCNIPKK@R6009?$AN?6?9?5not?5enough?5space?5for?5en@ 10017a68     libcmt:crt0msg.obj
 0002:00001a94       ??_C@_0CK@KMMJOAPP@R6008?$AN?6?9?5not?5enough?5space?5for?5ar@ 10017a94     libcmt:crt0msg.obj
 0002:00001ac0       ??_C@_0CN@LEKKICBM@R6002?$AN?6?9?5floating?5point?5support?5@ 10017ac0     libcmt:crt0msg.obj
 0002:00001af0       ??_C@_0CF@GOGNBNAK@Microsoft?5Visual?5C?$CL?$CL?5Runtime?5Lib@ 10017af0     libcmt:crt0msg.obj
 0002:00001b18       ??_C@_02PHMGELLB@?6?6?$AA@ 10017b18     libcmt:crt0msg.obj
 0002:00001b1c       ??_C@_0BH@DNAGHKFM@?$DMprogram?5name?5unknown?$DO?$AA@ 10017b1c     libcmt:crt0msg.obj
 0002:00001b34       ??_C@_0BK@OFGJDLJJ@Runtime?5Error?$CB?6?6Program?3?5?$AA@ 10017b34     libcmt:crt0msg.obj
 0002:00001b50       ??_C@_0DB@OPDBMGNG@Invalid?5parameter?5passed?5to?5C?5ru@ 10017b50     libcmt:invarg.obj
 0002:00001b84       ??_C@_0CG@PKBDLMEO@InitializeCriticalSectionAndSpin@ 10017b84     libcmt:initcrit.obj
 0002:00001bac       ??_C@_1BO@MFOKJHPK@?$AAk?$AAe?$AAr?$AAn?$AAe?$AAl?$AAb?$AAa?$AAs?$AAe?$AA?4?$AAd?$AAl?$AAl?$AA?$AA@ 10017bac     libcmt:initcrit.obj
 0002:00001c58       ??_C@_0BI@DFKBFLJE@GetProcessWindowStation?$AA@ 10017c58     libcmt:crtmbox.obj
 0002:00001c70       ??_C@_0BK@CIDNPOGP@GetUserObjectInformationA?$AA@ 10017c70     libcmt:crtmbox.obj
 0002:00001c8c       ??_C@_0BD@HHGDFDBJ@GetLastActivePopup?$AA@ 10017c8c     libcmt:crtmbox.obj
 0002:00001ca0       ??_C@_0BA@HNOPNCHB@GetActiveWindow?$AA@ 10017ca0     libcmt:crtmbox.obj
 0002:00001cb0       ??_C@_0M@CHKKJDAI@MessageBoxA?$AA@ 10017cb0     libcmt:crtmbox.obj
 0002:00001cbc       ??_C@_0L@NDEGIDAG@USER32?4DLL?$AA@ 10017cbc     libcmt:crtmbox.obj
 0002:00001cc8       ___newctype                10017cc8     libcmt:ctype.obj
 0002:00001fc8       __wctype                   10017fc8     libcmt:ctype.obj
 0002:000021d0       ___newclmap                100181d0     libcmt:ctype.obj
 0002:00002350       ___newcumap                10018350     libcmt:ctype.obj
 0002:000024d0       ??_C@_1BC@GDGBMEMK@?$AAH?$AAH?$AA?3?$AAm?$AAm?$AA?3?$AAs?$AAs?$AA?$AA@ 100184d0     libcmt:_strftime.obj
 0002:000024e4       ??_C@_1CI@KNAKOEBC@?$AAd?$AAd?$AAd?$AAd?$AA?0?$AA?5?$AAM?$AAM?$AAM?$AAM?$AA?5?$AAd?$AAd?$AA?0?$AA?5?$AAy?$AAy?$AAy?$AAy?$AA?$AA@ 100184e4     libcmt:_strftime.obj
[...]
 0002:00002794       ??_C@_03JPJOFNIA@Nov?$AA@  10018794     libcmt:_strftime.obj
 0002:00002798       ??_C@_03BMAOKBAD@Oct?$AA@  10018798     libcmt:_strftime.obj
 0002:0000279c       ??_C@_03GGCAPAJC@Sep?$AA@  1001879c     libcmt:_strftime.obj
 0002:000027a0       ??_C@_03IFJFEIGA@Aug?$AA@  100187a0     libcmt:_strftime.obj
 0002:000027a4       ??_C@_03LBGABGKK@Jul?$AA@  100187a4     libcmt:_strftime.obj
 0002:000027a8       ??_C@_03IDFGHECI@Jun?$AA@  100187a8     libcmt:_strftime.obj
 0002:000027ac       ??_C@_03CNMDKL@May?$AA@    100187ac     libcmt:_strftime.obj
 0002:000027b0       ??_C@_03LEOLGMJP@Apr?$AA@  100187b0     libcmt:_strftime.obj
 0002:000027b4       ??_C@_03ODNJBKGA@Mar?$AA@  100187b4     libcmt:_strftime.obj
 0002:000027b8       ??_C@_03HJBDCHOM@Feb?$AA@  100187b8     libcmt:_strftime.obj
 0002:000027bc       ??_C@_03JIHJHPIE@Jan?$AA@  100187bc     libcmt:_strftime.obj
 0002:000027c0       ??_C@_08INBOOONO@Saturday?$AA@ 100187c0     libcmt:_strftime.obj
 0002:000027cc       ??_C@_06JECMNKMI@Friday?$AA@ 100187cc     libcmt:_strftime.obj
 0002:000027d4       ??_C@_08HACCIKIA@Thursday?$AA@ 100187d4     libcmt:_strftime.obj
 0002:000027e0       ??_C@_09DLIGFAKA@Wednesday?$AA@ 100187e0     libcmt:_strftime.obj
 0002:000027ec       ??_C@_07BAAGCFCM@Tuesday?$AA@ 100187ec     libcmt:_strftime.obj
 0002:000027f4       ??_C@_06JLEDEDGH@Monday?$AA@ 100187f4     libcmt:_strftime.obj
 0002:000027fc       ??_C@_06OOPIFAJ@Sunday?$AA@ 100187fc     libcmt:_strftime.obj
 0002:00002804       ??_C@_03FEFJNEK@Sat?$AA@   10018804     libcmt:_strftime.obj
 0002:00002808       ??_C@_03IDIOELNC@Fri?$AA@  10018808     libcmt:_strftime.obj
 0002:0000280c       ??_C@_03IOFIKPDN@Thu?$AA@  1001880c     libcmt:_strftime.obj
 0002:00002810       ??_C@_03MHOMLAJA@Wed?$AA@  10018810     libcmt:_strftime.obj
 0002:00002814       ??_C@_03NAGEINEP@Tue?$AA@  10018814     libcmt:_strftime.obj
 0002:00002818       ??_C@_03PDAGKDH@Mon?$AA@   10018818     libcmt:_strftime.obj
 0002:0000281c       ??_C@_03KOEHGMDN@Sun?$AA@  1001881c     libcmt:_strftime.obj
 0002:00002820       ??_C@_13NOLLCAOD@?$AA?$AA?$AA?$AA@ 10018820     libcmt:_a_str.obj
 0002:00002824       ___dnames                  10018824     libcmt:timeset.obj
 0002:0000283c       ___mnames                  1001883c     libcmt:timeset.obj
 0002:00002864       ??_C@_0BI@BKLFFAPO@SetThreadStackGuarantee?$AA@ 10018864     libcmt:resetstk.obj
 0002:00002be4       __IMPORT_DESCRIPTOR_VERSION 10018be4     version:VERSION.dll
 0002:00002bf8       __IMPORT_DESCRIPTOR_KERNEL32 10018bf8     kernel32:KERNEL32.dll
 0002:00002c0c       __IMPORT_DESCRIPTOR_USER32 10018c0c     user32:USER32.dll
 0002:00002c20       __IMPORT_DESCRIPTOR_GDI32  10018c20     gdi32:GDI32.dll
 0002:00002c34       __IMPORT_DESCRIPTOR_ADVAPI32 10018c34     advapi32:ADVAPI32.dll
 0002:00002c48       __IMPORT_DESCRIPTOR_SHELL32 10018c48     shell32:SHELL32.dll
 0002:00002c5c       __IMPORT_DESCRIPTOR_ole32  10018c5c     ole32:ole32.dll
 0002:00002c70       __NULL_IMPORT_DESCRIPTOR   10018c70     version:VERSION.dll
 0003:00000000       ?gsInternalCommands@@3PB_WB 1001a000     CmdLine.obj
 0003:00000004       ?gbPreloadByDefault@@3HA   1001a004     ConEmuTh.obj
 0003:00000008       ?gcrCurColors@@3PAKA       1001a008     ConEmuTh.obj
 0003:0000000c       ?Far3Func@@3PAUExportFunc@@A 1001a00c     ConEmuTh.obj
 0003:00000030       ?StdPalette@?1??GetStdPalette@Far3Color@@SIPBKXZ@4PAKA 1001a030     ConEmuTh1900.obj
 0003:00000070       ?guid_ConEmuTh@@3U_GUID@@A 1001a070     ConEmuTh2800.obj
 0003:00000080       ?guid_ConEmuThPluginMenu@@3U_GUID@@A 1001a080     ConEmuTh2800.obj
 0003:00000090       __NLG_Destination          1001a090     libcmt:exsup.obj
 0003:000000a0       __XcptActTab               1001a0a0     libcmt:winxfltr.obj
 0003:00000118       __First_FPE_Indx           1001a118     libcmt:winxfltr.obj
 0003:0000011c       __Num_FPE                  1001a11c     libcmt:winxfltr.obj
 0003:00000120       __XcptActTabSize           1001a120     libcmt:winxfltr.obj
 0003:00000124       __XcptActTabCount          1001a124     libcmt:winxfltr.obj
 0003:00000128       __aexit_rtn                1001a128     libcmt:crt0dat.obj
 0003:0000012c       ___getvalueindex           1001a12c     libcmt:tidtable.obj
 0003:00000130       ___flsindex                1001a130     libcmt:tidtable.obj
 0003:00000134       ___badioinfo               1001a134     libcmt:ioinit.obj
 0003:00000158       __amblksiz                 1001a158     libcmt:heapinit.obj
 0003:0000015c       ___security_cookie         1001a15c     libcmt:gs_cookie.obj
 0003:00000160       ___security_cookie_complement 1001a160     libcmt:gs_cookie.obj
 0003:000004b0       __cfltcvt_tab              1001a4b0     libcmt:cmiscdat.obj
 0003:000004e0       ___clocalestr              1001a4e0     libcmt:nlsdata2.obj
 0003:000004e8       ___initiallocinfo          1001a4e8     libcmt:nlsdata2.obj
 0003:000005c0       ___ptlocinfo               1001a5c0     libcmt:nlsdata2.obj
 0003:000005c4       ___lc_clike                1001a5c4     libcmt:nlsdata2.obj
 0003:000005c8       ___initiallocalestructinfo 1001a5c8     libcmt:nlsdata2.obj
 0003:000005d0       ___initialmbcinfo          1001a5d0     libcmt:mbctype.obj
 0003:000007f0       __mbctype                  1001a7f0     libcmt:mbctype.obj
 0003:000008f8       __mbcasemap                1001a8f8     libcmt:mbctype.obj
 0003:000009f8       ___ptmbcinfo               1001a9f8     libcmt:mbctype.obj
 0003:00000af0       ___abort_behavior          1001aaf0     libcmt:abort.obj
 0003:00000af4       __pctype                   1001aaf4     libcmt:ctype.obj
 0003:00000af8       __pwctype                  1001aaf8     libcmt:ctype.obj
 0003:00000b00       ___lc_time_c               1001ab00     libcmt:_strftime.obj
 0003:00000c64       ___lc_time_curr            1001ac64     libcmt:_strftime.obj
 0003:00000c68       ___lconv_static_decimal    1001ac68     libcmt:lconv.obj
 0003:00000c6c       ___lconv_static_W_decimal  1001ac6c     libcmt:lconv.obj
 0003:00000c70       ___lconv_c                 1001ac70     libcmt:lconv.obj
 0003:00000cc0       ___lconv                   1001acc0     libcmt:lconv.obj
 0003:00000cc4       ___globallocalestatus      1001acc4     libcmt:glstatus.obj
 0003:00000cc8       ___mb_cur_max              1001acc8     libcmt:nlsdata1.obj
 0003:00000ccc       ___decimal_point           1001accc     libcmt:nlsdata1.obj
 0003:00000cd0       ___decimal_point_length    1001acd0     libcmt:nlsdata1.obj
 0003:00000ce0       __timezone                 1001ace0     libcmt:timeset.obj
 0003:00000ce4       __daylight                 1001ace4     libcmt:timeset.obj
 0003:00000ce8       __dstbias                  1001ace8     libcmt:timeset.obj
 0003:00000d70       __tzname                   1001ad70     libcmt:timeset.obj
 0003:00000d90       __lpdays                   1001ad90     libcmt:days.obj
 0003:00000dc4       __days                     1001adc4     libcmt:days.obj
 0003:00000e00       ?gbInCommonShutdown@@3HA   1001ae00     Common.obj
 0003:00000e04       ?OnShutdownConsole@@3P6GXXZA 1001ae04     Common.obj
 0003:00000e08       ?gpLocalSecurity@@3PAU_SECURITY_ATTRIBUTES@@A 1001ae08     ConEmuCheck.obj
 0003:00000e10       ?ghWorkingModule@@3_KA     1001ae10     ConEmuCheck.obj
 0003:00000e58       ?gsHardLink@@3PA_WA        1001ae58     ConEmuTh.obj
 0003:00000ed8       ?gsJunction@@3PA_WA        1001aed8     ConEmuTh.obj
 0003:00000f58       ?gsSymLink@@3PA_WA         1001af58     ConEmuTh.obj
 0003:00000fd8       ?gsTitleThumbs@@3PA_WA     1001afd8     ConEmuTh.obj
 0003:00001058       ?gsTitleTiles@@3PA_WA      1001b058     ConEmuTh.obj
 0003:000010d8       ?gsFolder@@3PA_WA          1001b0d8     ConEmuTh.obj
 0003:00001158       ?gdwModes@@3PAKA           1001b158     ConEmuTh.obj
 0003:00001160       ?gThSet@@3UPanelViewSetMapping@@A 1001b160     ConEmuTh.obj
 0003:00001378       ?ghConEmuRoot@@3PAUHWND__@@A 1001b378     ConEmuTh.obj
 0003:0000137c       ?ghConEmuWnd@@3PAUHWND__@@A 1001b37c     ConEmuTh.obj
 0003:00001380       ?ghPluginModule@@3PAUHINSTANCE__@@A 1001b380     ConEmuTh.obj
 0003:00001384       ?TerminalMode@@3HA         1001b384     ConEmuTh.obj
 0003:00001388       ?gnSelfPID@@3KA            1001b388     ConEmuTh.obj
 0003:0000138c       ?gnMainThreadId@@3KA       1001b38c     ConEmuTh.obj
 0003:00001390       ?gnMainThreadIdInitial@@3KA 1001b390     ConEmuTh.obj
 0003:00001394       ?ghDisplayThread@@3PAXA    1001b394     ConEmuTh.obj
 0003:00001398       ?gnDisplayThreadId@@3KA    1001b398     ConEmuTh.obj
 0003:0000139c       ?gFarVersion@@3UFarVersion@@A 1001b39c     ConEmuTh.obj
 0003:000013a4       ?gfRegisterPanelView@@3P6GHPAUPanelViewInit@@@ZA 1001b3a4     ConEmuTh.obj
 0003:000013a8       ?gfGetFarHWND2@@3P6GPAUHWND__@@H@ZA 1001b3a8     ConEmuTh.obj
 0003:000013ac       ?gpRgnDetect@@3PAVCRgnDetect@@A 1001b3ac     ConEmuTh.obj
 0003:000013b0       ?pviLeft@@3UCeFullPanelInfo@@A 1001b3b0     ConEmuTh.obj
 0003:00001618       ?pviRight@@3UCeFullPanelInfo@@A 1001b618     ConEmuTh.obj
 0003:00001880       ?gpImgCache@@3PAVCImgCache@@A 1001b880     ConEmuTh.obj
 0003:00001884       ?gbFadeColors@@3_NA        1001b884     ConEmuTh.obj
 0003:00001885       ?gbFarPanelsReady@@3_NA    1001b885     ConEmuTh.obj
 0003:00001886       ?gbConsoleChangesSyncho@@3_NA 1001b886     ConEmuTh.obj
 0003:00001887       ?gbSynchoRedrawPanelRequested@@3_NA 1001b887     ConEmuTh.obj
 0003:00001888       ?gFarInfo@@3UCEFAR_INFO_MAPPING@@A 1001b888     ConEmuTh.obj
 0003:00021bbc       ?gnRgnDetectFlags@@3KA     1003bbbc     ConEmuTh.obj
 0003:00021bc0       ?gThPal@@3UCESERVER_PALETTE@@A 1003bbc0     ConEmuTh.obj
 0003:00021c40       ?gFarPanelSettings@@3UCEFarPanelSettings@@A 1003bc40     ConEmuTh.obj
 0003:00021c44       ?gFarInterfaceSettings@@3UCEFarInterfaceSettings@@A 1003bc44     ConEmuTh.obj
 0003:00021c48       ?gnWaitForKeySeqTick@@3KA  1003bc48     ConEmuTh.obj
 0003:00021c4c       ?wScanCodeUp@@3GA          1003bc4c     ConEmuTh.obj
 0003:00021c50       ?wScanCodeDown@@3GA        1003bc50     ConEmuTh.obj
 0003:00021c54       ?gnConsoleChanges@@3KA     1003bc54     ConEmuTh.obj
 0003:00021c58       ?gpLastSynchroArg@@3PAUConEmuThSynchroArg@@A 1003bc58     ConEmuTh.obj
 0003:00021c5c       ?gpDbgDlg@@3PAV?$MFileMapping@Utag_DetectedDialog@@@@A 1003bc5c     ConEmuTh.obj
 0003:00021c60       ?gbInfoW_OK@@3HA           1003bc60     ConEmuTh.obj
 0003:00021c68       ?InfoW1900@@3PAUPluginStartupInfo@@A 1003bc68     ConEmuTh1900.obj
 0003:00021c6c       ?FSFW1900@@3PAUFarStandardFunctions@@A 1003bc6c     ConEmuTh1900.obj
 0003:00021c70       ?LastIndex@?1??Color2FgIndex@Far3Color@@SIXKAAGPBK@Z@4HA 1003bc70     ConEmuTh1900.obj
 0003:00021c74       ?LastColor@?1??Color2FgIndex@Far3Color@@SIXKAAGPBK@Z@4KA 1003bc74     ConEmuTh1900.obj
 0003:00021c78       ?LastIndex@?1??Color2BgIndex@Far3Color@@SIXKHAAGPBK@Z@4HA 1003bc78     ConEmuTh1900.obj
 0003:00021c7c       ?LastColor@?1??Color2BgIndex@Far3Color@@SIXKHAAGPBK@Z@4KA 1003bc7c     ConEmuTh1900.obj
 0003:00021e88       ?InfoW2800@@3PAUPluginStartupInfo@@A 1003be88     ConEmuTh2800.obj
 0003:00021e8c       ?FSFW2800@@3PAUFarStandardFunctions@@A 1003be8c     ConEmuTh2800.obj
 0003:00022098       ?InfoW995@@3PAUPluginStartupInfo@@A 1003c098     ConEmuTh995.obj
 0003:0002209c       ?FSFW995@@3PAUFarStandardFunctions@@A 1003c09c     ConEmuTh995.obj
 0003:000222a8       ?InfoA@@3PAUPluginStartupInfo@@A 1003c2a8     ConEmuThA.obj
 0003:000222ac       ?FSFA@@3PAUFarStandardFunctions@@A 1003c2ac     ConEmuThA.obj
 0003:000223bc       ?ghCreateEvent@@3PAXA      1003c3bc     Display.obj
 0003:000223c0       ?gnCreateViewError@@3HA    1003c3c0     Display.obj
 0003:000223c4       ?gnWin32Error@@3KA         1003c3c4     Display.obj
 0003:000223c8       ?gbCancelAll@@3HA          1003c3c8     Display.obj
 0003:000223cc       ?gnConEmuFadeMsg@@3IA      1003c3cc     Display.obj
 0003:000223d0       ?gnConEmuSettingsMsg@@3IA  1003c3d0     Display.obj
 0003:000223d4       ?gnMapCoordMsg@@3IA        1003c3d4     Display.obj
 0003:000223d8       ?ghUpIcon@@3PAUHICON__@@A  1003c3d8     ImgCache.obj
 0003:000223dc       ?AssertMsgBox@@3P6IHPB_WI0PAUHWND__@@_N@ZA 1003c3dc     MAssert.obj
 0003:000223e0       ?ghHeap@@3PAXA             1003c3e0     Memory.obj
 0003:000223e4       ?gNullDesc@@3PAVMNullDesc@@A 1003c3e4     MSecurity.obj
 0003:000223f4       __aenvptr                  1003c3f4     libcmt:dllcrt0.obj
 0003:000223f8       __wenvptr                  1003c3f8     libcmt:dllcrt0.obj
 0003:000223fc       ___error_mode              1003c3fc     libcmt:dllcrt0.obj
 0003:00022400       ___app_type                1003c400     libcmt:dllcrt0.obj
 0003:00022490       __umaskval                 1003c490     libcmt:crt0dat.obj
 0003:00022494       __osplatform               1003c494     libcmt:crt0dat.obj
 0003:00022498       __osver                    1003c498     libcmt:crt0dat.obj
 0003:0002249c       __winver                   1003c49c     libcmt:crt0dat.obj
 0003:000224a0       __winmajor                 1003c4a0     libcmt:crt0dat.obj
 0003:000224a4       __winminor                 1003c4a4     libcmt:crt0dat.obj
 0003:000224a8       ___argc                    1003c4a8     libcmt:crt0dat.obj
 0003:000224ac       ___argv                    1003c4ac     libcmt:crt0dat.obj
 0003:000224b0       ___wargv                   1003c4b0     libcmt:crt0dat.obj
 0003:000224b4       __environ                  1003c4b4     libcmt:crt0dat.obj
 0003:000224b8       ___initenv                 1003c4b8     libcmt:crt0dat.obj
 0003:000224bc       __wenviron                 1003c4bc     libcmt:crt0dat.obj
 0003:000224c0       ___winitenv                1003c4c0     libcmt:crt0dat.obj
 0003:000224c4       __pgmptr                   1003c4c4     libcmt:crt0dat.obj
 0003:000224c8       __wpgmptr                  1003c4c8     libcmt:crt0dat.obj
 0003:000224cc       __exitflag                 1003c4cc     libcmt:crt0dat.obj
 0003:000224d0       __C_Termination_Done       1003c4d0     libcmt:crt0dat.obj
 0003:000224d4       __C_Exit_Done              1003c4d4     libcmt:crt0dat.obj
 0003:000224d8       _gpFlsAlloc                1003c4d8     libcmt:tidtable.obj
 0003:000224dc       _gpFlsGetValue             1003c4dc     libcmt:tidtable.obj
 0003:000224e0       _gpFlsSetValue             1003c4e0     libcmt:tidtable.obj
 0003:000224e4       _gpFlsFree                 1003c4e4     libcmt:tidtable.obj
 0003:000225f4       __crtheap                  1003c5f4     libcmt:heapinit.obj
 0003:00022a60       ?__pInconsistency@@3P6AXXZA 1003ca60     libcmt:hooks.obj
 0003:00022a80       ?_pnhHeap@@3P6AHI@ZA       1003ca80     libcmt:handler.obj
 0003:00022a84       ___locale_changed          1003ca84     libcmt:setlocal.obj
 0003:00022a88       ___lc_handle               1003ca88     libcmt:nlsdata2.obj
 0003:00022aa0       ___lc_codepage             1003caa0     libcmt:nlsdata2.obj
 0003:00022aa4       ___lc_collate_cp           1003caa4     libcmt:nlsdata2.obj
 0003:00022aac       ___mbulinfo                1003caac     libcmt:mbctype.obj
 0003:00022ab8       ___mbcodepage              1003cab8     libcmt:mbctype.obj
 0003:00022abc       ___ismbcodepage            1003cabc     libcmt:mbctype.obj
 0003:00022ac0       ___mblcid                  1003cac0     libcmt:mbctype.obj
 0003:00022ac4       __maxwait                  1003cac4     libcmt:crtheap.obj
 0003:00022ac8       ___sbh_pHeaderDefer        1003cac8     libcmt:sbheap.obj
 0003:00022acc       __newmode                  1003cacc     libcmt:_newmode.obj
 0003:00022e00       ___lconv_static_null       1003ce00     libcmt:lconv.obj
 0003:00022e04       ___lconv_static_W_null     1003ce04     libcmt:lconv.obj
 0003:00022ec8       ___sbh_cntHeaderList       1003cec8     <common>
 0003:00022ecc       ___sbh_pHeaderList         1003cecc     <common>
 0003:00022ed0       ___sbh_threshold           1003ced0     <common>
 0003:00022ed4       ___sbh_pHeaderScan         1003ced4     <common>
 0003:00022ed8       ___sbh_sizeHeaderList      1003ced8     <common>
 0003:00022edc       ___sbh_indGroupDefer       1003cedc     <common>
 0003:00022ee0       ___active_heap             1003cee0     <common>
 0003:00022ee4       __nhandle                  1003cee4     <common>
 0003:00022f00       ___pioinfo                 1003cf00     <common>
 0003:00023000       ___env_initialized         1003d000     <common>
 0003:00023004       ___onexitend               1003d004     <common>
 0003:00023008       ___onexitbegin             1003d008     <common>
 0003:0002300c       ___mbctype_initialized     1003d00c     <common>
 0003:00023010       __FPinit                   1003d010     <common>
 0003:00023014       ___initenv_end             1003d014     <common>
 0003:00023018       ___dyn_tls_init_callback   1003d018     <common>
 0003:0002301c       __pDestructExceptionObject 1003d01c     <common>
 0003:00023020       ___sse2_available          1003d020     <common>
 0003:00023024       __acmdln                   1003d024     <common>
 0003:00023028       __pRawDllMain              1003d028     <common>

 entry point at        0001:0000e436

 Static symbols

 0001:000000d2       ?StringCopyWorkerW@@YGJPA_WIPAIPB_WI@Z 100010d2 f   ConEmuCheck.obj
 0001:000005cd       ?LoadFarVersion@@YI_NAAUFarVersion@@AAY0CAA@_W@Z 100015cd f   ConEmuTh.obj
 0001:00000812       ?ChangeExports@@YI_NPBUExportFunc@@PAUHINSTANCE__@@@Z 10001812 f   ConEmuTh.obj
 0001:00002fe6       ?GetFarSetting@@YIHPAXIPB_W@Z 10003fe6 f   ConEmuTh1900.obj
 0001:0000302c       ?LoadFarSettingsW1900@@YIXPAUCEFarInterfaceSettings@@PAUCEFarPanelSettings@@@Z 1000402c f   ConEmuTh1900.obj
 0001:00003f54       ?GetFarSetting@@YIHPAXIPB_W@Z 10004f54 f   ConEmuTh2800.obj
 0001:00003f9e       ?LoadFarSettingsW2800@@YIXPAUCEFarInterfaceSettings@@PAUCEFarPanelSettings@@@Z 10004f9e f   ConEmuTh2800.obj
 0001:00004e6b       ?LoadFarSettingsW995@@YIXPAUCEFarInterfaceSettings@@PAUCEFarPanelSettings@@@Z 10005e6b f   ConEmuTh995.obj
 0001:000056b9       ?LoadFarSettingsA@@YIXPAUCEFarInterfaceSettings@@PAUCEFarPanelSettings@@@Z 100066b9 f   ConEmuThA.obj
 0001:0000e1eb       ___DllMainCRTStartup@12    1000f1eb f   libcmt:dllcrt0.obj
 0001:0000e44c       _has_osfxsr_set            1000f44c f   libcmt:cpu_disp.obj
 0001:0000e564       __unwind_handler           1000f564 f   libcmt:exsup.obj
 0001:0000e680       _ValidateScopeTableHandlers 1000f680 f   libcmt:eh3valid.obj
 0001:0000ec98       __initterm                 1000fc98 f   libcmt:crt0dat.obj
 0001:0000edba       _doexit                    1000fdba f   libcmt:crt0dat.obj
 0001:0000faac       _parse_cmdline             10010aac f   libcmt:stdargv.obj
 0001:00010872       _siglookup                 10011872 f   libcmt:winsig.obj
 0001:00010a84       ___crtInitCritSecNoSpinCount@8 10011a84 f   libcmt:initcrit.obj
 0001:00010e29       __updatetlocinfoEx_nolock  10011e29 f   libcmt:setlocal.obj
 0001:00010ee2       ?CPtoLCID@@YAHH@Z          10011ee2 f   libcmt:mbctype.obj
 0001:00010f11       ?setSBCS@@YAXPAUthreadmbcinfostruct@@@Z 10011f11 f   libcmt:mbctype.obj
 0001:00010f75       ?setSBUpLow@@YAXPAUthreadmbcinfostruct@@@Z 10011f75 f   libcmt:mbctype.obj
 0001:00011254       ?getSystemCP@@YAHH@Z       10012254 f   libcmt:mbctype.obj
 0001:00011f24       ?x_ismbbtype_l@@YAHPAUlocaleinfo_struct@@IHH@Z 10012f24 f   libcmt:ismbbyte.obj
 0001:00012588       __unwind_handler4          10013588 f   libcmt:exsup4.obj
 0001:00012f26       ?__crtGetStringTypeA_stat@@YAHPAUlocaleinfo_struct@@KPBDHPAGHHH@Z 10013f26 f   libcmt:_a_str.obj
 0001:00013122       ?__crtLCMapStringA_stat@@YAHPAUlocaleinfo_struct@@KKPBDHPADHHH@Z 10014122 f   libcmt:_a_map.obj
 0001:0001361c       _fastcopy_I                1001461c f   libcmt:p4_memcpy.obj
 0001:00013c5b       ?strtoxlX@@YAKPAUlocaleinfo_struct@@PBDPAPBDHHH@Z 10014c5b f   libcmt:_strtol.obj
