 ConEmu.x64

 Timestamp is 54f417de (Mon Mar 02 10:57:18 2015)

 Preferred load address is 0000000180000000

 Start         Length     Name                   Class
 0001:00000000 00045944H .text                   CODE
 0001:00045950 0000005eH .text$00                CODE
 0001:000459ae 00000578H .text$x                 CODE
 0002:00000000 00000780H .idata$5                DATA
 0002:00000780 00000008H .CRT$XCA                DATA
 0002:00000788 00000008H .CRT$XCZ                DATA
 0002:00000790 00000008H .CRT$XIA                DATA
 0002:00000798 00000008H .CRT$XIC                DATA
 0002:000007a0 00000008H .CRT$XIZ                DATA
 0002:000007a8 00000008H .CRT$XPA                DATA
 0002:000007b0 00000008H .CRT$XPZ                DATA
 0002:000007b8 00000008H .CRT$XTA                DATA
 0002:000007c0 00000008H .CRT$XTZ                DATA
 0002:000007d0 0000651bH .rdata                  DATA
 0002:00006cec 00000073H .rdata$debug            DATA
 0002:00006d60 00002768H .xdata                  DATA
 0002:000094c8 00000064H .idata$2                DATA
 0002:0000952c 00000014H .idata$3                DATA
 0002:00009540 00000780H .idata$4                DATA
 0002:00009cc0 0000114cH .idata$6                DATA
 0002:0000ae10 000002e1H .edata                  DATA
 0003:00000000 000014acH .data                   DATA
 0003:000014c0 000031f0H .bss                    DATA
 0004:00000000 00002b08H .pdata                  DATA
 0005:00000000 00000058H .rsrc$01                DATA
 0005:00000060 000002d8H .rsrc$02                DATA

  Address         Publics by Value              Rva+Base               Lib:Object

 0000:00000000       ___safe_se_handler_table   0000000000000000     <absolute>
 0000:00000000       ___safe_se_handler_count   0000000000000000     <absolute>
 0000:00000000       __ImageBase                0000000180000000     <linker-defined>
 0001:00000000       ??0CmdArg@@QEAA@XZ         0000000180001000 f   CmdArg.obj
 0001:00000050       ??0CmdArg@@QEAA@PEA_W@Z    0000000180001050 f   CmdArg.obj
 0001:000000b0       ??4CmdArg@@QEAAAEAU0@PEA_W@Z 00000001800010b0 f   CmdArg.obj
 0001:000000e0       ??1CmdArg@@QEAA@XZ         00000001800010e0 f   CmdArg.obj
 0001:00000160       ?GetBuffer@CmdArg@@QEAAPEA_W_J@Z 0000000180001160 f   CmdArg.obj
 0001:00000260       ?Detach@CmdArg@@QEAAPEA_WXZ 0000000180001260 f   CmdArg.obj
 0001:000002a0       ?Attach@CmdArg@@QEAAPEB_WPEA_W@Z 00000001800012a0 f   CmdArg.obj
 0001:000002d0       ?AttachInt@CmdArg@@AEAAPEB_WAEAPEA_W@Z 00000001800012d0 f   CmdArg.obj
 0001:00000360       ?Empty@CmdArg@@QEAAXXZ     0000000180001360 f   CmdArg.obj
 0001:000003c0       ?IsEmpty@CmdArg@@QEAA_NXZ  00000001800013c0 f   CmdArg.obj
 0001:00000400       ?Set@CmdArg@@QEAAPEB_WPEB_W_J@Z 0000000180001400 f   CmdArg.obj
 0001:000004d0       ?StringCchCopyNW@@YAJPEA_W_KPEB_W1@Z 00000001800014d0 f i CmdArg.obj
 0001:00000690       ?SavePathVar@CmdArg@@QEAAXPEB_W@Z 0000000180001690 f   CmdArg.obj
 0001:000006f0       ?SaveEnvVar@CmdArg@@QEAAXPEB_W0@Z 00000001800016f0 f   CmdArg.obj
 0001:000007a0       ?SetAt@CmdArg@@QEAAX_J_W@Z 00000001800017a0 f   CmdArg.obj
 0001:000007f0       ?GetPosFrom@CmdArg@@QEAAXAEBU1@@Z 00000001800017f0 f   CmdArg.obj
 0001:00000830       ?IsNeedDequote@@YA_NPEB_W_NPEAPEB_W@Z 0000000180001830 f   CmdLine.obj
 0001:00000ae0       ??BCmdArg@@QEBAPEB_WXZ     0000000180001ae0 f i CmdLine.obj
 0001:00000af0       ?NextArg@@YAHPEAPEB_WAEAUCmdArg@@0@Z 0000000180001af0 f   CmdLine.obj
 0001:00001050       ?AddEndSlash@@YAHPEA_WH@Z  0000000180002050 f   CmdLine.obj
 0001:000010e0       ?SkipNonPrintable@@YAPEB_WPEB_W@Z 00000001800020e0 f   CmdLine.obj
 0001:00001150       ?CompareFileMask@@YA_NPEB_W0@Z 0000000180002150 f   CmdLine.obj
 0001:00001370       ?wcschr@@YAPEA_WPEA_W_W@Z  0000000180002370 f i CmdLine.obj
 0001:000013a0       ?GetDrive@@YAPEB_WPEB_WPEA_WH@Z 00000001800023a0 f   CmdLine.obj
 0001:00001650       ?GetDirectory@@YAHAEAUCmdArg@@@Z 0000000180002650 f   CmdLine.obj
 0001:000016f0       ?IsNeedCmd@@YA_NHPEB_WAEAUCmdArg@@PEAPEB_WPEAH333@Z 00000001800026f0 f   CmdLine.obj
 0001:00002160       ?Disable@MWow64Disable@@QEAAXXZ 0000000180003160 f i CmdLine.obj
 0001:000021a0       ??0MWow64Disable@@QEAA@XZ  00000001800031a0 f i CmdLine.obj
 0001:00002240       ??1MWow64Disable@@QEAA@XZ  0000000180003240 f i CmdLine.obj
 0001:00002260       ?Restore@MWow64Disable@@QEAAXXZ 0000000180003260 f i CmdLine.obj
 0001:000022b0       ?IsExecutable@@YA_NPEB_WPEAPEA_W@Z 00000001800032b0 f   CmdLine.obj
 0001:000023d0       ?CheckProcessName@@YA_NPEB_WPEAPEB_W1@Z 00000001800033d0 f   CmdLine.obj
 0001:000024d0       ?IsConsoleService@@YA_NPEB_W@Z 00000001800034d0 f   CmdLine.obj
 0001:00002540       ?IsConsoleServer@@YA_NPEB_W@Z 0000000180003540 f   CmdLine.obj
 0001:000025b0       ?IsFarExe@@YA_NPEB_W@Z     00000001800035b0 f   CmdLine.obj
 0001:00002620       ?IsCmdProcessor@@YA_NPEB_W@Z 0000000180003620 f   CmdLine.obj
 0001:00002690       ?IsQuotationNeeded@@YA_NPEB_W@Z 0000000180003690 f   CmdLine.obj
 0001:000026e0       ?MergeCmdLine@@YAPEA_WPEB_W0@Z 00000001800036e0 f   CmdLine.obj
 0001:000027c0       ?JoinPath@@YAPEA_WPEB_W00@Z 00000001800037c0 f   CmdLine.obj
 0001:000029f0       ?IsFilePath@@YA_NPEB_W_N@Z 00000001800039f0 f   CmdLine.obj
 0001:00002bf0       ?PointToName@@YAPEB_WPEB_W@Z 0000000180003bf0 f   CmdLine.obj
 0001:00002ca0       ?PointToName@@YAPEBDPEBD@Z 0000000180003ca0 f   CmdLine.obj
 0001:00002d50       ?PointToExt@@YAPEB_WPEB_W@Z 0000000180003d50 f   CmdLine.obj
 0001:00002da0       ?Unquote@@YAPEB_WPEA_W_N@Z 0000000180003da0 f   CmdLine.obj
 0001:00002e50       ?wcsrchr@@YAPEA_WPEA_W_W@Z 0000000180003e50 f i CmdLine.obj
 0001:00002e80       ?IsNewConsoleArg@@YA_NPEB_W0@Z 0000000180003e80 f   CmdLine.obj
 0001:00002fa0       ?PackInputRecord@@YAHPEBU_INPUT_RECORD@@PEAUMsgStr@MSG64@@@Z 0000000180003fa0 f   Common.obj
 0001:00003250       ?UnpackInputRecord@@YAHPEBUMsgStr@MSG64@@PEAU_INPUT_RECORD@@@Z 0000000180004250 f   Common.obj
 0001:00003540       ?TranslateKeyPress@@YAXGK_WHPEAU_INPUT_RECORD@@1@Z 0000000180004540 f   Common.obj
 0001:000036d0       ?GetCommand@CESERVER_REQ_NEWCMD@@QEAAPEA_WXZ 00000001800046d0 f   Common.obj
 0001:00003720       ?GetEnvStrings@CESERVER_REQ_NEWCMD@@QEAAPEA_WXZ 0000000180004720 f   Common.obj
 0001:00003770       ?SetCommand@CESERVER_REQ_NEWCMD@@QEAAXPEB_W@Z 0000000180004770 f   Common.obj
 0001:00003810       ?SetEnvStrings@CESERVER_REQ_NEWCMD@@QEAAXPEB_WK@Z 0000000180004810 f   Common.obj
 0001:000039d0       ?CommonShutdown@@YAXXZ     00000001800049d0 f   Common.obj
 0001:00003a00       ?ModuleName@@YAPEB_WPEB_W@Z 0000000180004a00 f   ConEmuCheck.obj
 0001:00003af0       ?ExecuteOpenPipe@@YAPEAXPEB_WAEAY0CAI@_W0KKHPEAX@Z 0000000180004af0 f   ConEmuCheck.obj
 0001:00003df0       ?ExecutePrepareCmd@@YAXPEAUCESERVER_REQ@@K_K@Z 0000000180004df0 f   ConEmuCheck.obj
 0001:00003e50       ?ExecutePrepareCmd@@YAXPEAUCESERVER_REQ_HDR@@K_K@Z 0000000180004e50 f   ConEmuCheck.obj
 0001:00003f20       ?ExecuteNewCmd@@YAPEAUCESERVER_REQ@@K_K@Z 0000000180004f20 f   ConEmuCheck.obj
 0001:00003f90       ?ExecuteNewCmd@@YA_NAEAPEAUCESERVER_REQ@@AEAKK_K@Z 0000000180004f90 f   ConEmuCheck.obj
 0001:00004060       ?LoadSrvMapping@@YAHPEAUHWND__@@AEAUCESERVER_CONSOLE_MAPPING_HDR@@@Z 0000000180005060 f   ConEmuCheck.obj
 0001:000041c0       ?LoadGuiMapping@@YAHKAEAUConEmuGuiMapping@@@Z 00000001800051c0 f   ConEmuCheck.obj
 0001:00004320       ?ExecuteNewCmdOnCreate@@YAPEAUCESERVER_REQ@@PEAUCESERVER_CONSOLE_MAPPING_HDR@@PEAUHWND__@@W4CmdOnCreateType@@PEB_W33PEAK444HHPEAX55@Z 0000000180005320 f   ConEmuCheck.obj
 0001:00004810       ?StringCchCopyW@@YAJPEA_W_KPEB_W@Z 0000000180005810 f i ConEmuCheck.obj
 0001:000049a0       ?ExecuteGuiCmd@@YAPEAUCESERVER_REQ@@PEAUHWND__@@PEAU1@0H@Z 00000001800059a0 f   ConEmuCheck.obj
 0001:00004a50       ?ExecuteSrvCmd@@YAPEAUCESERVER_REQ@@KPEAU1@PEAUHWND__@@HK@Z 0000000180005a50 f   ConEmuCheck.obj
 0001:00004b10       ?ExecuteHkCmd@@YAPEAUCESERVER_REQ@@KPEAU1@PEAUHWND__@@H@Z 0000000180005b10 f   ConEmuCheck.obj
 0001:00004bd0       ?ExecuteCmd@@YAPEAUCESERVER_REQ@@PEB_WPEAU1@KPEAUHWND__@@HK@Z 0000000180005bd0 f   ConEmuCheck.obj
 0001:00004fc0       ?ExecuteFreeResult@@YAXAEAPEAUCESERVER_REQ@@@Z 0000000180005fc0 f   ConEmuCheck.obj
 0001:00005000       ?AllocateSendCurrentDirectory@@YA_NAEAPEAUCESERVER_REQ@@AEAKPEB_W2@Z 0000000180006000 f   ConEmuCheck.obj
 0001:00005150       ?SendCurrentDirectory@@YAXPEAUHWND__@@PEB_W1@Z 0000000180006150 f   ConEmuCheck.obj
 0001:000051d0       ?myGetConsoleWindow@@YAPEAUHWND__@@XZ 00000001800061d0 f   ConEmuCheck.obj
 0001:00005270       ?GetConEmuHWND@@YAPEAUHWND__@@H@Z 0000000180006270 f   ConEmuCheck.obj
 0001:00005480       ??BHWND2@@QEBAPEAUHWND__@@XZ 0000000180006480 f i ConEmuCheck.obj
 0001:00005490       ??BHWND2@@QEBAKXZ          0000000180006490 f i ConEmuCheck.obj
 0001:000054a0       ?ConEmuCheck@@YAHPEAPEAUHWND__@@@Z 00000001800064a0 f   ConEmuCheck.obj
 0001:000054f0       ?GuiMessageBox@@YAHPEAUHWND__@@PEB_W1H@Z 00000001800064f0 f   ConEmuCheck.obj
 0001:00005710       ?InitName@?$MFileMapping@UCESERVER_CONSOLE_MAPPING_HDR@@@@QEAAPEB_WPEB_WKK@Z 0000000180006710 f i ConEmuCheck.obj
 0001:00005770       ?CloseMap@?$MFileMapping@UCESERVER_CONSOLE_MAPPING_HDR@@@@QEAAXXZ 0000000180006770 f i ConEmuCheck.obj
 0001:00005800       ?Open@?$MFileMapping@UCESERVER_CONSOLE_MAPPING_HDR@@@@QEAAPEAUCESERVER_CONSOLE_MAPPING_HDR@@HH@Z 0000000180006800 f i ConEmuCheck.obj
 0001:00005830       ??0?$MFileMapping@UCESERVER_CONSOLE_MAPPING_HDR@@@@QEAA@XZ 0000000180006830 f i ConEmuCheck.obj
 0001:000058a0       ??1?$MFileMapping@UCESERVER_CONSOLE_MAPPING_HDR@@@@QEAA@XZ 00000001800068a0 f i ConEmuCheck.obj
 0001:000058d0       ?InitName@?$MFileMapping@UConEmuGuiMapping@@@@QEAAPEB_WPEB_WKK@Z 00000001800068d0 f i ConEmuCheck.obj
 0001:00005930       ?CloseMap@?$MFileMapping@UConEmuGuiMapping@@@@QEAAXXZ 0000000180006930 f i ConEmuCheck.obj
 0001:000059c0       ?Open@?$MFileMapping@UConEmuGuiMapping@@@@QEAAPEAUConEmuGuiMapping@@HH@Z 00000001800069c0 f i ConEmuCheck.obj
 0001:000059f0       ??0?$MFileMapping@UConEmuGuiMapping@@@@QEAA@XZ 00000001800069f0 f i ConEmuCheck.obj
 0001:00005a60       ??1?$MFileMapping@UConEmuGuiMapping@@@@QEAA@XZ 0000000180006a60 f i ConEmuCheck.obj
 0001:00005a90       ?ClosePtr@?$MFileMapping@UCESERVER_CONSOLE_MAPPING_HDR@@@@QEAAXXZ 0000000180006a90 f i ConEmuCheck.obj
 0001:00005ad0       ?InternalOpenCreate@?$MFileMapping@UCESERVER_CONSOLE_MAPPING_HDR@@@@IEAAPEAUCESERVER_CONSOLE_MAPPING_HDR@@HHH@Z 0000000180006ad0 f i ConEmuCheck.obj
 0001:00005d80       ?ClosePtr@?$MFileMapping@UConEmuGuiMapping@@@@QEAAXXZ 0000000180006d80 f i ConEmuCheck.obj
 0001:00005dc0       ?InternalOpenCreate@?$MFileMapping@UConEmuGuiMapping@@@@IEAAPEAUConEmuGuiMapping@@HHH@Z 0000000180006dc0 f i ConEmuCheck.obj
 0001:00006070       ??$wcscpy_c@$0CA@@@YAHAEAY0CA@_WPEB_W@Z 0000000180007070 f i ConEmuCheck.obj
 0001:000060a0       ??$wcscpy_c@$0CAI@@@YAHAEAY0CAI@_WPEB_W@Z 00000001800070a0 f i ConEmuCheck.obj
 0001:000060d0       ?LoadGuiMapping@@YAHPEAUHWND__@@AEAUConEmuGuiMapping@@@Z 00000001800070d0 f   ConEmuCheckEx.obj
 0001:00006120       ?IsConEmuExeExist@@YAHPEB_WAEAY0BAF@_W@Z 0000000180007120 f   ConEmuCheckEx.obj
 0001:00006200       ?FindConEmuBaseDir@@YAHAEAY0BAF@_W0PEAUHINSTANCE__@@@Z 0000000180007200 f   ConEmuCheckEx.obj
 0001:00006870       ??$wcscpy_c@$0BAF@@@YAHAEAY0BAF@_WPEB_W@Z 0000000180007870 f i ConEmuCheckEx.obj
 0001:000069d0       ??$wcscpy_add@$0BAF@@@YAHPEA_WAEAY0BAF@_WPEB_W@Z 00000001800079d0 f i ConEmuCheckEx.obj
 0001:00006a40       ??$wcscat_c@$0BAF@@@YAHAEAY0BAF@_WPEB_W@Z 0000000180007a40 f i ConEmuCheckEx.obj
 0001:00006a70       ?StringCchCatW@@YAJPEA_W_KPEB_W@Z 0000000180007a70 f i ConEmuCheckEx.obj
 0001:00006c00       ?StartupHooks@@YA_NPEAUHINSTANCE__@@@Z 0000000180007c00 f   ConEmuInjects.obj
 0001:00007100       ?ShutdownHooks@@YAXXZ      0000000180008100 f   ConEmuInjects.obj
 0001:00007390       ??$wcscpy_c@$0EA@@@YAHAEAY0EA@_WPEB_W@Z 0000000180008390 f i ConEmuInjects.obj
 0001:000074f0       DllMain                    00000001800084f0 f   ConEmuPlugin.obj
 0001:00007540       ?GetPluginInfo@@YAXPEAX@Z  0000000180008540 f   ConEmuPlugin.obj
 0001:000075b0       ?GetPluginInfoW@@YAXPEAX@Z 00000001800085b0 f   ConEmuPlugin.obj
 0001:000075e0       ?IsConsoleActive@@YAHXZ    00000001800085e0 f   ConEmuPlugin.obj
 0001:00007660       ?GetFarHWND2@@YAPEAUHWND__@@H@Z 0000000180008660 f   ConEmuPlugin.obj
 0001:000076f0       ?GetFarHWND@@YAPEAUHWND__@@XZ 00000001800086f0 f   ConEmuPlugin.obj
 0001:00007700       ?IsTerminalMode@@YAHXZ     0000000180008700 f   ConEmuPlugin.obj
 0001:00007710       ?GetFarVersion@@YAXPEAUFarVersion@@@Z 0000000180008710 f   ConEmuPlugin.obj
 0001:00007730       ?RegisterPanelView@@YAHPEAUPanelViewInit@@@Z 0000000180008730 f   ConEmuPlugin.obj
 0001:00007a00       ?RegisterBackground@@YAHPEAURegisterBackgroundArg@@@Z 0000000180008a00 f   ConEmuPlugin.obj
 0001:00007aa0       ?SyncExecute@@YAHPEAUHINSTANCE__@@P6AX_J@Z1@Z 0000000180008aa0 f   ConEmuPlugin.obj
 0001:00007b20       ?ActivateConsole@@YAHXZ    0000000180008b20 f   ConEmuPlugin.obj
 0001:00007be0       ??4HWND2@@QEAAAEAU0@PEAUHWND__@@@Z 0000000180008be0 f i ConEmuPlugin.obj
 0001:00007c00       ?SetStartupInfo@@YAXPEAX@Z 0000000180008c00 f   ConEmuPlugin.obj
 0001:00007c80       SetStartupInfoW            0000000180008c80 f   ConEmuPlugin.obj
 0001:00007cc0       ?GetMinFarVersion@@YAHXZ   0000000180008cc0 f   ConEmuPlugin.obj
 0001:00007d30       GetMinFarVersionW          0000000180008d30 f   ConEmuPlugin.obj
 0001:00007d40       ProcessSynchroEventW       0000000180008d40 f   ConEmuPlugin.obj
 0001:00007d70       ?ProcessSynchroEventW3@@YA_JPEAX@Z 0000000180008d70 f   ConEmuPlugin.obj
 0001:00007db0       ?ProcessEditorEvent@@YAHHPEAX@Z 0000000180008db0 f   ConEmuPlugin.obj
 0001:00007de0       ProcessEditorEventW        0000000180008de0 f   ConEmuPlugin.obj
 0001:00007e10       ?ProcessEditorEventW3@@YA_JPEAX@Z 0000000180008e10 f   ConEmuPlugin.obj
 0001:00007e50       ?ProcessViewerEvent@@YAHHPEAX@Z 0000000180008e50 f   ConEmuPlugin.obj
 0001:00007e80       ProcessViewerEventW        0000000180008e80 f   ConEmuPlugin.obj
 0001:00007eb0       ?ProcessViewerEventW3@@YA_JPEAX@Z 0000000180008eb0 f   ConEmuPlugin.obj
 0001:00007ef0       ?ProcessEditorInput@@YAHPEBU_INPUT_RECORD@@@Z 0000000180008ef0 f   ConEmuPlugin.obj
 0001:00007f20       ProcessEditorInputW        0000000180008f20 f   ConEmuPlugin.obj
 0001:00007f50       ?OpenPlugin@@YAPEAXH_J@Z   0000000180008f50 f   ConEmuPlugin.obj
 0001:00007f80       OpenPluginW                0000000180008f80 f   ConEmuPlugin.obj
 0001:00007fe0       ?OpenW@@YAPEAXPEBX@Z       0000000180008fe0 f   ConEmuPlugin.obj
 0001:00008010       ?ExitFAR@@YAXXZ            0000000180009010 f   ConEmuPlugin.obj
 0001:00008080       ExitFARW                   0000000180009080 f   ConEmuPlugin.obj
 0001:000080f0       ?ExitFARW3@@YAXPEAX@Z      00000001800090f0 f   ConEmuPlugin.obj
 0001:00008160       ?SetupExportsFar3@@YAXXZ   0000000180009160 f   ConEmuPlugin.obj
 0001:00008460       ?_calloc@@YAPEAX_K0@Z      0000000180009460 f   ConEmuPlugin.obj
 0001:00008490       ?_malloc@@YAPEAX_K@Z       0000000180009490 f   ConEmuPlugin.obj
 0001:000084b0       ?_free@@YAXPEAX@Z          00000001800094b0 f   ConEmuPlugin.obj
 0001:000084d0       ??0CPluginW1900@@QEAA@XZ   00000001800094d0 f   ConEmuPlugin1900.obj
 0001:000087d0       ??_ECPluginW1900@@UEAAPEAXI@Z 00000001800097d0 f i ConEmuPlugin1900.obj
 0001:000087d0       ??_GCPluginW1900@@UEAAPEAXI@Z 00000001800097d0 f i ConEmuPlugin1900.obj
 0001:00008810       ??1CPluginW1900@@UEAA@XZ   0000000180009810 f i ConEmuPlugin1900.obj
 0001:00008840       ?ProcessEditorEventPtr@CPluginW1900@@UEAAHPEAX@Z 0000000180009840 f   ConEmuPlugin1900.obj
 0001:00008880       ?ProcessViewerEventPtr@CPluginW1900@@UEAAHPEAX@Z 0000000180009880 f   ConEmuPlugin1900.obj
 0001:000088c0       ?ProcessSynchroEventPtr@CPluginW1900@@UEAAHPEAX@Z 00000001800098c0 f   ConEmuPlugin1900.obj
 0001:00008900       ?GetPanelDir@CPluginW1900@@UEAAPEA_WKPEA_WH@Z 0000000180009900 f   ConEmuPlugin1900.obj
 0001:00008b30       ?GetPanelInfo@CPluginW1900@@UEAA_NKPEAUCEPanelInfo@@@Z 0000000180009b30 f   ConEmuPlugin1900.obj
 0001:000090e0       ?GetPanelItemInfo@CPluginW1900@@UEAA_NAEBUCEPanelInfo@@_N_JAEAU_WIN32_FIND_DATAW@@PEAPEA_W@Z 000000018000a0e0 f   ConEmuPlugin1900.obj
 0001:00009410       ?PanelControlApi@CPluginW1900@@UEAA_JPEAXH_J0@Z 000000018000a410 f   ConEmuPlugin1900.obj
 0001:00009480       ?GetPluginInfoPtr@CPluginW1900@@UEAAXPEAX@Z 000000018000a480 f   ConEmuPlugin1900.obj
 0001:00009520       ?SetStartupInfoPtr@CPluginW1900@@UEAAXPEAX@Z 000000018000a520 f   ConEmuPlugin1900.obj
 0001:000096f0       ?GetEditorModifiedState@CPluginW1900@@UEAAKXZ 000000018000a6f0 f   ConEmuPlugin1900.obj
 0001:00009760       ?ProcessEditorInputPtr@CPluginW1900@@UEAAHPEBX@Z 000000018000a760 f   ConEmuPlugin1900.obj
 0001:000097a0       ?GetWindowCount@CPluginW1900@@UEAAHXZ 000000018000a7a0 f   ConEmuPlugin1900.obj
 0001:00009800       ?UpdateConEmuTabsApi@CPluginW1900@@UEAA_NH@Z 000000018000a800 f   ConEmuPlugin1900.obj
 0001:00009ea0       ?ExitFar@CPluginW1900@@UEAAXXZ 000000018000aea0 f   ConEmuPlugin1900.obj
 0001:00009f50       ?ShowMessage@CPluginW1900@@UEAAHPEB_WH_N@Z 000000018000af50 f   ConEmuPlugin1900.obj
 0001:0000a010       ?GetMsg@CPluginW1900@@UEAAPEB_WHPEA_W_K@Z 000000018000b010 f   ConEmuPlugin1900.obj
 0001:0000a0b0       ?SetWindow@CPluginW1900@@UEAAXH@Z 000000018000b0b0 f   ConEmuPlugin1900.obj
 0001:0000a130       ?PostMacroApi@CPluginW1900@@UEAAXPEB_WPEAU_INPUT_RECORD@@_N@Z 000000018000b130 f   ConEmuPlugin1900.obj
 0001:0000ad80       ?wcsstr@@YAPEA_WPEA_WPEB_W@Z 000000018000bd80 f i ConEmuPlugin1900.obj
 0001:0000adb0       ?ShowPluginMenu@CPluginW1900@@UEAAHPEAUConEmuPluginMenuItem@@HH@Z 000000018000bdb0 f   ConEmuPlugin1900.obj
 0001:0000b090       ?OpenEditor@CPluginW1900@@UEAA_NPEB_W_N11HH@Z 000000018000c090 f   ConEmuPlugin1900.obj
 0001:0000b2c0       ?ExecuteSynchroApi@CPluginW1900@@UEAA_NXZ 000000018000c2c0 f   ConEmuPlugin1900.obj
 0001:0000b310       ?WaitEndSynchro@CPluginW1900@@UEAAXXZ 000000018000c310 f   ConEmuPlugin1900.obj
 0001:0000b320       ?StopWaitEndSynchro@CPluginW1900@@UEAAXXZ 000000018000c320 f   ConEmuPlugin1900.obj
 0001:0000b330       ?IsMacroActive@CPluginW1900@@UEAA_NXZ 000000018000c330 f   ConEmuPlugin1900.obj
 0001:0000b390       ?GetMacroArea@CPluginW1900@@UEAAHXZ 000000018000c390 f   ConEmuPlugin1900.obj
 0001:0000b3d0       ?RedrawAll@CPluginW1900@@UEAAXXZ 000000018000c3d0 f   ConEmuPlugin1900.obj
 0001:0000b420       ?InputBox@CPluginW1900@@UEAA_NPEB_W000AEAPEA_W@Z 000000018000c420 f   ConEmuPlugin1900.obj
 0001:0000b4f0       ?ShowUserScreen@CPluginW1900@@UEAAX_N@Z 000000018000c4f0 f   ConEmuPlugin1900.obj
 0001:0000b560       ?LoadFarColors@CPluginW1900@@UEAAXAEAY0BAA@E@Z 000000018000c560 f   ConEmuPlugin1900.obj
 0001:0000b790       ?FarColor_3_2@@YAEAEBUFarColor@@@Z 000000018000c790 f i ConEmuPlugin1900.obj
 0001:0000b8c0       ?Color2FgIndex@Far3Color@@SAXKAEAGPEBK@Z 000000018000c8c0 f i ConEmuPlugin1900.obj
 0001:0000ba50       ?Max@Far3Color@@SAHHH@Z    000000018000ca50 f i ConEmuPlugin1900.obj
 0001:0000ba80       ?GetStdIndex@Far3Color@@SAHKPEBK@Z 000000018000ca80 f i ConEmuPlugin1900.obj
 0001:0000bb00       ?GetStdPalette@Far3Color@@SAPEBKXZ 000000018000cb00 f i ConEmuPlugin1900.obj
 0001:0000bb10       ?Color2BgIndex@Far3Color@@SAXKHAEAGPEBK@Z 000000018000cb10 f i ConEmuPlugin1900.obj
 0001:0000bcf0       ?LoadFarSettings@CPluginW1900@@UEAAXPEAUCEFarInterfaceSettings@@PEAUCEFarPanelSettings@@@Z 000000018000ccf0 f   ConEmuPlugin1900.obj
 0001:0000bf90       ?GetFarRect@CPluginW1900@@UEAA_NAEAU_SMALL_RECT@@@Z 000000018000cf90 f   ConEmuPlugin1900.obj
 0001:0000c020       ?CheckPanelExist@CPluginW1900@@UEAA_NXZ 000000018000d020 f   ConEmuPlugin1900.obj
 0001:0000c090       ?GetActiveWindowType@CPluginW1900@@UEAAHXZ 000000018000d090 f   ConEmuPlugin1900.obj
 0001:0000c190       ?GetWindowTypeName@CPluginW1900@@UEAAPEB_WH@Z 000000018000d190 f   ConEmuPlugin1900.obj
 0001:0000c250       ?GuiMacroDlg@CPluginW1900@@UEAAXXZ 000000018000d250 f   ConEmuPlugin1900.obj
 0001:0000c9a0       ?Open@CPluginW1900@@UEAAPEAXPEBX@Z 000000018000d9a0 f   ConEmuPlugin1900.obj
 0001:0000cc00       GetGlobalInfoW             000000018000dc00 f   ConEmuPlugin2800.obj
 0001:0000ce20       ??0CPluginW2800@@QEAA@XZ   000000018000de20 f   ConEmuPlugin2800.obj
 0001:0000d120       ??_GCPluginW2800@@UEAAPEAXI@Z 000000018000e120 f i ConEmuPlugin2800.obj
 0001:0000d120       ??_ECPluginW2800@@UEAAPEAXI@Z 000000018000e120 f i ConEmuPlugin2800.obj
 0001:0000d160       ??1CPluginW2800@@UEAA@XZ   000000018000e160 f i ConEmuPlugin2800.obj
 0001:0000d190       ?GetPanelDir@CPluginW2800@@UEAAPEA_WKPEA_WH@Z 000000018000e190 f   ConEmuPlugin2800.obj
 0001:0000d3c0       ?GetPanelInfo@CPluginW2800@@UEAA_NKPEAUCEPanelInfo@@@Z 000000018000e3c0 f   ConEmuPlugin2800.obj
 0001:0000d970       ?GetPanelItemInfo@CPluginW2800@@UEAA_NAEBUCEPanelInfo@@_N_JAEAU_WIN32_FIND_DATAW@@PEAPEA_W@Z 000000018000e970 f   ConEmuPlugin2800.obj
 0001:0000dca0       ?PanelControlApi@CPluginW2800@@UEAA_JPEAXH_J0@Z 000000018000eca0 f   ConEmuPlugin2800.obj
 0001:0000dd10       ?GetPluginInfoPtr@CPluginW2800@@UEAAXPEAX@Z 000000018000ed10 f   ConEmuPlugin2800.obj
 0001:0000ddb0       ?SetStartupInfoPtr@CPluginW2800@@UEAAXPEAX@Z 000000018000edb0 f   ConEmuPlugin2800.obj
 0001:0000df80       ?GetEditorModifiedState@CPluginW2800@@UEAAKXZ 000000018000ef80 f   ConEmuPlugin2800.obj
 0001:0000dff0       ?ProcessEditorEventPtr@CPluginW2800@@UEAAHPEAX@Z 000000018000eff0 f   ConEmuPlugin2800.obj
 0001:0000e030       ?ProcessViewerEventPtr@CPluginW2800@@UEAAHPEAX@Z 000000018000f030 f   ConEmuPlugin2800.obj
 0001:0000e070       ?ProcessSynchroEventPtr@CPluginW2800@@UEAAHPEAX@Z 000000018000f070 f   ConEmuPlugin2800.obj
 0001:0000e0b0       ?ProcessEditorInputPtr@CPluginW2800@@UEAAHPEBX@Z 000000018000f0b0 f   ConEmuPlugin2800.obj
 0001:0000e0f0       ?GetWindowCount@CPluginW2800@@UEAAHXZ 000000018000f0f0 f   ConEmuPlugin2800.obj
 0001:0000e150       ?UpdateConEmuTabsApi@CPluginW2800@@UEAA_NH@Z 000000018000f150 f   ConEmuPlugin2800.obj
 0001:0000eba0       ?ExitFar@CPluginW2800@@UEAAXXZ 000000018000fba0 f   ConEmuPlugin2800.obj
 0001:0000ec50       ?ShowMessage@CPluginW2800@@UEAAHPEB_WH_N@Z 000000018000fc50 f   ConEmuPlugin2800.obj
 0001:0000ed10       ?GetMsg@CPluginW2800@@UEAAPEB_WHPEA_W_K@Z 000000018000fd10 f   ConEmuPlugin2800.obj
 0001:0000edb0       ?SetWindow@CPluginW2800@@UEAAXH@Z 000000018000fdb0 f   ConEmuPlugin2800.obj
 0001:0000ee30       ?PostMacroApi@CPluginW2800@@UEAAXPEB_WPEAU_INPUT_RECORD@@_N@Z 000000018000fe30 f   ConEmuPlugin2800.obj
 0001:0000f450       ?ShowPluginMenu@CPluginW2800@@UEAAHPEAUConEmuPluginMenuItem@@HH@Z 0000000180010450 f   ConEmuPlugin2800.obj
 0001:0000f730       ?OpenEditor@CPluginW2800@@UEAA_NPEB_W_N11HH@Z 0000000180010730 f   ConEmuPlugin2800.obj
 0001:0000f970       ?ExecuteSynchroApi@CPluginW2800@@UEAA_NXZ 0000000180010970 f   ConEmuPlugin2800.obj
 0001:0000f9c0       ?WaitEndSynchro@CPluginW2800@@UEAAXXZ 00000001800109c0 f   ConEmuPlugin2800.obj
 0001:0000f9d0       ?StopWaitEndSynchro@CPluginW2800@@UEAAXXZ 00000001800109d0 f   ConEmuPlugin2800.obj
 0001:0000f9e0       ?IsMacroActive@CPluginW2800@@UEAA_NXZ 00000001800109e0 f   ConEmuPlugin2800.obj
 0001:0000fa40       ?GetMacroArea@CPluginW2800@@UEAAHXZ 0000000180010a40 f   ConEmuPlugin2800.obj
 0001:0000fa80       ?RedrawAll@CPluginW2800@@UEAAXXZ 0000000180010a80 f   ConEmuPlugin2800.obj
 0001:0000fad0       ?InputBox@CPluginW2800@@UEAA_NPEB_W000AEAPEA_W@Z 0000000180010ad0 f   ConEmuPlugin2800.obj
 0001:0000fba0       ?ShowUserScreen@CPluginW2800@@UEAAX_N@Z 0000000180010ba0 f   ConEmuPlugin2800.obj
 0001:0000fc10       ?LoadFarColors@CPluginW2800@@UEAAXAEAY0BAA@E@Z 0000000180010c10 f   ConEmuPlugin2800.obj
 0001:0000fe40       ?LoadFarSettings@CPluginW2800@@UEAAXPEAUCEFarInterfaceSettings@@PEAUCEFarPanelSettings@@@Z 0000000180010e40 f   ConEmuPlugin2800.obj
 0001:000100f0       ?GetFarRect@CPluginW2800@@UEAA_NAEAU_SMALL_RECT@@@Z 00000001800110f0 f   ConEmuPlugin2800.obj
 0001:00010180       ?CheckPanelExist@CPluginW2800@@UEAA_NXZ 0000000180011180 f   ConEmuPlugin2800.obj
 0001:000101f0       ?GetActiveWindowType@CPluginW2800@@UEAAHXZ 00000001800111f0 f   ConEmuPlugin2800.obj
 0001:00010300       ?GetWindowTypeName@CPluginW2800@@UEAAPEB_WH@Z 0000000180011300 f   ConEmuPlugin2800.obj
 0001:000103c0       ?GuiMacroDlg@CPluginW2800@@UEAAXXZ 00000001800113c0 f   ConEmuPlugin2800.obj
 0001:00010b20       ?Open@CPluginW2800@@UEAAPEAXPEBX@Z 0000000180011b20 f   ConEmuPlugin2800.obj
 0001:00010e20       ??0FarMacroValue@@QEAA@XZ  0000000180011e20 f i ConEmuPlugin2800.obj
 0001:00010e70       ??0?$MArray@UWindowInfo@@@@QEAA@XZ 0000000180011e70 f i ConEmuPlugin2800.obj
 0001:00010ed0       ??1?$MArray@UWindowInfo@@@@QEAA@XZ 0000000180011ed0 f i ConEmuPlugin2800.obj
 0001:00010ef0       ??A?$MArray@UWindowInfo@@@@QEBAAEBUWindowInfo@@_J@Z 0000000180011ef0 f i ConEmuPlugin2800.obj
 0001:00010f10       ??A?$MArray@UWindowInfo@@@@QEAAAEAUWindowInfo@@_J@Z 0000000180011f10 f i ConEmuPlugin2800.obj
 0001:00010f30       ?push_back@?$MArray@UWindowInfo@@@@QEAA_JAEBUWindowInfo@@@Z 0000000180011f30 f i ConEmuPlugin2800.obj
 0001:00011000       ?insert@?$MArray@UWindowInfo@@@@QEAAX_JAEBUWindowInfo@@@Z 0000000180012000 f i ConEmuPlugin2800.obj
 0001:00011110       ?erase@?$MArray@UWindowInfo@@@@QEAAX_J@Z 0000000180012110 f i ConEmuPlugin2800.obj
 0001:000111d0       ?size@?$MArray@UWindowInfo@@@@QEBA_JXZ 00000001800121d0 f i ConEmuPlugin2800.obj
 0001:000111e0       ?clear@?$MArray@UWindowInfo@@@@QEAAXXZ 00000001800121e0 f i ConEmuPlugin2800.obj
 0001:00011230       ?addsize@?$MArray@UWindowInfo@@@@QEAAX_J@Z 0000000180012230 f i ConEmuPlugin2800.obj
 0001:00011370       ??0CPluginW995@@QEAA@XZ    0000000180012370 f   ConEmuPlugin995.obj
 0001:00011680       ?Open@CPluginW995@@UEAAPEAXPEBX@Z 0000000180012680 f i ConEmuPlugin995.obj
 0001:000116a0       ?ProcessEditorEventPtr@CPluginW995@@UEAAHPEAX@Z 00000001800126a0 f i ConEmuPlugin995.obj
 0001:000116b0       ?ProcessSynchroEventPtr@CPluginW995@@UEAAHPEAX@Z 00000001800126b0 f i ConEmuPlugin995.obj
 0001:000116c0       ?ProcessViewerEventPtr@CPluginW995@@UEAAHPEAX@Z 00000001800126c0 f i ConEmuPlugin995.obj
 0001:000116d0       ??_ECPluginW995@@UEAAPEAXI@Z 00000001800126d0 f i ConEmuPlugin995.obj
 0001:000116d0       ??_GCPluginW995@@UEAAPEAXI@Z 00000001800126d0 f i ConEmuPlugin995.obj
 0001:00011710       ??1CPluginW995@@UEAA@XZ    0000000180012710 f i ConEmuPlugin995.obj
 0001:00011740       ?GetPanelDir@CPluginW995@@UEAAPEA_WKPEA_WH@Z 0000000180012740 f   ConEmuPlugin995.obj
 0001:00011930       ?GetPanelInfo@CPluginW995@@UEAA_NKPEAUCEPanelInfo@@@Z 0000000180012930 f   ConEmuPlugin995.obj
 0001:00011df0       ?GetPanelItemInfo@CPluginW995@@UEAA_NAEBUCEPanelInfo@@_N_JAEAU_WIN32_FIND_DATAW@@PEAPEA_W@Z 0000000180012df0 f   ConEmuPlugin995.obj
 0001:00012100       ?PanelControlApi@CPluginW995@@UEAA_JPEAXH_J0@Z 0000000180013100 f   ConEmuPlugin995.obj
 0001:00012170       ?GetPluginInfoPtr@CPluginW995@@UEAAXPEAX@Z 0000000180013170 f   ConEmuPlugin995.obj
 0001:00012230       ?SetStartupInfoPtr@CPluginW995@@UEAAXPEAX@Z 0000000180013230 f   ConEmuPlugin995.obj
 0001:00012430       ?GetEditorModifiedState@CPluginW995@@UEAAKXZ 0000000180013430 f   ConEmuPlugin995.obj
 0001:00012490       ?ProcessEditorInputPtr@CPluginW995@@UEAAHPEBX@Z 0000000180013490 f   ConEmuPlugin995.obj
 0001:000124d0       ?GetWindowCount@CPluginW995@@UEAAHXZ 00000001800134d0 f   ConEmuPlugin995.obj
 0001:00012530       ?UpdateConEmuTabsApi@CPluginW995@@UEAA_NH@Z 0000000180013530 f   ConEmuPlugin995.obj
 0001:000128b0       ?ExitFar@CPluginW995@@UEAAXXZ 00000001800138b0 f   ConEmuPlugin995.obj
 0001:00012960       ?ShowMessage@CPluginW995@@UEAAHPEB_WH_N@Z 0000000180013960 f   ConEmuPlugin995.obj
 0001:00012a20       ?GetMsg@CPluginW995@@UEAAPEB_WHPEA_W_K@Z 0000000180013a20 f   ConEmuPlugin995.obj
 0001:00012ac0       ?SetWindow@CPluginW995@@UEAAXH@Z 0000000180013ac0 f   ConEmuPlugin995.obj
 0001:00012b40       ?PostMacroApi@CPluginW995@@UEAAXPEB_WPEAU_INPUT_RECORD@@_N@Z 0000000180013b40 f   ConEmuPlugin995.obj
 0001:00012c40       ?ShowPluginMenu@CPluginW995@@UEAAHPEAUConEmuPluginMenuItem@@HH@Z 0000000180013c40 f   ConEmuPlugin995.obj
 0001:00012ec0       ?OpenEditor@CPluginW995@@UEAA_NPEB_W_N11HH@Z 0000000180013ec0 f   ConEmuPlugin995.obj
 0001:000130d0       ?ExecuteSynchroApi@CPluginW995@@UEAA_NXZ 00000001800140d0 f   ConEmuPlugin995.obj
 0001:00013120       ?WaitEndSynchro@CPluginW995@@UEAAXXZ 0000000180014120 f   ConEmuPlugin995.obj
 0001:00013390       ?StopWaitEndSynchro@CPluginW995@@UEAAXXZ 0000000180014390 f   ConEmuPlugin995.obj
 0001:000133d0       ?IsMacroActive@CPluginW995@@UEAA_NXZ 00000001800143d0 f   ConEmuPlugin995.obj
 0001:00013450       ?GetMacroArea@CPluginW995@@UEAAHXZ 0000000180014450 f   ConEmuPlugin995.obj
 0001:000134a0       ?RedrawAll@CPluginW995@@UEAAXXZ 00000001800144a0 f   ConEmuPlugin995.obj
 0001:000134f0       ?InputBox@CPluginW995@@UEAA_NPEB_W000AEAPEA_W@Z 00000001800144f0 f   ConEmuPlugin995.obj
 0001:000135a0       ?ShowUserScreen@CPluginW995@@UEAAX_N@Z 00000001800145a0 f   ConEmuPlugin995.obj
 0001:00013610       ?LoadFarColors@CPluginW995@@UEAAXAEAY0BAA@E@Z 0000000180014610 f   ConEmuPlugin995.obj
 0001:00013720       ?LoadFarSettings@CPluginW995@@UEAAXPEAUCEFarInterfaceSettings@@PEAUCEFarPanelSettings@@@Z 0000000180014720 f   ConEmuPlugin995.obj
 0001:000137b0       ?GetFarRect@CPluginW995@@UEAA_NAEAU_SMALL_RECT@@@Z 00000001800147b0 f   ConEmuPlugin995.obj
 0001:00013840       ?CheckPanelExist@CPluginW995@@UEAA_NXZ 0000000180014840 f   ConEmuPlugin995.obj
 0001:000138b0       ?GetActiveWindowType@CPluginW995@@UEAAHXZ 00000001800148b0 f   ConEmuPlugin995.obj
 0001:000139d0       ?GetWindowTypeName@CPluginW995@@UEAAPEB_WH@Z 00000001800149d0 f   ConEmuPlugin995.obj
 0001:00013a90       ?GuiMacroDlg@CPluginW995@@UEAAXXZ 0000000180014a90 f   ConEmuPlugin995.obj
 0001:00014170       ??0CPluginAnsi@@QEAA@XZ    0000000180015170 f   ConEmuPluginA.obj
 0001:00014440       ?ExecuteSynchroApi@CPluginAnsi@@UEAA_NXZ 0000000180015440 f i ConEmuPluginA.obj
 0001:00014450       ?GetFarRect@CPluginAnsi@@UEAA_NAEAU_SMALL_RECT@@@Z 0000000180015450 f i ConEmuPluginA.obj
 0001:00014460       ?Open@CPluginAnsi@@UEAAPEAXPEBX@Z 0000000180015460 f i ConEmuPluginA.obj
 0001:00014480       ?ProcessEditorEventPtr@CPluginAnsi@@UEAAHPEAX@Z 0000000180015480 f i ConEmuPluginA.obj
 0001:00014490       ?ProcessEditorInputPtr@CPluginAnsi@@UEAAHPEBX@Z 0000000180015490 f i ConEmuPluginA.obj
 0001:000144a0       ?ProcessSynchroEventPtr@CPluginAnsi@@UEAAHPEAX@Z 00000001800154a0 f i ConEmuPluginA.obj
 0001:000144b0       ?ProcessViewerEventPtr@CPluginAnsi@@UEAAHPEAX@Z 00000001800154b0 f i ConEmuPluginA.obj
 0001:000144c0       ?StopWaitEndSynchro@CPluginAnsi@@UEAAXXZ 00000001800154c0 f i ConEmuPluginA.obj
 0001:000144d0       ?WaitEndSynchro@CPluginAnsi@@UEAAXXZ 00000001800154d0 f i ConEmuPluginA.obj
 0001:000144e0       ??_GCPluginAnsi@@UEAAPEAXI@Z 00000001800154e0 f i ConEmuPluginA.obj
 0001:000144e0       ??_ECPluginAnsi@@UEAAPEAXI@Z 00000001800154e0 f i ConEmuPluginA.obj
 0001:00014520       ??1CPluginAnsi@@UEAA@XZ    0000000180015520 f i ConEmuPluginA.obj
 0001:00014550       ?GetPanelDir@CPluginAnsi@@UEAAPEA_WKPEA_WH@Z 0000000180015550 f   ConEmuPluginA.obj
 0001:000146c0       ?GetPanelInfo@CPluginAnsi@@UEAA_NKPEAUCEPanelInfo@@@Z 00000001800156c0 f   ConEmuPluginA.obj
 0001:00014af0       ?GetPanelItemInfo@CPluginAnsi@@UEAA_NAEBUCEPanelInfo@@_N_JAEAU_WIN32_FIND_DATAW@@PEAPEA_W@Z 0000000180015af0 f   ConEmuPluginA.obj
 0001:00014d20       ?PanelControlApi@CPluginAnsi@@UEAA_JPEAXH_J0@Z 0000000180015d20 f   ConEmuPluginA.obj
 0001:00014d90       ?SetStartupInfoPtr@CPluginAnsi@@UEAAXPEAX@Z 0000000180015d90 f   ConEmuPluginA.obj
 0001:00014f90       ?GetPluginInfoPtr@CPluginAnsi@@UEAAXPEAX@Z 0000000180015f90 f   ConEmuPluginA.obj
 0001:00015080       ?GetEditorModifiedState@CPluginAnsi@@UEAAKXZ 0000000180016080 f   ConEmuPluginA.obj
 0001:000150f0       ?GetWindowCount@CPluginAnsi@@UEAAHXZ 00000001800160f0 f   ConEmuPluginA.obj
 0001:00015150       ?UpdateConEmuTabsApi@CPluginAnsi@@UEAA_NH@Z 0000000180016150 f   ConEmuPluginA.obj
 0001:000154e0       ?ExitFar@CPluginAnsi@@UEAAXXZ 00000001800164e0 f   ConEmuPluginA.obj
 0001:00015540       ?SetWindow@CPluginAnsi@@UEAAXH@Z 0000000180016540 f   ConEmuPluginA.obj
 0001:000155c0       ?PostMacroApi@CPluginAnsi@@UEAAXPEB_WPEAU_INPUT_RECORD@@_N@Z 00000001800165c0 f   ConEmuPluginA.obj
 0001:000156f0       ?ShowPluginMenu@CPluginAnsi@@UEAAHPEAUConEmuPluginMenuItem@@HH@Z 00000001800166f0 f   ConEmuPluginA.obj
 0001:000159f0       ?OpenEditor@CPluginAnsi@@UEAA_NPEB_W_N11HH@Z 00000001800169f0 f   ConEmuPluginA.obj
 0001:00015c20       ?ShowMessage@CPluginAnsi@@UEAAHPEB_WH_N@Z 0000000180016c20 f   ConEmuPluginA.obj
 0001:00015d40       ?GetMsg@CPluginAnsi@@UEAAPEB_WHPEA_W_K@Z 0000000180016d40 f   ConEmuPluginA.obj
 0001:00015e40       ?IsMacroActive@CPluginAnsi@@UEAA_NXZ 0000000180016e40 f   ConEmuPluginA.obj
 0001:00015ec0       ?GetMacroArea@CPluginAnsi@@UEAAHXZ 0000000180016ec0 f   ConEmuPluginA.obj
 0001:00015ed0       ?RedrawAll@CPluginAnsi@@UEAAXXZ 0000000180016ed0 f   ConEmuPluginA.obj
 0001:00015f20       ?InputBox@CPluginAnsi@@UEAA_NPEB_W000AEAPEA_W@Z 0000000180016f20 f   ConEmuPluginA.obj
 0001:000160b0       ?ShowUserScreen@CPluginAnsi@@UEAAX_N@Z 00000001800170b0 f   ConEmuPluginA.obj
 0001:00016120       ?LoadFarColors@CPluginAnsi@@UEAAXAEAY0BAA@E@Z 0000000180017120 f   ConEmuPluginA.obj
 0001:00016230       ?LoadFarSettings@CPluginAnsi@@UEAAXPEAUCEFarInterfaceSettings@@PEAUCEFarPanelSettings@@@Z 0000000180017230 f   ConEmuPluginA.obj
 0001:000162c0       ?CheckPanelExist@CPluginAnsi@@UEAA_NXZ 00000001800172c0 f   ConEmuPluginA.obj
 0001:00016330       ?GetActiveWindowType@CPluginAnsi@@UEAAHXZ 0000000180017330 f   ConEmuPluginA.obj
 0001:000163b0       ?GetWindowTypeName@CPluginAnsi@@UEAAPEB_WH@Z 00000001800173b0 f   ConEmuPluginA.obj
 0001:00016470       ?GuiMacroDlg@CPluginAnsi@@UEAAXXZ 0000000180017470 f   ConEmuPluginA.obj
 0001:00016c70       ?Plugin@@YAPEAVCPluginBase@@XZ 0000000180017c70 f   ConEmuPluginBase.obj
 0001:00016dd0       ??0CPluginBase@@QEAA@XZ    0000000180017dd0 f   ConEmuPluginBase.obj
 0001:00017120       ??_ECPluginBase@@UEAAPEAXI@Z 0000000180018120 f i ConEmuPluginBase.obj
 0001:00017120       ??_GCPluginBase@@UEAAPEAXI@Z 0000000180018120 f i ConEmuPluginBase.obj
 0001:00017160       ??1CPluginBase@@UEAA@XZ    0000000180018160 f   ConEmuPluginBase.obj
 0001:00017180       ?DllMain_ProcessAttach@CPluginBase@@KAXPEAUHINSTANCE__@@@Z 0000000180018180 f   ConEmuPluginBase.obj
 0001:000172a0       ?DllMain_ProcessDetach@CPluginBase@@KAXXZ 00000001800182a0 f   ConEmuPluginBase.obj
 0001:00017480       ??_GMSection@@QEAAPEAXI@Z  0000000180018480 f i ConEmuPluginBase.obj
 0001:000174c0       ??_GCPluginBackground@@QEAAPEAXI@Z 00000001800184c0 f i ConEmuPluginBase.obj
 0001:00017500       ?LoadFarVersion@CPluginBase@@SA_NXZ 0000000180018500 f   ConEmuPluginBase.obj
 0001:00017910       ?ShowMessageGui@CPluginBase@@QEAAHHH@Z 0000000180018910 f   ConEmuPluginBase.obj
 0001:000179e0       ?BackgroundMacroError@CPluginBase@@SAKPEAX@Z 00000001800189e0 f   ConEmuPluginBase.obj
 0001:00017a30       ?PostMacro@CPluginBase@@QEAAXPEB_WPEAU_INPUT_RECORD@@_N@Z 0000000180018a30 f   ConEmuPluginBase.obj
 0001:00017af0       ?isMacroActive@CPluginBase@@QEAA_NAEAH@Z 0000000180018af0 f   ConEmuPluginBase.obj
 0001:00017b80       ?CheckBufferEnabled@CPluginBase@@QEAA_NXZ 0000000180018b80 f   ConEmuPluginBase.obj
 0001:00017c30       ?PanelControl@CPluginBase@@QEAA_JPEAXH_J0@Z 0000000180018c30 f   ConEmuPluginBase.obj
 0001:00017d20       ?GetPanelInfo@CPluginBase@@QEAA_NKPEAUBkPanelInfo@@@Z 0000000180018d20 f   ConEmuPluginBase.obj
 0001:00017e10       ?FillUpdateBackground@CPluginBase@@QEAAXPEAUPaintBackgroundArg@@@Z 0000000180018e10 f   ConEmuPluginBase.obj
 0001:00018040       ?StorePanelDirs@CPluginBase@@QEAA_NPEB_W0@Z 0000000180019040 f   ConEmuPluginBase.obj
 0001:00018270       wmemmove                   0000000180019270 f i ConEmuPluginBase.obj
 0001:000182a0       ?UpdatePanelDirs@CPluginBase@@QEAAXXZ 00000001800192a0 f   ConEmuPluginBase.obj
 0001:000184a0       ?IsFarLua@FarVersion@@QEBA_NXZ 00000001800194a0 f i ConEmuPluginBase.obj
 0001:00018500       ?RunExternalProgram@CPluginBase@@QEAA_NPEA_W@Z 0000000180019500 f   ConEmuPluginBase.obj
 0001:000187a0       ?ProcessCommandLine@CPluginBase@@QEAA_NPEA_W@Z 00000001800197a0 f   ConEmuPluginBase.obj
 0001:00018800       ?ShowPluginMenu@CPluginBase@@QEAAXW4PluginCallCommands@@@Z 0000000180019800 f   ConEmuPluginBase.obj
 0001:00018b40       ?ShowTabsList@CPluginBase@@QEAAXXZ 0000000180019b40 f   ConEmuPluginBase.obj
 0001:00019070       ?ShowPanelsList@CPluginBase@@QEAAXXZ 000000018001a070 f   ConEmuPluginBase.obj
 0001:00019280       ?DataSize@CESERVER_REQ@@QEAAKXZ 000000018001a280 f i ConEmuPluginBase.obj
 0001:000192c0       ?EditViewConsoleOutput@CPluginBase@@QEAAX_N@Z 000000018001a2c0 f   ConEmuPluginBase.obj
 0001:000193d0       ?SwitchTabCommand@CPluginBase@@QEAAXW4PluginMenuCommands@@@Z 000000018001a3d0 f   ConEmuPluginBase.obj
 0001:000194a0       ?ProcessSynchroEvent@CPluginBase@@QEAAHHPEAX@Z 000000018001a4a0 f   ConEmuPluginBase.obj
 0001:00019560       ?ProcessEditorInputInternal@CPluginBase@@QEAAXAEBU_INPUT_RECORD@@@Z 000000018001a560 f   ConEmuPluginBase.obj
 0001:000195c0       ?ProcessEditorViewerEvent@CPluginBase@@QEAAHHH@Z 000000018001a5c0 f   ConEmuPluginBase.obj
 0001:00019710       ?isModalEditorViewer@CPluginBase@@QEAA_NXZ 000000018001a710 f   ConEmuPluginBase.obj
 0001:00019760       ?GetMainThreadId@CPluginBase@@SAKXZ 000000018001a760 f   ConEmuPluginBase.obj
 0001:00019810       ?ShowConsoleInfo@CPluginBase@@QEAAXXZ 000000018001a810 f   ConEmuPluginBase.obj
 0001:00019ab0       ?RunExternalProgramW@CPluginBase@@SA_NPEA_W0_N@Z 000000018001aab0 f   ConEmuPluginBase.obj
 0001:00019dd0       ?StartDebugger@CPluginBase@@QEAA_NXZ 000000018001add0 f   ConEmuPluginBase.obj
 0001:0001a1a0       ?Attach2Gui@CPluginBase@@QEAA_NXZ 000000018001b1a0 f   ConEmuPluginBase.obj
 0001:0001a760       ?FindServerCmd@CPluginBase@@QEAA_NKAEAK_N@Z 000000018001b760 f   ConEmuPluginBase.obj
 0001:0001a880       ?ShowMessage@CPluginBase@@QEAAHHH@Z 000000018001b880 f   ConEmuPluginBase.obj
 0001:0001a910       ?OutDataAlloc@CPluginBase@@SA_NK@Z 000000018001b910 f   ConEmuPluginBase.obj
 0001:0001a990       ?OutDataRealloc@CPluginBase@@SA_NK@Z 000000018001b990 f   ConEmuPluginBase.obj
 0001:0001aa90       ?OutDataWrite@CPluginBase@@SA_NPEAXK@Z 000000018001ba90 f   ConEmuPluginBase.obj
 0001:0001ab80       ?CreateTabs@CPluginBase@@SA_NH@Z 000000018001bb80 f   ConEmuPluginBase.obj
 0001:0001ac80       ?AddTab@CPluginBase@@QEAA_NAEAHH_N1HPEB_W2HHHH@Z 000000018001bc80 f   ConEmuPluginBase.obj
 0001:0001b2c0       wmemcmp                    000000018001c2c0 f i ConEmuPluginBase.obj
 0001:0001b350       ?SendTabs@CPluginBase@@SAXH_N@Z 000000018001c350 f   ConEmuPluginBase.obj
 0001:0001b590       ?CloseTabs@CPluginBase@@SAXXZ 000000018001c590 f   ConEmuPluginBase.obj
 0001:0001b620       ?UpdateConEmuTabs@CPluginBase@@QEAA_N_N@Z 000000018001c620 f   ConEmuPluginBase.obj
 0001:0001ba30       ?CheckResources@CPluginBase@@QEAAX_N@Z 000000018001ca30 f   ConEmuPluginBase.obj
 0001:0001bbc0       ?InitResources@CPluginBase@@QEAAXXZ 000000018001cbc0 f   ConEmuPluginBase.obj
 0001:0001bf50       ?CloseMapHeader@CPluginBase@@SAXXZ 000000018001cf50 f   ConEmuPluginBase.obj
 0001:0001bf80       ?OpenMapHeader@CPluginBase@@SAHXZ 000000018001cf80 f   ConEmuPluginBase.obj
 0001:0001c0d0       ?InitRootRegKey@CPluginBase@@IEAAXXZ 000000018001d0d0 f   ConEmuPluginBase.obj
 0001:0001c230       ?SetRootRegKey@CPluginBase@@IEAAXPEA_W@Z 000000018001d230 f   ConEmuPluginBase.obj
 0001:0001c360       ?LoadPanelTabsFromRegistry@CPluginBase@@IEAAXXZ 000000018001d360 f   ConEmuPluginBase.obj
 0001:0001c4d0       ?InitHWND@CPluginBase@@SAXXZ 000000018001d4d0 f   ConEmuPluginBase.obj
 0001:0001c810       ?CheckConEmuDetached@CPluginBase@@SAXXZ 000000018001d810 f   ConEmuPluginBase.obj
 0001:0001c8c0       ?EmergencyShow@CPluginBase@@KAXXZ 000000018001d8c0 f   ConEmuPluginBase.obj
 0001:0001c930       ?MonitorThreadProcW@CPluginBase@@SAKPEAX@Z 000000018001d930 f   ConEmuPluginBase.obj
 0001:0001ce60       ?OpenPluginCommon@CPluginBase@@QEAAPEAXH_J_N@Z 000000018001de60 f   ConEmuPluginBase.obj
 0001:0001d330       ?ExitFarCommon@CPluginBase@@QEAAX_N@Z 000000018001e330 f   ConEmuPluginBase.obj
 0001:0001d3a0       ?OnMainThreadActivated@CPluginBase@@QEAAXXZ 000000018001e3a0 f   ConEmuPluginBase.obj
 0001:0001d5a0       ?ProcessSetWindowCommand@CPluginBase@@QEAAXXZ 000000018001e5a0 f   ConEmuPluginBase.obj
 0001:0001d710       ?CommonPluginStartup@CPluginBase@@QEAAXXZ 000000018001e710 f   ConEmuPluginBase.obj
 0001:0001d840       ?StopThread@CPluginBase@@QEAAX_N@Z 000000018001e840 f   ConEmuPluginBase.obj
 0001:0001dc60       ??_G?$MFileMapping@UCESERVER_CONSOLE_MAPPING_HDR@@@@QEAAPEAXI@Z 000000018001ec60 f i ConEmuPluginBase.obj
 0001:0001dca0       ?ShutdownPluginStep@CPluginBase@@SAXPEB_WHHHH@Z 000000018001eca0 f   ConEmuPluginBase.obj
 0001:0001dcc0       ?ExecuteSynchro@CPluginBase@@QEAAXXZ 000000018001ecc0 f   ConEmuPluginBase.obj
 0001:0001dda0       ?WaitPluginActivation@CPluginBase@@SAKKPEAPEAXHK@Z 000000018001eda0 f   ConEmuPluginBase.obj
 0001:0001df30       ?ActivatePlugin@CPluginBase@@QEAA_NKPEAXK@Z 000000018001ef30 f   ConEmuPluginBase.obj
 0001:0001e260       ?cmd_OpenEditorLine@CPluginBase@@QEAA_NPEAUCESERVER_REQ_FAREDITOR@@@Z 000000018001f260 f   ConEmuPluginBase.obj
 0001:0001e390       ?cmd_RedrawFarCall@CPluginBase@@QEAA_NAEAPEAUCESERVER_REQ@@PEAPEAU2@@Z 000000018001f390 f   ConEmuPluginBase.obj
 0001:0001e480       ?cmd_SetWindow@CPluginBase@@QEAA_NPEAX_N@Z 000000018001f480 f   ConEmuPluginBase.obj
 0001:0001e560       ?cmd_LeftClickSync@CPluginBase@@QEAAXPEAX@Z 000000018001f560 f   ConEmuPluginBase.obj
 0001:0001e6f0       ?cmd_CloseQSearch@CPluginBase@@QEAAXXZ 000000018001f6f0 f   ConEmuPluginBase.obj
 0001:0001e750       ?cmd_EMenu@CPluginBase@@QEAAXPEAX@Z 000000018001f750 f   ConEmuPluginBase.obj
 0001:0001e860       ?cmd_ExternalCallback@CPluginBase@@QEAA_NPEAX@Z 000000018001f860 f   ConEmuPluginBase.obj
 0001:0001e900       ?cmd_ConSetFont@CPluginBase@@QEAAXPEAX@Z 000000018001f900 f   ConEmuPluginBase.obj
 0001:0001e980       ?cmd_GuiChanged@CPluginBase@@QEAAXPEAX@Z 000000018001f980 f   ConEmuPluginBase.obj
 0001:0001ea90       ?ProcessCommand@CPluginBase@@QEAA_NKHPEAXPEAPEAUCESERVER_REQ@@_N@Z 000000018001fa90 f   ConEmuPluginBase.obj
 0001:0001f1b0       ?FarSetConsoleSize@CPluginBase@@SA_NFF@Z 00000001800201b0 f   ConEmuPluginBase.obj
 0001:0001f310       ?ReloadFarInfoApi@CPluginBase@@IEAA_NXZ 0000000180020310 f   ConEmuPluginBase.obj
 0001:0001f5c0       ?ReloadFarInfo@CPluginBase@@QEAA_N_N@Z 00000001800205c0 f   ConEmuPluginBase.obj
 0001:0001f8d0       ?pcc_Selected@CPluginBase@@SA_NW4PluginMenuCommands@@@Z 00000001800208d0 f   ConEmuPluginBase.obj
 0001:0001f950       ?pcc_Disabled@CPluginBase@@SA_NW4PluginMenuCommands@@@Z 0000000180020950 f   ConEmuPluginBase.obj
 0001:0001fa30       ?TouchReadPeekConsoleInputs@CPluginBase@@SAXH@Z 0000000180020a30 f   ConEmuPluginBase.obj
 0001:0001fa90       ?OnConsolePeekReadInput@CPluginBase@@SAX_N@Z 0000000180020a90 f   ConEmuPluginBase.obj
 0001:0001fd00       ?ActiveServerPID@CESERVER_CONSOLE_MAPPING_HDR@@QEBAKXZ 0000000180020d00 f i ConEmuPluginBase.obj
 0001:0001fd40       ?UngetDummyMouseEvent@CPluginBase@@SA_N_NPEAUHookCallbackArg@@@Z 0000000180020d40 f   ConEmuPluginBase.obj
 0001:0001ffb0       ??4HANDLE2@@QEAAAEAU0@PEAX@Z 0000000180020fb0 f i ConEmuPluginBase.obj
 0001:0001ffd0       ?FillLoadedParm@CPluginBase@@SAXPEAUConEmuLoadedArg@@PEAUHINSTANCE__@@H@Z 0000000180020fd0 f   ConEmuPluginBase.obj
 0001:00020110       ?NotifyConEmuUnloaded@CPluginBase@@SAXXZ 0000000180021110 f   ConEmuPluginBase.obj
 0001:00020260       ?OnPanelViewCallbacks@CPluginBase@@SA_NPEAUHookCallbackArg@@P6AHPEAXPEAU_INPUT_RECORD@@KPEAKPEAH@Z5@Z 0000000180021260 f   ConEmuPluginBase.obj
 0001:000203b0       ?OnShellExecuteExW_Except@CPluginBase@@SAXPEAUHookCallbackArg@@@Z 00000001800213b0 f   ConEmuPluginBase.obj
 0001:00020400       ?OnGetNumberOfConsoleInputEventsPost@CPluginBase@@SAXPEAUHookCallbackArg@@@Z 0000000180021400 f   ConEmuPluginBase.obj
 0001:00020440       ?OnConsolePeekInput@CPluginBase@@SAHPEAUHookCallbackArg@@@Z 0000000180021440 f   ConEmuPluginBase.obj
 0001:000204d0       ?OnConsolePeekInputPost@CPluginBase@@SAXPEAUHookCallbackArg@@@Z 00000001800214d0 f   ConEmuPluginBase.obj
 0001:00020520       ?OnConsoleReadInputWork@CPluginBase@@SAHPEAUHookCallbackArg@@@Z 0000000180021520 f   ConEmuPluginBase.obj
 0001:000205d0       ?OnConsoleReadInput@CPluginBase@@SAHPEAUHookCallbackArg@@@Z 00000001800215d0 f   ConEmuPluginBase.obj
 0001:000205f0       ?OnConsoleReadInputPost@CPluginBase@@SAXPEAUHookCallbackArg@@@Z 00000001800215f0 f   ConEmuPluginBase.obj
 0001:000208a0       ?OnWriteConsoleOutput@CPluginBase@@SAHPEAUHookCallbackArg@@@Z 00000001800218a0 f   ConEmuPluginBase.obj
 0001:000209c0       ?OnConsoleDetaching@CPluginBase@@SAHPEAUHookCallbackArg@@@Z 00000001800219c0 f   ConEmuPluginBase.obj
 0001:00020b20       ?OnConsoleWasAttached@CPluginBase@@SAXPEAUHookCallbackArg@@@Z 0000000180021b20 f   ConEmuPluginBase.obj
 0001:00020ba0       ?OnCurDirChanged@CPluginBase@@SAXXZ 0000000180021ba0 f   ConEmuPluginBase.obj
 0001:00020c30       ?OnLibraryLoaded@CPluginBase@@SAXPEAUHINSTANCE__@@@Z 0000000180021c30 f   ConEmuPluginBase.obj
 0001:00020ce0       ?ToUnicode@CPluginBase@@SAPEA_WPEBD@Z 0000000180021ce0 f   ConEmuPluginBase.obj
 0001:00020d80       ?ToOem@CPluginBase@@SAXPEB_WPEAD_J@Z 0000000180021d80 f   ConEmuPluginBase.obj
 0001:00020e00       ?ToOem@CPluginBase@@SAPEADPEB_W@Z 0000000180021e00 f   ConEmuPluginBase.obj
 0001:00020e70       ?ProcessDragFrom@CPluginBase@@QEAAXXZ 0000000180021e70 f   ConEmuPluginBase.obj
 0001:00021730       ?ProcessDragTo@CPluginBase@@QEAAXXZ 0000000180022730 f   ConEmuPluginBase.obj
 0001:00021bf0       ?IsCurrentTabModal@CPluginBase@@QEAA_NXZ 0000000180022bf0 f   ConEmuPluginBase.obj
 0001:00021cf0       ?PrintText@CPluginBase@@QEAA_NPEB_W@Z 0000000180022cf0 f   ConEmuPluginBase.obj
 0001:000220d0       ?Ptr@?$MFileMapping@UCESERVER_CONSOLE_MAPPING_HDR@@@@QEAAPEAUCESERVER_CONSOLE_MAPPING_HDR@@XZ 00000001800230d0 f i ConEmuPluginBase.obj
 0001:000220e0       ??$wcscpy_c@$0BBE@@@YAHAEAY0BBE@_WPEB_W@Z 00000001800230e0 f i ConEmuPluginBase.obj
 0001:00022110       ??$wcscat_c@$0BBE@@@YAHAEAY0BBE@_WPEB_W@Z 0000000180023110 f i ConEmuPluginBase.obj
 0001:00022140       ??$wcscat_c@$0CAE@@@YAHAEAY0CAE@_WPEB_W@Z 0000000180023140 f i ConEmuPluginBase.obj
 0001:00022170       ?EvaluateDefaultFontWidth@@YAHHPEB_W@Z 0000000180023170 f   EmergencyShow.obj
 0001:000222f0       ?SetUserFriendlyFont@@YAXPEAUHWND__@@HH@Z 00000001800232f0 f   EmergencyShow.obj
 0001:000228b0       ?CorrectConsolePos@@YAXPEAUHWND__@@@Z 00000001800238b0 f   EmergencyShow.obj
 0001:00022a90       ?EmergencyShow@@YAXPEAUHWND__@@HH@Z 0000000180023a90 f   EmergencyShow.obj
 0001:00022c10       ?IsFileBatch@@YA_NPEB_W@Z  0000000180023c10 f   Execute.obj
 0001:00022cb0       ?GetImageSubsystem@@YA_NPEB_WAEAK11@Z 0000000180023cb0 f   Execute.obj
 0001:000230c0       ?GetImageSubsystem@@YA_NAEAK0@Z 00000001800240c0 f   Execute.obj
 0001:000231a0       ?GetImageSubsystem@@YA_NU_PROCESS_INFORMATION@@AEAK1@Z 00000001800241a0 f   Execute.obj
 0001:000234a0       ?GetEnclosingSectionHeader@@YAPEAU_IMAGE_SECTION_HEADER@@KPEAUIMAGE_MAPPING@@@Z 00000001800244a0 f   Execute.obj
 0001:00023550       ?GetPtrFromRVA@@YAPEAXKPEAUIMAGE_MAPPING@@@Z 0000000180024550 f   Execute.obj
 0001:000235e0       ?FindImageSubsystem@@YA_NPEB_WAEAK1PEAK@Z 00000001800245e0 f   Execute.obj
 0001:00024450       ?HeapInitialize@@YA_NXZ    0000000180025450 f   Memory.obj
 0001:000244a0       ?HeapDeinitialize@@YAXXZ   00000001800254a0 f   Memory.obj
 0001:000244d0       ?xf_malloc@@YAPEAX_K@Z     00000001800254d0 f   Memory.obj
 0001:00024500       ?xf_calloc@@YAPEAX_K0@Z    0000000180025500 f   Memory.obj
 0001:00024540       ?xf_realloc@@YAPEAXPEAX_K@Z 0000000180025540 f   Memory.obj
 0001:00024580       ?xf_free@@YAXPEAX@Z        0000000180025580 f   Memory.obj
 0001:000245c0       ?xf_validate@@YA_NPEAX@Z   00000001800255c0 f   Memory.obj
 0001:00024610       ??2@YAPEAX_K@Z             0000000180025610 f   Memory.obj
 0001:00024640       ??_U@YAPEAX_K@Z            0000000180025640 f   Memory.obj
 0001:00024670       ??3@YAXPEAX@Z              0000000180025670 f   Memory.obj
 0001:00024690       ??_V@YAXPEAX@Z             0000000180025690 f   Memory.obj
 0001:000246b0       ?lstrdup@@YAPEADPEBD@Z     00000001800256b0 f   Memory.obj
 0001:00024730       ?StringCchCopyA@@YAJPEAD_KPEBD@Z 0000000180025730 f i Memory.obj
 0001:000248c0       ?lstrdup@@YAPEA_WPEB_W_K@Z 00000001800258c0 f   Memory.obj
 0001:00024a80       ?lstrdupW@@YAPEA_WPEBDI@Z  0000000180025a80 f   Memory.obj
 0001:00024b20       ?lstrmerge@@YAPEA_WPEB_W0000@Z 0000000180025b20 f   Memory.obj
 0001:00024d20       ?lstrmerge@@YA_NPEAPEA_WPEB_W111@Z 0000000180025d20 f   Memory.obj
 0001:00024da0       ?FindMonitorsWorkspace@@YAHPEAUHMONITOR__@@PEAUHDC__@@PEAUtagRECT@@_J@Z 0000000180025da0 f   Monitors.obj
 0001:00024e50       ?GetAllMonitorsWorkspace@@YA?AUtagRECT@@XZ 0000000180025e50 f   Monitors.obj
 0001:00024ee0       ?FindPrimaryMonitor@@YAHPEAUHMONITOR__@@PEAUHDC__@@PEAUtagRECT@@_J@Z 0000000180025ee0 f   Monitors.obj
 0001:00024f70       ?GetMonitorInfoSafe@@YA_NPEAUHMONITOR__@@AEAUtagMONITORINFO@@@Z 0000000180025f70 f   Monitors.obj
 0001:00024fe0       ?GetPrimaryMonitorInfo@@YAPEAUHMONITOR__@@PEAUtagMONITORINFO@@@Z 0000000180025fe0 f   Monitors.obj
 0001:000250a0       ?GetNearestMonitorInfo@@YAPEAUHMONITOR__@@PEAUtagMONITORINFO@@PEAU1@PEBUtagRECT@@PEAUHWND__@@@Z 00000001800260a0 f   Monitors.obj
 0001:000251d0       ?EnumAllMonitors@@YAHPEAUHMONITOR__@@PEAUHDC__@@PEAUtagRECT@@_J@Z 00000001800261d0 f   Monitors.obj
 0001:00025280       ?MonitorSortCallback@@YAHAEAU_FindAllMonitorsItem@@0@Z 0000000180026280 f   Monitors.obj
 0001:00025300       ?GetNextMonitorInfo@@YAPEAUHMONITOR__@@PEAUtagMONITORINFO@@PEBUtagRECT@@_N@Z 0000000180026300 f   Monitors.obj
 0001:00025590       ??0_FindAllMonitors@@QEAA@XZ 0000000180026590 f i Monitors.obj
 0001:000255b0       ??1_FindAllMonitors@@QEAA@XZ 00000001800265b0 f i Monitors.obj
 0001:000255d0       ??0?$MArray@U_FindAllMonitorsItem@@@@QEAA@XZ 00000001800265d0 f i Monitors.obj
 0001:00025630       ??1?$MArray@U_FindAllMonitorsItem@@@@QEAA@XZ 0000000180026630 f i Monitors.obj
 0001:00025650       ??A?$MArray@U_FindAllMonitorsItem@@@@QEAAAEAU_FindAllMonitorsItem@@_J@Z 0000000180026650 f i Monitors.obj
 0001:00025670       ?push_back@?$MArray@U_FindAllMonitorsItem@@@@QEAA_JAEBU_FindAllMonitorsItem@@@Z 0000000180026670 f i Monitors.obj
 0001:00025740       ?size@?$MArray@U_FindAllMonitorsItem@@@@QEBA_JXZ 0000000180026740 f i Monitors.obj
 0001:00025750       ?sort@?$MArray@U_FindAllMonitorsItem@@@@QEAAXP6AHAEAU_FindAllMonitorsItem@@0@Z@Z 0000000180026750 f i Monitors.obj
 0001:000258a0       ?clear@?$MArray@U_FindAllMonitorsItem@@@@QEAAXXZ 00000001800268a0 f i Monitors.obj
 0001:000258f0       ?addsize@?$MArray@U_FindAllMonitorsItem@@@@QEAAX_J@Z 00000001800268f0 f i Monitors.obj
 0001:00025a30       ??0MSection@@QEAA@XZ       0000000180026a30 f   MSection.obj
 0001:00025b20       ??1MSection@@QEAA@XZ       0000000180026b20 f   MSection.obj
 0001:00025bf0       ?Process_Lock@MSection@@IEAAXXZ 0000000180026bf0 f   MSection.obj
 0001:00025c10       ?Process_Unlock@MSection@@IEAAXXZ 0000000180026c10 f   MSection.obj
 0001:00025c30       ?ThreadTerminated@MSection@@QEAAXK@Z 0000000180026c30 f   MSection.obj
 0001:00025ca0       ?AddRef@MSection@@IEAAXK@Z 0000000180026ca0 f   MSection.obj
 0001:00025df0       ?ReleaseRef@MSection@@IEAAHK@Z 0000000180026df0 f   MSection.obj
 0001:00025f10       ?WaitUnlocked@MSection@@IEAAXKK@Z 0000000180026f10 f   MSection.obj
 0001:00025fe0       ?MyEnterCriticalSection@MSection@@IEAA_NK@Z 0000000180026fe0 f   MSection.obj
 0001:000261b0       ?Lock@MSection@@IEAAHHK@Z  00000001800271b0 f   MSection.obj
 0001:00026360       ?Unlock@MSection@@IEAAXH@Z 0000000180027360 f   MSection.obj
 0001:000263f0       ?isLockedExclusive@MSection@@QEAA_NXZ 00000001800273f0 f   MSection.obj
 0001:00026460       ??0MSectionThread@@QEAA@PEAVMSection@@@Z 0000000180027460 f   MSection.obj
 0001:000264a0       ??1MSectionThread@@QEAA@XZ 00000001800274a0 f   MSection.obj
 0001:000264e0       ??0MSectionLock@@QEAA@XZ   00000001800274e0 f   MSection.obj
 0001:00026510       ??1MSectionLock@@QEAA@XZ   0000000180027510 f   MSection.obj
 0001:00026540       ?Lock@MSectionLock@@QEAAHPEAVMSection@@HK@Z 0000000180027540 f   MSection.obj
 0001:00026610       ?RelockExclusive@MSectionLock@@QEAAHK@Z 0000000180027610 f   MSection.obj
 0001:000266a0       ?Unlock@MSectionLock@@QEAAXXZ 00000001800276a0 f   MSection.obj
 0001:000266f0       ?isLocked@MSectionLock@@QEAAHH@Z 00000001800276f0 f   MSection.obj
 0001:00026740       ??0MSectionSimple@@QEAA@_N@Z 0000000180027740 f   MSectionSimple.obj
 0001:000267a0       ??1MSectionSimple@@QEAA@XZ 00000001800277a0 f   MSectionSimple.obj
 0001:000267c0       ?IsInitialized@MSectionSimple@@QEAA_NXZ 00000001800277c0 f   MSectionSimple.obj
 0001:00026800       ?Init@MSectionSimple@@QEAAXXZ 0000000180027800 f   MSectionSimple.obj
 0001:00026830       ?Close@MSectionSimple@@QEAAXXZ 0000000180027830 f   MSectionSimple.obj
 0001:00026860       ?Enter@MSectionSimple@@QEAAXXZ 0000000180027860 f   MSectionSimple.obj
 0001:00026880       ?Leave@MSectionSimple@@QEAAXXZ 0000000180027880 f   MSectionSimple.obj
 0001:000268a0       ?TryEnter@MSectionSimple@@QEAA_NXZ 00000001800278a0 f   MSectionSimple.obj
 0001:000268e0       ?RecreateAndLock@MSectionSimple@@QEAA_NXZ 00000001800278e0 f   MSectionSimple.obj
 0001:00026980       ??0MSectionLockSimple@@QEAA@XZ 0000000180027980 f   MSectionSimple.obj
 0001:000269a0       ??1MSectionLockSimple@@QEAA@XZ 00000001800279a0 f   MSectionSimple.obj
 0001:000269d0       ?Lock@MSectionLockSimple@@QEAAHPEAUMSectionSimple@@K@Z 00000001800279d0 f   MSectionSimple.obj
 0001:00026aa0       ?Unlock@MSectionLockSimple@@QEAAXXZ 0000000180027aa0 f   MSectionSimple.obj
 0001:00026ae0       ?isLocked@MSectionLockSimple@@QEAAHXZ 0000000180027ae0 f   MSectionSimple.obj
 0001:00026af0       ?NullSecurity@@YAPEAU_SECURITY_ATTRIBUTES@@XZ 0000000180027af0 f   MSecurity.obj
 0001:00026b50       ??0MNullDesc@@QEAA@XZ      0000000180027b50 f i MSecurity.obj
 0001:00026bd0       ?NullSecurity@MNullDesc@@QEAAPEAU_SECURITY_ATTRIBUTES@@XZ 0000000180027bd0 f i MSecurity.obj
 0001:00026d10       ?LoadAdvApi@MNullDesc@@IEAAHXZ 0000000180027d10 f i MSecurity.obj
 0001:00026fd0       ?UnloadAdvApi@MNullDesc@@IEAAXXZ 0000000180027fd0 f i MSecurity.obj
 0001:00027010       ?LocalSecurity@@YAPEAU_SECURITY_ATTRIBUTES@@XZ 0000000180028010 f   MSecurity.obj
 0001:00027070       ?LocalSecurity@MNullDesc@@QEAAPEAU_SECURITY_ATTRIBUTES@@XZ 0000000180028070 f i MSecurity.obj
 0001:00027320       ?ShutdownSecurity@@YAXXZ   0000000180028320 f   MSecurity.obj
 0001:00027380       ??_GMNullDesc@@QEAAPEAXI@Z 0000000180028380 f i MSecurity.obj
 0001:000273c0       ??1MNullDesc@@QEAA@XZ      00000001800283c0 f i MSecurity.obj
 0001:00027440       ??0MSetter@@QEAA@PEAJ@Z    0000000180028440 f   MSetter.obj
 0001:00027490       ??0MSetter@@QEAA@PEA_N@Z   0000000180028490 f   MSetter.obj
 0001:000274e0       ??0MSetter@@QEAA@PEAKK@Z   00000001800284e0 f   MSetter.obj
 0001:00027530       ??1MSetter@@QEAA@XZ        0000000180028530 f   MSetter.obj
 0001:00027550       ?Unlock@MSetter@@QEAAXXZ   0000000180028550 f   MSetter.obj
 0001:000275d0       ?msprintf@@YAPEB_WPEA_W_KPEB_WZZ 00000001800285d0 f   MStrSafe.obj
 0001:00027f90       ?msprintf@@YAPEBDPEAD_KPEBDZZ 0000000180028f90 f   MStrSafe.obj
 0001:000286d0       ?lstrcmpni@@YAHPEB_W0H@Z   00000001800296d0 f   MStrSafe.obj
 0001:00028780       ?startswith@@YAHPEB_W0_N@Z 0000000180029780 f   MStrSafe.obj
 0001:00028830       ??0CPluginBackground@@QEAA@XZ 0000000180029830 f   PluginBackground.obj
 0001:00028ae0       ??1CPluginBackground@@QEAA@XZ 0000000180029ae0 f   PluginBackground.obj
 0001:00028d90       ?RegisterSubplugin@CPluginBackground@@QEAAHPEAURegisterBackgroundArg@@@Z 0000000180029d90 f   PluginBackground.obj
 0001:000291f0       ?ReallocItems@CPluginBackground@@IEAAXH@Z 000000018002a1f0 f   PluginBackground.obj
 0001:00029290       ?OnMainThreadActivated@CPluginBackground@@QEAAXHH@Z 000000018002a290 f   PluginBackground.obj
 0001:00029400       ?SetForceCheck@CPluginBackground@@QEAAXXZ 000000018002a400 f   PluginBackground.obj
 0001:00029430       ?SetForceUpdate@CPluginBackground@@QEAAX_N@Z 000000018002a430 f   PluginBackground.obj
 0001:00029470       ?SetForceThLoad@CPluginBackground@@QEAAXXZ 000000018002a470 f   PluginBackground.obj
 0001:000294b0       ?IsParmChanged@CPluginBackground@@IEAA_NPEAUPaintBackgroundArg@@0@Z 000000018002a4b0 f   PluginBackground.obj
 0001:00029800       ?CheckPanelFolders@CPluginBackground@@IEAAXH@Z 000000018002a800 f   PluginBackground.obj
 0001:00029930       ?SetDcPanelRect@CPluginBackground@@IEAAXPEAUtagRECT@@PEAUBkPanelInfo@@PEAUPaintBackgroundArg@@@Z 000000018002a930 f   PluginBackground.obj
 0001:00029ad0       ?UpdateBackground_Exec@CPluginBackground@@KAXPEAURegisterBackgroundArg@@PEAUPaintBackgroundArg@@@Z 000000018002aad0 f   PluginBackground.obj
 0001:00029b30       ?UpdateBackground@CPluginBackground@@IEAAXXZ 000000018002ab30 f   PluginBackground.obj
 0001:0002ac00       ?LoadThSet@CPluginBackground@@IEAAHH@Z 000000018002bc00 f   PluginBackground.obj
 0001:0002ae70       ?MonitorBackground@CPluginBackground@@QEAAXXZ 000000018002be70 f   PluginBackground.obj
 0001:0002af50       ?GetTo@?$MFileMapping@UPanelViewSetMapping@@@@QEAA_NPEAUPanelViewSetMapping@@H@Z 000000018002bf50 f i PluginBackground.obj
 0001:0002afb0       ?InitName@?$MFileMapping@UPanelViewSetMapping@@@@QEAAPEB_WPEB_WKK@Z 000000018002bfb0 f i PluginBackground.obj
 0001:0002b010       ?CloseMap@?$MFileMapping@UPanelViewSetMapping@@@@QEAAXXZ 000000018002c010 f i PluginBackground.obj
 0001:0002b0a0       ?Open@?$MFileMapping@UPanelViewSetMapping@@@@QEAAPEAUPanelViewSetMapping@@HH@Z 000000018002c0a0 f i PluginBackground.obj
 0001:0002b0d0       ??0?$MFileMapping@UPanelViewSetMapping@@@@QEAA@XZ 000000018002c0d0 f i PluginBackground.obj
 0001:0002b140       ??1?$MFileMapping@UPanelViewSetMapping@@@@QEAA@XZ 000000018002c140 f i PluginBackground.obj
 0001:0002b170       ?IsValid@?$MFileMapping@UPanelViewSetMapping@@@@QEAA_NXZ 000000018002c170 f i PluginBackground.obj
 0001:0002b1a0       ?ClosePtr@?$MFileMapping@UPanelViewSetMapping@@@@QEAAXXZ 000000018002c1a0 f i PluginBackground.obj
 0001:0002b1e0       ?InternalOpenCreate@?$MFileMapping@UPanelViewSetMapping@@@@IEAAPEAUPanelViewSetMapping@@HHH@Z 000000018002c1e0 f i PluginBackground.obj
 0001:0002b5c0       ?PlugServerInit@@YAXXZ     000000018002c5c0 f   PluginSrv.obj
 0001:0002b5d0       ?PlugServerStart@@YA_NXZ   000000018002c5d0 f   PluginSrv.obj
 0001:0002b710       ?PlugServerStop@@YAX_N@Z   000000018002c710 f   PluginSrv.obj
 0001:0002b770       ?cmd_FarSetChanged@@YAXPEAUFAR_REQ_FARSETCHANGED@@@Z 000000018002c770 f   PluginSrv.obj
 0001:0002b7f0       ?PlugServerCommand@@YAHPEAXPEAUCESERVER_REQ@@AEAPEAU1@AEAK3_J@Z 000000018002c7f0 f   PluginSrv.obj
 0001:0002c220       ?PlugServerFree@@YAXPEAUCESERVER_REQ@@_J@Z 000000018002d220 f   PluginSrv.obj
 0001:0002c240       ?SetOverlapped@?$PipeServer@UCESERVER_REQ@@@@QEAAX_N@Z 000000018002d240 f i PluginSrv.obj
 0001:0002c260       ?SetLoopCommands@?$PipeServer@UCESERVER_REQ@@@@QEAAX_N@Z 000000018002d260 f i PluginSrv.obj
 0001:0002c280       ?SetDummyAnswerSize@?$PipeServer@UCESERVER_REQ@@@@QEAAXH@Z 000000018002d280 f i PluginSrv.obj
 0001:0002c2a0       ?SetMaxCount@?$PipeServer@UCESERVER_REQ@@@@QEAAXH@Z 000000018002d2a0 f i PluginSrv.obj
 0001:0002c2f0       ?StartPipeServer@?$PipeServer@UCESERVER_REQ@@@@QEAA_N_NPEB_W_JPEAU_SECURITY_ATTRIBUTES@@P6AHPEAXPEAUCESERVER_REQ@@AEAPEAU3@AEAK72@ZP6AX52@ZP6AH42@ZP6AH42@ZP6AH42@Z@Z 000000018002d2f0 f i PluginSrv.obj
 0001:0002c560       ?StopPipeServer@?$PipeServer@UCESERVER_REQ@@@@QEAAX_NAEA_N@Z 000000018002d560 f i PluginSrv.obj
 0001:0002ce70       ?BreakConnection@?$PipeServer@UCESERVER_REQ@@@@QEAAXPEAX@Z 000000018002de70 f i PluginSrv.obj
 0001:0002cea0       ?DumpError@?$PipeServer@UCESERVER_REQ@@@@IEAAXPEAUPipeInst@1@PEB_WH@Z 000000018002dea0 f i PluginSrv.obj
 0001:0002cfe0       ?_Disconnect@?$PipeServer@UCESERVER_REQ@@@@IEAAXPEAUPipeInst@1@_N11@Z 000000018002dfe0 f i PluginSrv.obj
 0001:0002d090       ?StartPipeInstance@?$PipeServer@UCESERVER_REQ@@@@IEAA_NPEAUPipeInst@1@@Z 000000018002e090 f i PluginSrv.obj
 0001:0002d230       ?TerminatePipeThread@?$PipeServer@UCESERVER_REQ@@@@KAXAEAPEAXAEBUPipeInst@1@AEA_N@Z 000000018002e230 f i PluginSrv.obj
 0001:0002d2e0       ?_PipeServerThread@?$PipeServer@UCESERVER_REQ@@@@KAKPEAX@Z 000000018002e2e0 f i PluginSrv.obj
 0001:0002d380       ?PipeServerThread@?$PipeServer@UCESERVER_REQ@@@@IEAAKPEAUPipeInst@1@@Z 000000018002e380 f i PluginSrv.obj
 0001:0002d8d0       ?PipeServerRead@?$PipeServer@UCESERVER_REQ@@@@IEAAHPEAUPipeInst@1@@Z 000000018002e8d0 f i PluginSrv.obj
 0001:0002dd40       ?PipeServerWrite@?$PipeServer@UCESERVER_REQ@@@@IEAAHPEAUPipeInst@1@PEBXKPEAKH@Z 000000018002ed40 f i PluginSrv.obj
 0001:0002df80       ?WaitForClient@?$PipeServer@UCESERVER_REQ@@@@IEAA_NPEAUPipeInst@1@AEAH1@Z 000000018002ef80 f i PluginSrv.obj
 0001:0002e590       ?WriteDummyAnswer@?$PipeServer@UCESERVER_REQ@@@@IEAAHPEAUPipeInst@1@@Z 000000018002f590 f i PluginSrv.obj
 0001:0002e630       ?WaitOverlapped@?$PipeServer@UCESERVER_REQ@@@@IEAAHPEAUPipeInst@1@PEAK@Z 000000018002f630 f i PluginSrv.obj
 0001:0002e920       ?AllocRequestBuf@PipeInst@?$PipeServer@UCESERVER_REQ@@@@QEAAPEAUCESERVER_REQ@@K@Z 000000018002f920 f i PluginSrv.obj
 0001:0002e9c0       ??$wcscpy_c@$0BAE@@@YAHAEAY0BAE@_WPEB_W@Z 000000018002f9c0 f i PluginSrv.obj
 0001:0002eb20       ?SetConEmuEnvHWND@@YAXPEB_WPEAUHWND__@@@Z 000000018002fb20 f   SetEnvVar.obj
 0001:0002eb80       ?SetConEmuEnvVar@@YAXPEAUHWND__@@@Z 000000018002fb80 f   SetEnvVar.obj
 0001:0002ec00       ?SetConEmuEnvVarChild@@YAXPEAUHWND__@@0@Z 000000018002fc00 f   SetEnvVar.obj
 0001:0002ec40       ?SetConEmuWorkEnvVar@@YAXPEAUHINSTANCE__@@@Z 000000018002fc40 f   SetEnvVar.obj
 0001:0002ee10       ??0CEnvStrings@@QEAA@PEA_W@Z 000000018002fe10 f   SetEnvVar.obj
 0001:0002eeb0       ??1CEnvStrings@@QEAA@XZ    000000018002feb0 f   SetEnvVar.obj
 0001:0002eef0       ?ShutdownConsole@@YAXXZ    000000018002fef0 f   WConsole.obj
 0001:0002ef40       ?SetConsoleInfo@@YAHPEAUHWND__@@PEAU_CONSOLE_INFO@@@Z 000000018002ff40 f   WConsole.obj
 0001:0002f270       ?ChangeScreenBufferSize@@YAXAEAU_CONSOLE_SCREEN_BUFFER_INFO@@FFFF@Z 0000000180030270 f   WConsole.obj
 0001:0002f3d0       ?GetConWindowSize@@YAHAEBU_CONSOLE_SCREEN_BUFFER_INFO@@HHKPEAH1PEAK@Z 00000001800303d0 f   WConsole.obj
 0001:0002f570       ?GetConsoleSizeInfo@@YAXPEAU_CONSOLE_INFO@@@Z 0000000180030570 f   WConsole.obj
 0001:0002f640       ?apiGetConsoleScreenBufferInfoEx@@YAHPEAXPEAUMY_CONSOLE_SCREEN_BUFFER_INFOEX@@@Z 0000000180030640 f   WConsole.obj
 0001:0002f6c0       ?apiSetConsoleScreenBufferInfoEx@@YAHPEAXPEAUMY_CONSOLE_SCREEN_BUFFER_INFOEX@@@Z 00000001800306c0 f   WConsole.obj
 0001:0002f760       ?apiGetConsoleFontSize@@YAHPEAXAEAH1AEAY0CA@_W@Z 0000000180030760 f   WConsole.obj
 0001:0002f850       ?apiSetConsoleFontSize@@YAHPEAXHHPEB_W@Z 0000000180030850 f   WConsole.obj
 0001:0002f960       ?apiFixFontSizeForBufferSize@@YAHPEAXU_COORD@@PEADH@Z 0000000180030960 f   WConsole.obj
 0001:00030040       ?SetConsoleFontSizeTo@@YAXPEAUHWND__@@HHPEB_WGG@Z 0000000180031040 f   WConsole.obj
 0001:000306d0       ?MyGetLargestConsoleWindowSize@@YA?AU_COORD@@PEAX@Z 00000001800316d0 f   WConsole.obj
 0001:000307c0       ?SearchAppPaths@@YA_NPEB_WAEAUCmdArg@@_NPEAU1@@Z 00000001800317c0 f   WFiles.obj
 0001:00030e60       ?GetFullPathNameEx@@YAPEA_WPEB_W@Z 0000000180031e60 f   WFiles.obj
 0001:00030f60       ?FindFileName@@YA_NPEB_WAEAUCmdArg@@@Z 0000000180031f60 f   WFiles.obj
 0001:000311b0       ?MakePathProperCase@@YA_NAEAUCmdArg@@@Z 00000001800321b0 f   WFiles.obj
 0001:000314e0       ?ReadTextFile@@YAHPEB_WKAEAPEA_WAEAK2K@Z 00000001800324e0 f   WFiles.obj
 0001:00031ae0       ?WriteTextFile@@YAHPEB_W0HK_NPEAK@Z 0000000180032ae0 f   WFiles.obj
 0001:00031ea0       ?FilesExists@@YA_NPEB_W0_NH@Z 0000000180032ea0 f   WFiles.obj
 0001:00032040       ?IsDotsName@@YA_NPEB_W@Z   0000000180033040 f   WFiles.obj
 0001:000320a0       ?FileExistSubDir@@YA_NPEB_W0HAEAUCmdArg@@@Z 00000001800330a0 f   WFiles.obj
 0001:000322e0       ?DirectoryExists@@YA_NPEB_W@Z 00000001800332e0 f   WFiles.obj
 0001:00032480       ?MyCreateDirectory@@YA_NPEA_W@Z 0000000180033480 f   WFiles.obj
 0001:000325d0       ?FileCompare@@YA_NPEB_W0@Z 00000001800335d0 f   WFiles.obj
 0001:000328c0       ?getWindowInfo@@YAXPEAUHWND__@@AEAY0EAA@_W_NPEAK@Z 00000001800338c0 f   WObjects.obj
 0001:00032ac0       ?FileExists@@YA_NPEB_WPEAK@Z 0000000180033ac0 f   WObjects.obj
 0001:00032ce0       ?FileSearchInDir@@YA_NPEB_WAEAUCmdArg@@@Z 0000000180033ce0 f   WObjects.obj
 0001:00032f00       ?FileExistsSearch@@YA_NPEB_WAEAUCmdArg@@_N2@Z 0000000180033f00 f   WObjects.obj
 0001:00033040       ?GetShortFileName@@YA_NPEB_WHPEA_WH@Z 0000000180034040 f   WObjects.obj
 0001:000332c0       ?GetShortFileNameEx@@YAPEA_WPEB_WH@Z 00000001800342c0 f   WObjects.obj
 0001:00033800       ?IsWine@@YA_NXZ            0000000180034800 f   WObjects.obj
 0001:00033990       ?IsWinPE@@YA_NXZ           0000000180034990 f   WObjects.obj
 0001:00033a40       ?GetOsVersionInformational@@YA_NPEAU_OSVERSIONINFOW@@@Z 0000000180034a40 f   WObjects.obj
 0001:00033a80       ?IsWinVerOrHigher@@YA_NG@Z 0000000180034a80 f   WObjects.obj
 0001:00033b50       ?IsWin2kEql@@YA_NXZ        0000000180034b50 f   WObjects.obj
 0001:00033c30       ?IsWin5family@@YA_NXZ      0000000180034c30 f   WObjects.obj
 0001:00033cf0       ?IsWinXPSP1@@YA_NXZ        0000000180034cf0 f   WObjects.obj
 0001:00033de0       ?IsWin6@@YA_NXZ            0000000180034de0 f   WObjects.obj
 0001:00033e40       ?IsWin7@@YA_NXZ            0000000180034e40 f   WObjects.obj
 0001:00033ea0       ?IsWin10@@YA_NXZ           0000000180034ea0 f   WObjects.obj
 0001:00033f00       ?IsDbcs@@YA_NXZ            0000000180034f00 f   WObjects.obj
 0001:00033f40       ?IsWindows64@@YA_NXZ       0000000180034f40 f   WObjects.obj
 0001:00033f80       ?IsHwFullScreenAvailable@@YA_NXZ 0000000180034f80 f   WObjects.obj
 0001:00034010       ?IsVsNetHostExe@@YA_NPEB_W@Z 0000000180035010 f   WObjects.obj
 0001:000340b0       ?GetProcessBits@@YAHKPEAX@Z 00000001800350b0 f   WObjects.obj
 0001:000341e0       ?GetProcessInfo@@YA_NKPEAUtagPROCESSENTRY32W@@@Z 00000001800351e0 f   WObjects.obj
 0001:000342d0       ?isTerminalMode@@YA_NXZ    00000001800352d0 f   WObjects.obj
 0001:00034620       ?IsModuleValid@@YA_NPEAUHINSTANCE__@@H@Z 0000000180035620 f   WObjects.obj
 0001:000347c0       ?CheckCallbackPtr@@YA_NPEAUHINSTANCE__@@_KPEAP6A_JXZHHH@Z 00000001800357c0 f   WObjects.obj
 0001:000349b0       ?ExpandMacroValues@@YAPEA_WPEB_WPEAPEB_W_K@Z 00000001800359b0 f   WObjects.obj
 0001:00034c00       ?ExpandEnvStr@@YAPEA_WPEB_W@Z 0000000180035c00 f   WObjects.obj
 0001:00034d10       ?GetEnvVar@@YAPEA_WPEB_W@Z 0000000180035d10 f   WObjects.obj
 0001:00034e00       ?GetComspecFromEnvVar@@YAPEB_WPEA_WKW4ComSpecBits@@@Z 0000000180035e00 f   WObjects.obj
 0001:00035160       ?GetComspec@@YAPEA_WPEBUConEmuComspec@@@Z 0000000180036160 f   WObjects.obj
 0001:00035420       ?IsExportEnvVarAllowed@@YA_NPEB_W@Z 0000000180036420 f   WObjects.obj
 0001:000354a0       ?ApplyExportEnvVar@@YAXPEB_W@Z 00000001800364a0 f   WObjects.obj
 0001:00035560       ?CoordInSmallRect@@YA_NAEBU_COORD@@AEBU_SMALL_RECT@@@Z 0000000180036560 f   WObjects.obj
 0001:000355e0       ?GetCpFromString@@YAIPEB_WPEAPEB_W@Z 00000001800365e0 f   WObjects.obj
 0001:00035820       ??$wcscpy_c@$0EAA@@@YAHAEAY0EAA@_WPEB_W@Z 0000000180036820 f i WObjects.obj
 0001:00035850       ??$wcscpy_c@$0BAA@@@YAHAEAY0BAA@_WPEB_W@Z 0000000180036850 f i WObjects.obj
 0001:00035880       ?apiSetForegroundWindow@@YA_NPEAUHWND__@@@Z 0000000180036880 f   WUser.obj
 0001:000358c0       ?apiShowWindow@@YA_NPEAUHWND__@@H@Z 00000001800368c0 f   WUser.obj
 0001:00035900       ?apiShowWindowAsync@@YA_NPEAUHWND__@@H@Z 0000000180036900 f   WUser.obj
 0001:00035940       ?IsUserAdmin@@YA_NXZ       0000000180036940 f   WUser.obj
 0001:00035aa0       ?GetLogonSID@@YA_NPEAXPEAPEA_W@Z 0000000180036aa0 f   WUser.obj
 0001:00035c00       ?RemoveOldComSpecC@@YAXXZ  0000000180036c00 f   WUser.obj
 0001:00035d50       ?DuplicateProcessHandle@@YAPEAXK@Z 0000000180036d50 f   WUser.obj
 0001:00035de0       ?FindComspec@@YAXPEAUConEmuComspec@@_N@Z 0000000180036de0 f   WUser.obj
 0001:00036940       ?UpdateComspec@@YAXPEAUConEmuComspec@@_N@Z 0000000180037940 f   WUser.obj
 0001:00036d80       ?SetEnvVarExpanded@@YAXPEB_W0@Z 0000000180037d80 f   WUser.obj
 0001:00036fd0       wcsrchr                    0000000180037fd0 f   libCRT64:strrchr.obj
 0001:00037000       wcschr                     0000000180038000 f   libCRT64:strchr.obj
 0001:00037020       strpbrk                    0000000180038020 f   libCRT64:strpbrk.obj
 0001:000370c0       wcspbrk                    00000001800380c0 f   libCRT64:strpbrk.obj
 0001:00037110       wcsncmp                    0000000180038110 f   libCRT64:strncmp.obj
 0001:00037150       strrchr                    0000000180038150 f   libCRT64:strrchr.obj
 0001:00037180       wcsstr                     0000000180038180 f   libCRT64:strstr.obj
 0001:000371f0       memset                     00000001800381f0 f   libCRT64:memset.obj
 0001:00037220       memmove                    0000000180038220 f   libCRT64:memmove.obj
 0001:00037280       memcpy                     0000000180038280 f   libCRT64:memcpy.obj
 0001:000372b0       memcmp                     00000001800382b0 f   libCRT64:memcmp.obj
 0001:000372e0       iswdigit                   00000001800382e0 f i libCRT64:strtol.obj
 0001:000372f0       iswspace                   00000001800382f0 f i libCRT64:strtol.obj
 0001:000374e0       wcstol                     00000001800384e0 f   libCRT64:strtol.obj
 0001:000374f0       wcstoul                    00000001800384f0 f   libCRT64:strtol.obj
 0001:000374fc       SetEnvironmentVariableW    00000001800384fc f   kernel32:KERNEL32.dll
 0001:00037502       lstrlenW                   0000000180038502 f   kernel32:KERNEL32.dll
 0001:00037508       lstrcpynW                  0000000180038508 f   kernel32:KERNEL32.dll
 0001:0003750e       lstrcmpiW                  000000018003850e f   kernel32:KERNEL32.dll
 0001:00037514       lstrcmpW                   0000000180038514 f   kernel32:KERNEL32.dll
 0001:0003751a       GetCurrentDirectoryW       000000018003851a f   kernel32:KERNEL32.dll
 0001:00037520       SearchPathW                0000000180038520 f   kernel32:KERNEL32.dll
 0001:00037526       GetProcAddress             0000000180038526 f   kernel32:KERNEL32.dll
 0001:0003752c       GetModuleHandleW           000000018003852c f   kernel32:KERNEL32.dll
 0001:00037532       GetModuleFileNameW         0000000180038532 f   kernel32:KERNEL32.dll
 0001:00037538       SetNamedPipeHandleState    0000000180038538 f   kernel32:KERNEL32.dll
 0001:0003753e       GetCurrentProcessId        000000018003853e f   kernel32:KERNEL32.dll
 0001:00037544       Sleep                      0000000180038544 f   kernel32:KERNEL32.dll
 0001:0003754a       SetLastError               000000018003854a f   kernel32:KERNEL32.dll
 0001:00037550       WaitNamedPipeW             0000000180038550 f   kernel32:KERNEL32.dll
 0001:00037556       WaitForSingleObject        0000000180038556 f   kernel32:KERNEL32.dll
 0001:0003755c       GetLastError               000000018003855c f   kernel32:KERNEL32.dll
 0001:00037562       CreateFileW                0000000180038562 f   kernel32:KERNEL32.dll
 0001:00037568       GetTickCount               0000000180038568 f   kernel32:KERNEL32.dll
 0001:0003756e       IsDebuggerPresent          000000018003856e f   kernel32:KERNEL32.dll
 0001:00037574       GetCurrentThreadId         0000000180038574 f   kernel32:KERNEL32.dll
 0001:0003757a       ReadFile                   000000018003857a f   kernel32:KERNEL32.dll
 0001:00037580       CloseHandle                0000000180038580 f   kernel32:KERNEL32.dll
 0001:00037586       TransactNamedPipe          0000000180038586 f   kernel32:KERNEL32.dll
 0001:0003758c       WriteFile                  000000018003858c f   kernel32:KERNEL32.dll
 0001:00037592       GetConsoleWindow           0000000180038592 f   kernel32:KERNEL32.dll
 0001:00037598       UnmapViewOfFile            0000000180038598 f   kernel32:KERNEL32.dll
 0001:0003759e       MapViewOfFile              000000018003859e f   kernel32:KERNEL32.dll
 0001:000375a4       OpenFileMappingW           00000001800385a4 f   kernel32:KERNEL32.dll
 0001:000375aa       LoadLibraryW               00000001800385aa f   kernel32:KERNEL32.dll
 0001:000375b0       CreateFileMappingW         00000001800385b0 f   kernel32:KERNEL32.dll
 0001:000375b6       VirtualProtect             00000001800385b6 f   kernel32:KERNEL32.dll
 0001:000375bc       CreateThread               00000001800385bc f   kernel32:KERNEL32.dll
 0001:000375c2       lstrcpyW                   00000001800385c2 f   kernel32:KERNEL32.dll
 0001:000375c8       MultiByteToWideChar        00000001800385c8 f   kernel32:KERNEL32.dll
 0001:000375ce       lstrcpynA                  00000001800385ce f   kernel32:KERNEL32.dll
 0001:000375d4       lstrlenA                   00000001800385d4 f   kernel32:KERNEL32.dll
 0001:000375da       WideCharToMultiByte        00000001800385da f   kernel32:KERNEL32.dll
 0001:000375e0       lstrcpyA                   00000001800385e0 f   kernel32:KERNEL32.dll
 0001:000375e6       lstrcatW                   00000001800385e6 f   kernel32:KERNEL32.dll
 0001:000375ec       GetConsoleCursorInfo       00000001800385ec f   kernel32:KERNEL32.dll
 0001:000375f2       GetConsoleScreenBufferInfo 00000001800385f2 f   kernel32:KERNEL32.dll
 0001:000375f8       GetStdHandle               00000001800385f8 f   kernel32:KERNEL32.dll
 0001:000375fe       GetConsoleTitleW           00000001800385fe f   kernel32:KERNEL32.dll
 0001:00037604       DeleteFileW                0000000180038604 f   kernel32:KERNEL32.dll
 0001:0003760a       Thread32Next               000000018003860a f   kernel32:KERNEL32.dll
 0001:00037610       Thread32First              0000000180038610 f   kernel32:KERNEL32.dll
 0001:00037616       CreateToolhelp32Snapshot   0000000180038616 f   kernel32:KERNEL32.dll
 0001:0003761c       GetConsoleMode             000000018003861c f   kernel32:KERNEL32.dll
 0001:00037622       GetExitCodeProcess         0000000180038622 f   kernel32:KERNEL32.dll
 0001:00037628       CreateProcessW             0000000180038628 f   kernel32:KERNEL32.dll
 0001:0003762e       SetConsoleMode             000000018003862e f   kernel32:KERNEL32.dll
 0001:00037634       GetEnvironmentStringsW     0000000180038634 f   kernel32:KERNEL32.dll
 0001:0003763a       GetEnvironmentVariableW    000000018003863a f   kernel32:KERNEL32.dll
 0001:00037640       WaitForMultipleObjects     0000000180038640 f   kernel32:KERNEL32.dll
 0001:00037646       CreateEventW               0000000180038646 f   kernel32:KERNEL32.dll
 0001:0003764c       SetConsoleTitleW           000000018003864c f   kernel32:KERNEL32.dll
 0001:00037652       CreateSemaphoreW           0000000180038652 f   kernel32:KERNEL32.dll
 0001:00037658       ResetEvent                 0000000180038658 f   kernel32:KERNEL32.dll
 0001:0003765e       TerminateProcess           000000018003865e f   kernel32:KERNEL32.dll
 0001:00037664       GetCurrentProcess          0000000180038664 f   kernel32:KERNEL32.dll
 0001:0003766a       SetEvent                   000000018003866a f   kernel32:KERNEL32.dll
 0001:00037670       IsBadStringPtrW            0000000180038670 f   kernel32:KERNEL32.dll
 0001:00037676       Module32NextW              0000000180038676 f   kernel32:KERNEL32.dll
 0001:0003767c       Module32FirstW             000000018003867c f   kernel32:KERNEL32.dll
 0001:00037682       TerminateThread            0000000180038682 f   kernel32:KERNEL32.dll
 0001:00037688       ReleaseSemaphore           0000000180038688 f   kernel32:KERNEL32.dll
 0001:0003768e       WriteConsoleInputW         000000018003868e f   kernel32:KERNEL32.dll
 0001:00037694       GetNumberOfConsoleInputEvents 0000000180038694 f   kernel32:KERNEL32.dll
 0001:0003769a       ReadConsoleInputW          000000018003869a f   kernel32:KERNEL32.dll
 0001:000376a0       PeekConsoleInputW          00000001800386a0 f   kernel32:KERNEL32.dll
 0001:000376a6       SuspendThread              00000001800386a6 f   kernel32:KERNEL32.dll
 0001:000376ac       ResumeThread               00000001800386ac f   kernel32:KERNEL32.dll
 0001:000376b2       VerifyVersionInfoW         00000001800386b2 f   kernel32:KERNEL32.dll
 0001:000376b8       VerSetConditionMask        00000001800386b8 f   kernel32:KERNEL32.dll
 0001:000376be       ReleaseMutex               00000001800386be f   kernel32:KERNEL32.dll
 0001:000376c4       CreateMutexW               00000001800386c4 f   kernel32:KERNEL32.dll
 0001:000376ca       SetFilePointer             00000001800386ca f   kernel32:KERNEL32.dll
 0001:000376d0       GetFileInformationByHandle 00000001800386d0 f   kernel32:KERNEL32.dll
 0001:000376d6       ReadProcessMemory          00000001800386d6 f   kernel32:KERNEL32.dll
 0001:000376dc       FreeLibrary                00000001800386dc f   kernel32:KERNEL32.dll
 0001:000376e2       ExpandEnvironmentStringsW  00000001800386e2 f   kernel32:KERNEL32.dll
 0001:000376e8       DebugBreak                 00000001800386e8 f   kernel32:KERNEL32.dll
 0001:000376ee       HeapCreate                 00000001800386ee f   kernel32:KERNEL32.dll
 0001:000376f4       HeapDestroy                00000001800386f4 f   kernel32:KERNEL32.dll
 0001:000376fa       HeapAlloc                  00000001800386fa f   kernel32:KERNEL32.dll
 0001:00037700       HeapReAlloc                0000000180038700 f   kernel32:KERNEL32.dll
 0001:00037706       HeapFree                   0000000180038706 f   kernel32:KERNEL32.dll
 0001:0003770c       HeapValidate               000000018003870c f   kernel32:KERNEL32.dll
 0001:00037712       OpenThread                 0000000180038712 f   kernel32:KERNEL32.dll
 0001:00037718       InitializeCriticalSection  0000000180038718 f   kernel32:KERNEL32.dll
 0001:0003771e       DeleteCriticalSection      000000018003871e f   kernel32:KERNEL32.dll
 0001:00037724       EnterCriticalSection       0000000180038724 f   kernel32:KERNEL32.dll
 0001:0003772a       LeaveCriticalSection       000000018003872a f   kernel32:KERNEL32.dll
 0001:00037730       TryEnterCriticalSection    0000000180038730 f   kernel32:KERNEL32.dll
 0001:00037736       LocalFree                  0000000180038736 f   kernel32:KERNEL32.dll
 0001:0003773c       LocalAlloc                 000000018003873c f   kernel32:KERNEL32.dll
[...]
 0003:000032c8       ?gpFarInfoMapping@@3PEAUCEFAR_INFO_MAPPING@@EA 00000001800562c8     ConEmuPluginBase.obj
 0003:000032d0       ?ghFarAliveEvent@@3PEAXEA  00000001800562d0     ConEmuPluginBase.obj
 0003:000032d8       ?gPanelRegLeft@@3UPanelViewRegInfo@@A 00000001800562d8     ConEmuPluginBase.obj
 0003:00003308       ?gPanelRegRight@@3UPanelViewRegInfo@@A 0000000180056308     ConEmuPluginBase.obj
 0003:00003338       ?ghConEmuCtrlPressed@@3PEAXEA 0000000180056338     ConEmuPluginBase.obj
 0003:00003340       ?ghConEmuShiftPressed@@3PEAXEA 0000000180056340     ConEmuPluginBase.obj
 0003:00003348       ?gbWaitConsoleWrite@@3HA   0000000180056348     ConEmuPluginBase.obj
 0003:0000334c       ?gnSynchroCount@@3HA       000000018005634c     ConEmuPluginBase.obj
 0003:00003350       ?ghConsoleInputEmpty@@3PEAXEA 0000000180056350     ConEmuPluginBase.obj
 0003:00003358       ?ghConsoleWrite@@3PEAXEA   0000000180056358     ConEmuPluginBase.obj
 0003:00003378       ?AssertMsgBox@@3P6AHPEB_WI0PEAUHWND__@@_N@ZEA 0000000180056378     MAssert.obj
 0003:00003380       ?ghHeap@@3PEAXEA           0000000180056380     Memory.obj
 0003:00003388       ?gNullDesc@@3PEAVMNullDesc@@EA 0000000180056388     MSecurity.obj
 0003:00003390       ?gbNeedBgActivate@@3HA     0000000180056390     PluginBackground.obj
 0003:00003394       ?gbBgPluginsAllowed@@3HA   0000000180056394     PluginBackground.obj
 0003:00003398       ?gpBgPlugin@@3PEAVCPluginBackground@@EA 0000000180056398     PluginBackground.obj
 0003:000033a0       ?gszPluginServerPipe@@3PA_WA 00000001800563a0     PluginSrv.obj
 0003:000035a8       ?gpPlugServer@@3PEAU?$PipeServer@UCESERVER_REQ@@@@EA 00000001800565a8     PluginSrv.obj
 0003:000035b0       ?ghServerTerminateEvent@@3PEAXEA 00000001800565b0     PluginSrv.obj
 0003:000035b8       ?gbForcedServerTermination@@3_NA 00000001800565b8     PluginSrv.obj
 0003:000035c0       ?gpConsoleInfoStr@@3PEAU_CONSOLE_INFO@@EA 00000001800565c0     WConsole.obj
 0003:000035c8       ?ghConsoleSection@@3PEAXEA 00000001800565c8     WConsole.obj
 0003:000035f0       ?gfnSearchAppPaths@@3P6A_NPEB_WAEAUCmdArg@@_NPEAU1@@ZEA 00000001800565f0     WObjects.obj
 0003:00003670       _aenvptr                   0000000180056670     LIBCMT:dllcrt0.obj
 0003:00003678       _wenvptr                   0000000180056678     LIBCMT:dllcrt0.obj
 0003:00003680       __error_mode               0000000180056680     LIBCMT:dllcrt0.obj
 0003:00003684       __app_type                 0000000180056684     LIBCMT:dllcrt0.obj
 0003:00003688       _umaskval                  0000000180056688     LIBCMT:crt0dat.obj
 0003:0000368c       _osplatform                000000018005668c     LIBCMT:crt0dat.obj
 0003:00003690       _osver                     0000000180056690     LIBCMT:crt0dat.obj
 0003:00003694       _winver                    0000000180056694     LIBCMT:crt0dat.obj
 0003:00003698       _winmajor                  0000000180056698     LIBCMT:crt0dat.obj
 0003:0000369c       _winminor                  000000018005669c     LIBCMT:crt0dat.obj
 0003:000036a0       __argc                     00000001800566a0     LIBCMT:crt0dat.obj
 0003:000036a4       _exitflag                  00000001800566a4     LIBCMT:crt0dat.obj
 0003:000036a8       __argv                     00000001800566a8     LIBCMT:crt0dat.obj
 0003:000036b0       __wargv                    00000001800566b0     LIBCMT:crt0dat.obj
 0003:000036b8       _environ                   00000001800566b8     LIBCMT:crt0dat.obj
 0003:000036c0       __initenv                  00000001800566c0     LIBCMT:crt0dat.obj
 0003:000036c8       _wenviron                  00000001800566c8     LIBCMT:crt0dat.obj
 0003:000036d0       __winitenv                 00000001800566d0     LIBCMT:crt0dat.obj
 0003:000036d8       _pgmptr                    00000001800566d8     LIBCMT:crt0dat.obj
 0003:000036e0       _wpgmptr                   00000001800566e0     LIBCMT:crt0dat.obj
 0003:000036e8       _C_Termination_Done        00000001800566e8     LIBCMT:crt0dat.obj
 0003:000036ec       _C_Exit_Done               00000001800566ec     LIBCMT:crt0dat.obj
 0003:000037f8       _crtheap                   00000001800567f8     LIBCMT:heapinit.obj
 0003:00003d50       ?__pInconsistency@@3P6AXXZEA 0000000180056d50     LIBCMT:hooks.obj
 0003:00003d88       ?_pnhHeap@@3P6AH_K@ZEA     0000000180056d88     LIBCMT:handler.obj
 0003:00003d90       __locale_changed           0000000180056d90     LIBCMT:setlocal.obj
 0003:00003d98       __lc_handle                0000000180056d98     LIBCMT:nlsdata2.obj
 0003:00003db0       __lc_codepage              0000000180056db0     LIBCMT:nlsdata2.obj
 0003:00003db4       __lc_collate_cp            0000000180056db4     LIBCMT:nlsdata2.obj
 0003:00003dc0       __mbulinfo                 0000000180056dc0     LIBCMT:mbctype.obj
 0003:00003dcc       __mbcodepage               0000000180056dcc     LIBCMT:mbctype.obj
 0003:00003dd0       __ismbcodepage             0000000180056dd0     LIBCMT:mbctype.obj
 0003:00003dd4       __mblcid                   0000000180056dd4     LIBCMT:mbctype.obj
 0003:00003dd8       _maxwait                   0000000180056dd8     LIBCMT:crtheap.obj
 0003:00003ddc       _newmode                   0000000180056ddc     LIBCMT:_newmode.obj
 0003:00004378       __lconv_static_null        0000000180057378     LIBCMT:lconv.obj
 0003:0000437c       __lconv_static_W_null      000000018005737c     LIBCMT:lconv.obj
 0003:0000443c       __setlc_active             000000018005743c     <common>
 0003:00004440       __unguarded_readlc_active  0000000180057440     <common>
 0003:00004448       _pDestructExceptionObject  0000000180057448     <common>
 0003:00004450       _nhandle                   0000000180057450     <common>
 0003:00004460       __pioinfo                  0000000180057460     <common>
 0003:00004660       __env_initialized          0000000180057660     <common>
 0003:00004668       __onexitend                0000000180057668     <common>
 0003:00004670       __onexitbegin              0000000180057670     <common>
 0003:00004678       __mbctype_initialized      0000000180057678     <common>
 0003:00004680       _FPinit                    0000000180057680     <common>
 0003:00004688       __initenv_end              0000000180057688     <common>
 0003:00004690       __winitenv_end             0000000180057690     <common>
 0003:00004698       __dyn_tls_init_callback    0000000180057698     <common>
 0003:000046a0       _acmdln                    00000001800576a0     <common>
 0003:000046a8       _pRawDllMain               00000001800576a8     <common>

 entry point at        0001:00037d98

 Static symbols

 0001:00000560       ?StringValidateDestW@@YAJPEB_W_K_K@Z 0000000180001560 f   CmdArg.obj
 0001:000005a0       ?StringCopyWorkerW@@YAJPEA_W_KPEA_KPEB_W1@Z 00000001800015a0 f   CmdArg.obj
 0001:00004870       ?StringValidateDestW@@YAJPEB_W_K_K@Z 0000000180005870 f   ConEmuCheck.obj
 0001:000048b0       ?StringCopyWorkerW@@YAJPEA_W_KPEA_KPEB_W1@Z 00000001800058b0 f   ConEmuCheck.obj
 0001:000068a0       ?StringValidateDestW@@YAJPEB_W_K_K@Z 00000001800078a0 f   ConEmuCheckEx.obj
 0001:000068e0       ?StringCopyWorkerW@@YAJPEA_W_KPEA_KPEB_W1@Z 00000001800078e0 f   ConEmuCheckEx.obj
 0001:00006af0       ?StringValidateDestAndLengthW@@YAJPEB_W_KPEA_K_K@Z 0000000180007af0 f   ConEmuCheckEx.obj
 0001:00006b60       ?StringLengthWorkerW@@YAJPEB_W_KPEA_K@Z 0000000180007b60 f   ConEmuCheckEx.obj
 0001:000073c0       ?StringValidateDestW@@YAJPEB_W_K_K@Z 00000001800083c0 f   ConEmuInjects.obj
 0001:00007400       ?StringCopyWorkerW@@YAJPEA_W_KPEA_KPEB_W1@Z 0000000180008400 f   ConEmuInjects.obj
 0001:00008190       ?ChangeExports@@YA_NPEBUExportFunc@@PEAUHINSTANCE__@@@Z 0000000180009190 f   ConEmuPlugin.obj
 0001:0000bf00       ?GetFarSetting@@YAHPEAX_KPEB_W@Z 000000018000cf00 f   ConEmuPlugin1900.obj
 0001:0000c270       ?CallGuiMacroProc@@YAXXZ   000000018000d270 f   ConEmuPlugin1900.obj
 0001:0000c6c0       ?CallGuiMacroDlg@@YA_JPEAXHH0@Z 000000018000d6c0 f   ConEmuPlugin1900.obj
 0001:0000cdc0       ?MAKEFARVERSION@@YA?AUVersionInfo@@KKKKW4VERSION_STAGE@@@Z 000000018000ddc0 f   ConEmuPlugin2800.obj
 0001:0000eb00       ?WExists@@YA_JAEBUWindowInfo@@AEBV?$MArray@UWindowInfo@@@@@Z 000000018000fb00 f   ConEmuPlugin2800.obj
 0001:00010050       ?GetFarSetting@@YAHPEAX_KPEB_W@Z 0000000180011050 f   ConEmuPlugin2800.obj
 0001:000103e0       ?CallGuiMacroProc@@YAXXZ   00000001800113e0 f   ConEmuPlugin2800.obj
 0001:00010820       ?CallGuiMacroDlg@@YA_JPEAX_J10@Z 0000000180011820 f   ConEmuPlugin2800.obj
 0001:00010e40       ?FreeMacroResult@@YAXPEAXPEAUFarMacroValue@@_K@Z 0000000180011e40 f   ConEmuPlugin2800.obj
 0001:00013ab0       ?CallGuiMacroProc@@YAXXZ   0000000180014ab0 f   ConEmuPlugin995.obj
 0001:00013eb0       ?CallGuiMacroDlg@@YA_JPEAXHH_J@Z 0000000180014eb0 f   ConEmuPlugin995.obj
 0001:00016490       ?CallGuiMacroProc@@YAXXZ   0000000180017490 f   ConEmuPluginA.obj
 0001:000168b0       ?CallGuiMacroDlg@@YA_JPEAXHH_J@Z 00000001800178b0 f   ConEmuPluginA.obj
 0001:000175a0       ?LoadFarVersion@@YA_NAEAUFarVersion@@AEAY0CAA@_W@Z 00000001800185a0 f   ConEmuPluginBase.obj
 0001:00017640       ?SetDefaultFarVersion@@YAXAEAUFarVersion@@@Z 0000000180018640 f   ConEmuPluginBase.obj
 0001:00017690       ?LoadFarVersion@@YA_NPEB_WAEAUFarVersion@@AEAY0CAA@_W@Z 0000000180018690 f   ConEmuPluginBase.obj
 0001:00021e90       ?StringValidateDestW@@YAJPEB_W_K_K@Z 0000000180022e90 f   ConEmuPluginBase.obj
 0001:00021ed0       ?StringValidateDestAndLengthW@@YAJPEB_W_KPEA_K_K@Z 0000000180022ed0 f   ConEmuPluginBase.obj
 0001:00021f40       ?StringLengthWorkerW@@YAJPEB_W_KPEA_K@Z 0000000180022f40 f   ConEmuPluginBase.obj
 0001:00021fe0       ?StringCopyWorkerW@@YAJPEA_W_KPEA_KPEB_W1@Z 0000000180022fe0 f   ConEmuPluginBase.obj
 0001:00024320       ?StringValidateDestW@@YAJPEB_W_K_K@Z 0000000180025320 f   Execute.obj
 0001:00024360       ?StringCopyWorkerW@@YAJPEA_W_KPEA_KPEB_W1@Z 0000000180025360 f   Execute.obj
 0001:00024790       ?StringValidateDestA@@YAJPEBD_K_K@Z 0000000180025790 f   Memory.obj
 0001:000247d0       ?StringCopyWorkerA@@YAJPEAD_KPEA_KPEBD1@Z 00000001800257d0 f   Memory.obj
 0001:00024950       ?StringValidateDestW@@YAJPEB_W_K_K@Z 0000000180025950 f   Memory.obj
 0001:00024990       ?StringCopyWorkerW@@YAJPEA_W_KPEA_KPEB_W1@Z 0000000180025990 f   Memory.obj
 0001:0002b490       ?StringValidateDestW@@YAJPEB_W_K_K@Z 000000018002c490 f   PluginBackground.obj
 0001:0002b4d0       ?StringCopyWorkerW@@YAJPEA_W_KPEA_KPEB_W1@Z 000000018002c4d0 f   PluginBackground.obj
 0001:0002e9f0       ?StringValidateDestW@@YAJPEB_W_K_K@Z 000000018002f9f0 f   PluginSrv.obj
 0001:0002ea30       ?StringCopyWorkerW@@YAJPEA_W_KPEA_KPEB_W1@Z 000000018002fa30 f   PluginSrv.obj
 0001:00033190       ?StringValidateDestW@@YAJPEB_W_K_K@Z 0000000180034190 f   WObjects.obj
 0001:000331d0       ?StringCopyWorkerW@@YAJPEA_W_KPEA_KPEB_W1@Z 00000001800341d0 f   WObjects.obj
 0001:000338b0       ?CheckRegKeyExist@@YA_NPEAURegKeyExistArg@@@Z 00000001800348b0 f   WObjects.obj
 0001:00035050       ?StringValidateDestAndLengthW@@YAJPEB_W_KPEA_K_K@Z 0000000180036050 f   WObjects.obj
 0001:000350c0       ?StringLengthWorkerW@@YAJPEB_W_KPEA_K@Z 00000001800360c0 f   WObjects.obj
 0001:00036ea0       ?StringValidateDestW@@YAJPEB_W_K_K@Z 0000000180037ea0 f   WUser.obj
 0001:00036ee0       ?StringCopyWorkerW@@YAJPEA_W_KPEA_KPEB_W1@Z 0000000180037ee0 f   WUser.obj
 0001:00037310       ?strtoxl@@YAKPEB_WPEAPEA_WHH@Z 0000000180038310 f   libCRT64:strtol.obj
 0001:00037bc8       __DllMainCRTStartup        0000000180038bc8 f   LIBCMT:dllcrt0.obj
 0001:00037ddc       xcptlookup                 0000000180038ddc f   LIBCMT:winxfltr.obj
 0001:000380e0       _initterm                  00000001800390e0 f   LIBCMT:crt0dat.obj
 0001:000382b8       doexit                     00000001800392b8 f   LIBCMT:crt0dat.obj
 0001:00038ec0       parse_cmdline              0000000180039ec0 f   LIBCMT:stdargv.obj
 0001:00039f10       ctrlevent_capture          000000018003af10 f   LIBCMT:winsig.obj
 0001:00039fa8       siglookup                  000000018003afa8 f   LIBCMT:winsig.obj
 0001:0003aa0c       _copytlocinfo_nolock       000000018003ba0c f   LIBCMT:setlocal.obj
 0001:0003aa40       _updatetlocinfoEx_nolock   000000018003ba40 f   LIBCMT:setlocal.obj
 0001:0003ab90       sync_legacy_variables_lk   000000018003bb90 f   LIBCMT:setlocal.obj
 0001:0003af8c       _setlocale_get_all         000000018003bf8c f   LIBCMT:setlocal.obj
 0001:0003b3d8       _setlocale_set_cat         000000018003c3d8 f   LIBCMT:setlocal.obj
 0001:0003b6dc       _setlocale_nolock          000000018003c6dc f   LIBCMT:setlocal.obj
 0001:0003bca8       ?CPtoLCID@@YAHH@Z          000000018003cca8 f   LIBCMT:mbctype.obj
 0001:0003bcdc       ?setSBCS@@YAXPEAUthreadmbcinfostruct@@@Z 000000018003ccdc f   LIBCMT:mbctype.obj
 0001:0003bd70       ?setSBUpLow@@YAXPEAUthreadmbcinfostruct@@@Z 000000018003cd70 f   LIBCMT:mbctype.obj
 0001:0003c0e8       ?getSystemCP@@YAHH@Z       000000018003d0e8 f   LIBCMT:mbctype.obj
 0001:0003c8e4       ?x_ismbbtype_l@@YAHPEAUlocaleinfo_struct@@IHH@Z 000000018003d8e4 f   LIBCMT:ismbbyte.obj
 0001:0003d274       _get_lc_time               000000018003e274 f   LIBCMT:inittime.obj
 0001:0003e31c       fix_grouping               000000018003f31c f   LIBCMT:initnum.obj
 0001:0003e630       fix_grouping               000000018003f630 f   LIBCMT:initmon.obj
 0001:0003f8bc       ?_store_str@@YAXPEADPEAPEADPEA_K@Z 00000001800408bc f   LIBCMT:_strftime.obj
 0001:0003f8e0       ?_store_number@@YAXHPEAPEADPEA_K@Z 00000001800408e0 f   LIBCMT:_strftime.obj
 0001:0003f944       ?_store_num@@YAXHHPEAPEADPEA_KI@Z 0000000180040944 f   LIBCMT:_strftime.obj
 0001:0003fa20       ?_expandtime@@YAHPEAUlocaleinfo_struct@@DPEBUtm@@PEAPEADPEA_KPEAU__lc_time_data@@I@Z 0000000180040a20 f   LIBCMT:_strftime.obj
 0001:0004005c       ?_store_winword@@YAHPEAUlocaleinfo_struct@@HPEBUtm@@PEAPEADPEA_KPEAU__lc_time_data@@@Z 000000018004105c f   LIBCMT:_strftime.obj
 0001:000409fc       TranslateName              00000001800419fc f   LIBCMT:getqloc.obj
 0001:00040a94       GetLcidFromDefault         0000000180041a94 f   LIBCMT:getqloc.obj
 0001:00040ab8       ProcessCodePage            0000000180041ab8 f   LIBCMT:getqloc.obj
 0001:00040b54       TestDefaultCountry         0000000180041b54 f   LIBCMT:getqloc.obj
 0001:00040b7c       LcidFromHexString          0000000180041b7c f   LIBCMT:getqloc.obj
 0001:00040bb8       GetPrimaryLen              0000000180041bb8 f   LIBCMT:getqloc.obj
 0001:00040bd4       CountryEnumProc            0000000180041bd4 f   LIBCMT:getqloc.obj
 0001:00040cbc       TestDefaultLanguage        0000000180041cbc f   LIBCMT:getqloc.obj
 0001:00040d80       LangCountryEnumProc        0000000180041d80 f   LIBCMT:getqloc.obj
 0001:00041030       LanguageEnumProc           0000000180042030 f   LIBCMT:getqloc.obj
 0001:00041140       GetLcidFromCountry         0000000180042140 f   LIBCMT:getqloc.obj
 0001:00041190       GetLcidFromLangCountry     0000000180042190 f   LIBCMT:getqloc.obj
 0001:00041238       GetLcidFromLanguage        0000000180042238 f   LIBCMT:getqloc.obj
 0001:00041578       ?__crtGetStringTypeA_stat@@YAHPEAUlocaleinfo_struct@@KPEBDHPEAGHHH@Z 0000000180042578 f   LIBCMT:_a_str.obj
 0001:00041838       ?strncnt@@YAHPEBDH@Z       0000000180042838 f   LIBCMT:_a_map.obj
 0001:00041854       ?__crtLCMapStringA_stat@@YAHPEAUlocaleinfo_struct@@KKPEBDHPEADHHH@Z 0000000180042854 f   LIBCMT:_a_map.obj
 0001:00042268       _tzset_nolock              0000000180043268 f   LIBCMT:tzset.obj
 0001:00042714       cvtdate                    0000000180043714 f   LIBCMT:tzset.obj
 0001:000429cc       _isindst_nolock            00000001800439cc f   LIBCMT:tzset.obj
 0001:0004331c       xtoa_s                     000000018004431c f   LIBCMT:xtoas.obj
 0001:00043484       x64toa_s                   0000000180044484 f   LIBCMT:xtoas.obj
 0001:00043790       ?__crtGetLocaleInfoA_stat@@YAHPEAUlocaleinfo_struct@@KKPEADHH@Z 0000000180044790 f   LIBCMT:_a_loc.obj
 0001:00043a2c       _getenv_s_helper           0000000180044a2c f   LIBCMT:getenv.obj
 0001:00043b00       _dupenv_s_helper           0000000180044b00 f   LIBCMT:getenv.obj
 0001:00044184       ?strtoxlX@@YAKPEAUlocaleinfo_struct@@PEBDPEAPEBDHHH@Z 0000000180045184 f   LIBCMT:_strtol.obj
 0001:00044450       ?strtoxl@@YAKPEAUlocaleinfo_struct@@PEBDPEAPEBDHH@Z 0000000180045450 f   LIBCMT:_strtol.obj
 0001:0004452c       ?strtoxq@@YA_KPEAUlocaleinfo_struct@@PEBDPEAPEBDHH@Z 000000018004552c f   LIBCMT:_strtoq.obj
 0001:00044a68       ?__crtGetStringTypeW_stat@@YAHPEAUlocaleinfo_struct@@KPEBGHPEAGHH@Z 0000000180045a68 f   LIBCMT:_w_str.obj
 0001:00044c84       ?strncnt@@YAHPEBDH@Z       0000000180045c84 f   LIBCMT:_a_cmp.obj
 0001:00044ca0       ?__crtCompareStringA_stat@@YAHPEAUlocaleinfo_struct@@KKPEBDH1HH@Z 0000000180045ca0 f   LIBCMT:_a_cmp.obj
 0001:000451b0       findenv                    00000001800461b0 f   LIBCMT:setenv.obj
 0001:00045234       copy_environ               0000000180046234 f   LIBCMT:setenv.obj
 0001:000459ae       __DllMainCRTStartup$filt$0 00000001800469ae f   LIBCMT:dllcrt0.obj
 0001:00045a0e       __DllMainCRTStartup$filt$1 0000000180046a0e f   LIBCMT:dllcrt0.obj
 0001:00045a6e       __DllMainCRTStartup$filt$2 0000000180046a6e f   LIBCMT:dllcrt0.obj
 0001:00045ace       __DllMainCRTStartup$filt$3 0000000180046ace f   LIBCMT:dllcrt0.obj
 0001:00045b2e       __DllMainCRTStartup$filt$4 0000000180046b2e f   LIBCMT:dllcrt0.obj
 0001:00045b8e       __DllMainCRTStartup$filt$5 0000000180046b8e f   LIBCMT:dllcrt0.obj
 0001:00045bee       __DllMainCRTStartup$filt$6 0000000180046bee f   LIBCMT:dllcrt0.obj
 0001:00045c4e       __DllMainCRTStartup$filt$7 0000000180046c4e f   LIBCMT:dllcrt0.obj
 0001:00045caa       doexit$fin$0               0000000180046caa f   LIBCMT:crt0dat.obj
 0001:00045cc9       _initptd$fin$0             0000000180046cc9 f   LIBCMT:tidtable.obj
 0001:00045ce2       _freefls$fin$1             0000000180046ce2 f   LIBCMT:tidtable.obj
 0001:00045d02       _freefls$fin$0             0000000180046d02 f   LIBCMT:tidtable.obj
 0001:00045d1b       _mtinitlocknum$fin$0       0000000180046d1b f   LIBCMT:mlock.obj
 0001:00045d37       _IsNonwritableInCurrentImage$filt$0 0000000180046d37 f   LIBCMT:pesect.obj
 0001:00045d58       ctrlevent_capture$fin$0    0000000180046d58 f   LIBCMT:winsig.obj
 0001:00045d6e       signal$fin$0               0000000180046d6e f   LIBCMT:winsig.obj
 0001:00045d84       raise$fin$0                0000000180046d84 f   LIBCMT:winsig.obj
 0001:00045da0       __updatetlocinfo$fin$0     0000000180046da0 f   LIBCMT:setlocal.obj
 0001:00045db9       _free_locale$fin$0         0000000180046db9 f   LIBCMT:setlocal.obj
 0001:00045dd2       _get_current_locale$fin$0  0000000180046dd2 f   LIBCMT:setlocal.obj
 0001:00045deb       setlocale$fin$1            0000000180046deb f   LIBCMT:setlocal.obj
 0001:00045e0b       setlocale$fin$0            0000000180046e0b f   LIBCMT:setlocal.obj
 0001:00045e2b       setlocale$fin$2            0000000180046e2b f   LIBCMT:setlocal.obj
 0001:00045e45       __updatetmbcinfo$fin$0     0000000180046e45 f   LIBCMT:mbctype.obj
 0001:00045e5e       _setmbcp$fin$0             0000000180046e5e f   LIBCMT:mbctype.obj
 0001:00045e77       _tzset_nolock$fin$0        0000000180046e77 f   LIBCMT:tzset.obj
 0001:00045e90       __tzset$fin$0              0000000180046e90 f   LIBCMT:tzset.obj
 0001:00045ea9       _tzset$fin$0               0000000180046ea9 f   LIBCMT:tzset.obj
 0001:00045ec2       _isindst$fin$0             0000000180046ec2 f   LIBCMT:tzset.obj
 0001:00045edb       getenv$fin$0               0000000180046edb f   LIBCMT:getenv.obj
 0001:00045ef4       getenv_s$fin$0             0000000180046ef4 f   LIBCMT:getenv.obj
 0001:00045f0d       _dupenv_s$fin$0            0000000180046f0d f   LIBCMT:getenv.obj
